Archive member included to satisfy reference by file (symbol)

app/libapp.a(main.c.obj)      (--whole-archive)
app/libapp.a(psa_attestation.c.obj)
                              (--whole-archive)
app/libapp.a(psa_crypto.c.obj)
                              (--whole-archive)
app/libapp.a(shell.c.obj)     (--whole-archive)
app/libapp.a(util_app_cfg.c.obj)
                              (--whole-archive)
app/libapp.a(util_app_log.c.obj)
                              (--whole-archive)
app/libapp.a(util_sformat.c.obj)
                              (--whole-archive)
zephyr/libzephyr.a(heap.c.obj)
                              (--whole-archive)
zephyr/libzephyr.a(cbprintf_packaged.c.obj)
                              (--whole-archive)
zephyr/libzephyr.a(printk.c.obj)
                              (--whole-archive)
zephyr/libzephyr.a(sem.c.obj)
                              (--whole-archive)
zephyr/libzephyr.a(thread_entry.c.obj)
                              (--whole-archive)
zephyr/libzephyr.a(cbprintf_complete.c.obj)
                              (--whole-archive)
zephyr/libzephyr.a(assert.c.obj)
                              (--whole-archive)
zephyr/libzephyr.a(mpsc_pbuf.c.obj)
                              (--whole-archive)
zephyr/libzephyr.a(reboot.c.obj)
                              (--whole-archive)
zephyr/libzephyr.a(dec.c.obj)
                              (--whole-archive)
zephyr/libzephyr.a(hex.c.obj)
                              (--whole-archive)
zephyr/libzephyr.a(rb.c.obj)  (--whole-archive)
zephyr/libzephyr.a(timeutil.c.obj)
                              (--whole-archive)
zephyr/libzephyr.a(bitarray.c.obj)
                              (--whole-archive)
zephyr/libzephyr.a(json.c.obj)
                              (--whole-archive)
zephyr/libzephyr.a(configs.c.obj)
                              (--whole-archive)
zephyr/libzephyr.a(soc.c.obj)
                              (--whole-archive)
zephyr/libzephyr.a(log_core.c.obj)
                              (--whole-archive)
zephyr/libzephyr.a(log_mgmt.c.obj)
                              (--whole-archive)
zephyr/libzephyr.a(log_cache.c.obj)
                              (--whole-archive)
zephyr/libzephyr.a(log_msg.c.obj)
                              (--whole-archive)
zephyr/libzephyr.a(log_output.c.obj)
                              (--whole-archive)
zephyr/libzephyr.a(log_backend_uart.c.obj)
                              (--whole-archive)
zephyr/libzephyr.a(mem_attr.c.obj)
                              (--whole-archive)
zephyr/libzephyr.a(tracing_none.c.obj)
                              (--whole-archive)
zephyr/arch/common/libarch__common.a(sw_isr_common.c.obj)
                              (--whole-archive)
zephyr/arch/arch/arm/core/libarch__arm__core.a(fatal.c.obj)
                              (--whole-archive)
zephyr/arch/arch/arm/core/libarch__arm__core.a(nmi.c.obj)
                              (--whole-archive)
zephyr/arch/arch/arm/core/libarch__arm__core.a(nmi_on_reset.S.obj)
                              (--whole-archive)
zephyr/arch/arch/arm/core/libarch__arm__core.a(tls.c.obj)
                              (--whole-archive)
zephyr/arch/arch/arm/core/cortex_m/libarch__arm__core__cortex_m.a(exc_exit.c.obj)
                              (--whole-archive)
zephyr/arch/arch/arm/core/cortex_m/libarch__arm__core__cortex_m.a(fault.c.obj)
                              (--whole-archive)
zephyr/arch/arch/arm/core/cortex_m/libarch__arm__core__cortex_m.a(fault_s.S.obj)
                              (--whole-archive)
zephyr/arch/arch/arm/core/cortex_m/libarch__arm__core__cortex_m.a(fpu.c.obj)
                              (--whole-archive)
zephyr/arch/arch/arm/core/cortex_m/libarch__arm__core__cortex_m.a(reset.S.obj)
                              (--whole-archive)
zephyr/arch/arch/arm/core/cortex_m/libarch__arm__core__cortex_m.a(scb.c.obj)
                              (--whole-archive)
zephyr/arch/arch/arm/core/cortex_m/libarch__arm__core__cortex_m.a(thread_abort.c.obj)
                              (--whole-archive)
zephyr/arch/arch/arm/core/cortex_m/libarch__arm__core__cortex_m.a(vector_table.S.obj)
                              (--whole-archive)
zephyr/arch/arch/arm/core/cortex_m/libarch__arm__core__cortex_m.a(swap.c.obj)
                              (--whole-archive)
zephyr/arch/arch/arm/core/cortex_m/libarch__arm__core__cortex_m.a(swap_helper.S.obj)
                              (--whole-archive)
zephyr/arch/arch/arm/core/cortex_m/libarch__arm__core__cortex_m.a(irq_manage.c.obj)
                              (--whole-archive)
zephyr/arch/arch/arm/core/cortex_m/libarch__arm__core__cortex_m.a(prep_c.c.obj)
                              (--whole-archive)
zephyr/arch/arch/arm/core/cortex_m/libarch__arm__core__cortex_m.a(thread.c.obj)
                              (--whole-archive)
zephyr/arch/arch/arm/core/cortex_m/libarch__arm__core__cortex_m.a(cpu_idle.c.obj)
                              (--whole-archive)
[...]
Memory Configuration

Name             Origin             Length             Attributes
FLASH            0x0000000000100000 0x0000000000080000 xr
RAM              0x0000000028100000 0x0000000000080000 xw
SSRAM1           0x0000000000000000 0x0000000000400000
SSRAM2_3         0x0000000028000000 0x0000000000400000
IDT_LIST         0x00000000ffff7fff 0x0000000000008000 xw
*default*        0x0000000000000000 0xffffffffffffffff

Linker script and memory map

                0x000000000010645c                vfprintf = __l_vfprintf
                0x0000000000000000                vfscanf = __l_vfscanf
LOAD zephyr/CMakeFiles/zephyr_final.dir/misc/empty_file.c.obj
LOAD zephyr/CMakeFiles/zephyr_final.dir/isr_tables.c.obj
LOAD zephyr/CMakeFiles/offsets.dir/./arch/arm/core/offsets/offsets.c.obj
LOAD tfm/api_ns/interface/lib/s_veneers.o
LOAD app/libapp.a
LOAD zephyr/libzephyr.a
LOAD zephyr/arch/common/libarch__common.a
LOAD zephyr/arch/arch/arm/core/libarch__arm__core.a
LOAD zephyr/arch/arch/arm/core/cortex_m/libarch__arm__core__cortex_m.a
LOAD zephyr/arch/arch/arm/core/cortex_m/cmse/libarch__arm__core__cortex_m__cmse.a
LOAD zephyr/arch/arch/arm/core/mpu/libarch__arm__core__mpu.a
LOAD zephyr/lib/libc/picolibc/liblib__libc__picolibc.a
LOAD zephyr/lib/libc/common/liblib__libc__common.a
LOAD zephyr/boards/arm/mps2/libboards__arm__mps2.a
LOAD zephyr/drivers/console/libdrivers__console.a
LOAD zephyr/drivers/gpio/libdrivers__gpio.a
LOAD zephyr/drivers/serial/libdrivers__serial.a
LOAD zephyr/drivers/timer/libdrivers__timer.a
LOAD modules/mbedtls/libmbedTLSBase.a
LOAD modules/mbedtls/libmbedTLSCrypto.a
LOAD modules/mbedtls/libmbedTLSX509.a
LOAD modules/mbedtls/libmodules__mbedtls.a
LOAD modules/trusted-firmware-m/libtfm_api.a
LOAD zephyr/kernel/libkernel.a
LOAD /home/shared/zephyr-sdk-0.16.5-1/arm-zephyr-eabi/bin/../lib/gcc/arm-zephyr-eabi/12.2.0/thumb/v8-m.main/nofp/libgcc.a
LOAD zephyr/arch/common/libisr_tables.a
LOAD modules/mbedtls/libmbedTLSBase.a
LOAD modules/mbedtls/libmbedTLSCrypto.a
LOAD modules/trusted-firmware-m/libtfm_api.a
LOAD modules/mbedtls/libmbedTLSX509.a
LOAD /home/shared/zephyr-sdk-0.16.5-1/arm-zephyr-eabi/bin/../lib/gcc/../../picolibc/arm-zephyr-eabi/lib/thumb/v8-m.main/nofp/libc.a
LOAD /home/shared/zephyr-sdk-0.16.5-1/arm-zephyr-eabi/bin/../lib/gcc/arm-zephyr-eabi/12.2.0/thumb/v8-m.main/nofp/libgcc.a
                0x0000000000000020                _region_min_align = 0x20

.rel.plt        0x0000000000100000        0x0
 *(SORT_BY_ALIGNMENT(.rel.plt))
                [!provide]                        PROVIDE (__rel_iplt_start = .)
 *(SORT_BY_ALIGNMENT(.rel.iplt))
 .rel.iplt      0x0000000000100000        0x0 zephyr/CMakeFiles/zephyr_final.dir/isr_tables.c.obj
                [!provide]                        PROVIDE (__rel_iplt_end = .)

.rela.plt       0x0000000000000000        0x0
 *(SORT_BY_ALIGNMENT(.rela.plt))
                [!provide]                        PROVIDE (__rela_iplt_start = .)
 *(SORT_BY_ALIGNMENT(.rela.iplt))
                [!provide]                        PROVIDE (__rela_iplt_end = .)

.rel.dyn
 *(SORT_BY_ALIGNMENT(.rel.*))

.rela.dyn
 *(SORT_BY_ALIGNMENT(.rela.*))

/DISCARD/
 *(SORT_BY_ALIGNMENT(.plt))

/DISCARD/
 *(SORT_BY_ALIGNMENT(.iplt))
                0x0000000000100000                __rom_region_start = 0x100000

rom_start       0x0000000000100000      0x5c0
                0x0000000000100000                __rom_start_address = .
 FILL mask 0x00
                0x0000000000100400                . = (. + (0x400 - (. - __rom_start_address)))
 *fill*         0x0000000000100000      0x400 00
                0x0000000000100400                . = ALIGN (0x4)
                0x0000000000100400                . = ALIGN (0x80)
                0x0000000000100400                . = ALIGN (0x200)
                0x0000000000100400                _vector_start = .
 *(SORT_BY_ALIGNMENT(.exc_vector_table))
 *(SORT_BY_ALIGNMENT(.exc_vector_table.*))
 .exc_vector_table._vector_table_section
                0x0000000000100400       0x40 zephyr/arch/arch/arm/core/cortex_m/libarch__arm__core__cortex_m.a(vector_table.S.obj)
                0x0000000000100400                _vector_table
 *(SORT_BY_ALIGNMENT(.vectors))
                0x00000000001005c0                _vector_end = .
                0x0000000000100440                . = ALIGN (0x4)
 *(SORT_BY_ALIGNMENT(.gnu.linkonce.irq_vector_table*))
 .gnu.linkonce.irq_vector_table
                0x0000000000100440      0x180 zephyr/CMakeFiles/zephyr_final.dir/isr_tables.c.obj
                0x0000000000100440                _irq_vector_table
                0x00000000001005c0                _vector_end = .

text            0x00000000001005c0     0x8e20
                0x00000000001005c0                __text_region_start = .
 *(SORT_BY_ALIGNMENT(.text))
 .text          0x00000000001005c0       0x10 /home/shared/zephyr-sdk-0.16.5-1/arm-zephyr-eabi/bin/../lib/gcc/../../picolibc/arm-zephyr-eabi/lib/thumb/v8-m.main/nofp/libc.a(strlen.S.o)
                0x00000000001005c0                strlen
 *(SORT_BY_ALIGNMENT(.text.*))
 .text.cfg_create_data
                0x00000000001005d0       0x80 app/libapp.a(util_app_cfg.c.obj)
                0x00000000001005d0                cfg_create_data
 .text.cfg_load_data
                0x0000000000100650       0x58 app/libapp.a(util_app_cfg.c.obj)
                0x0000000000100650                cfg_load_data
 .text.main     0x00000000001006a8       0x44 app/libapp.a(main.c.obj)
                0x00000000001006a8                main
 .text.att_get_iat
                0x00000000001006ec       0xb0 app/libapp.a(psa_attestation.c.obj)
                0x00000000001006ec                att_get_iat
 .text.att_test
                0x000000000010079c       0x6c app/libapp.a(psa_attestation.c.obj)
                0x000000000010079c                att_test
 .text.crp_gen_key_secp256r1.constprop.0
                0x0000000000100808      0x140 app/libapp.a(psa_crypto.c.obj)
 .text.crp_generate_csr
                0x0000000000100948      0x2d4 app/libapp.a(psa_crypto.c.obj)
                0x0000000000100948                crp_generate_csr
 .text.crp_test
                0x0000000000100c1c      0x2f8 app/libapp.a(psa_crypto.c.obj)
                0x0000000000100c1c                crp_test
 .text.crp_test_rng
                0x0000000000100f14       0x68 app/libapp.a(psa_crypto.c.obj)
                0x0000000000100f14                crp_test_rng
 .text.al_psa_status
                0x0000000000100f7c      0x1cc app/libapp.a(util_app_log.c.obj)
                0x0000000000100f7c                al_psa_status
 .text.sf_hex_tabulate_16
                0x0000000000101148      0x154 app/libapp.a(util_sformat.c.obj)
                0x0000000000101148                sf_hex_tabulate_16
 .text.cbvprintf_package
                0x000000000010129c      0x3a4 zephyr/libzephyr.a(cbprintf_packaged.c.obj)
                0x000000000010129c                cbvprintf_package
 .text.cbprintf_package_convert
                0x0000000000101640      0x3cc zephyr/libzephyr.a(cbprintf_packaged.c.obj)
                0x0000000000101640                cbprintf_package_convert
 .text.__printk_hook_install
                0x0000000000101a0c        0xc zephyr/libzephyr.a(printk.c.obj)
                0x0000000000101a0c                __printk_hook_install
 .text.z_thread_entry
                0x0000000000101a18       0x34 zephyr/libzephyr.a(thread_entry.c.obj)
                0x0000000000101a18                z_thread_entry
 .text.str_encode
                0x0000000000101a4c       0x5c zephyr/libzephyr.a(json.c.obj)
 .text.json_obj_encode
                0x0000000000101aa8       0x90 zephyr/libzephyr.a(json.c.obj)
                0x0000000000101aa8                json_obj_encode
 .text.encode   0x0000000000101b38       0xf8 zephyr/libzephyr.a(json.c.obj)
 .text.arr_encode
                0x0000000000101c30       0x8c zephyr/libzephyr.a(json.c.obj)
 .text.json_obj_encode_buf
                0x0000000000101cbc       0x20 zephyr/libzephyr.a(json.c.obj)
                0x0000000000101cbc                json_obj_encode_buf
 .text.activate_foreach_backend
                0x0000000000101cdc       0x64 zephyr/libzephyr.a(log_core.c.obj)
 .text.enable_logger
                0x0000000000101d40       0x5c zephyr/libzephyr.a(log_core.c.obj)
 .text.log_process_thread_timer_expiry_fn
                0x0000000000101d9c        0xc zephyr/libzephyr.a(log_core.c.obj)
 .text.z_log_init
                0x0000000000101da8       0x8c zephyr/libzephyr.a(log_core.c.obj)
 .text.log_format_func_t_get
                0x0000000000101e34        0xc zephyr/libzephyr.a(log_core.c.obj)
                0x0000000000101e34                log_format_func_t_get
 .text.log_set_timestamp_func
                0x0000000000101e40       0x20 zephyr/libzephyr.a(log_core.c.obj)
                0x0000000000101e40                log_set_timestamp_func
 .text.z_log_notify_backend_enabled
                0x0000000000101e60       0x1c zephyr/libzephyr.a(log_core.c.obj)
                0x0000000000101e60                z_log_notify_backend_enabled
 .text.z_log_dropped
                0x0000000000101e7c       0x28 zephyr/libzephyr.a(log_core.c.obj)
                0x0000000000101e7c                z_log_dropped
 .text.z_log_dropped_read_and_clear
                0x0000000000101ea4       0x18 zephyr/libzephyr.a(log_core.c.obj)
                0x0000000000101ea4                z_log_dropped_read_and_clear
 .text.dropped_notify
                0x0000000000101ebc       0x30 zephyr/libzephyr.a(log_core.c.obj)
                0x0000000000101ebc                dropped_notify
 .text.z_log_msg_init
                0x0000000000101eec       0x20 zephyr/libzephyr.a(log_core.c.obj)
                0x0000000000101eec                z_log_msg_init
 .text.log_core_init
                0x0000000000101f0c       0x38 zephyr/libzephyr.a(log_core.c.obj)
                0x0000000000101f0c                log_core_init
 .text.z_log_msg_alloc
                0x0000000000101f44       0x10 zephyr/libzephyr.a(log_core.c.obj)
                0x0000000000101f44                z_log_msg_alloc
 .text.z_log_msg_local_claim
                0x0000000000101f54        0xc zephyr/libzephyr.a(log_core.c.obj)
                0x0000000000101f54                z_log_msg_local_claim
 .text.z_log_msg_free
                0x0000000000101f60       0x10 zephyr/libzephyr.a(log_core.c.obj)
                0x0000000000101f60                z_log_msg_free
 .text.z_log_msg_pending
                0x0000000000101f70        0xc zephyr/libzephyr.a(log_core.c.obj)
                0x0000000000101f70                z_log_msg_pending
 .text.z_impl_log_process
                0x0000000000101f7c       0xd4 zephyr/libzephyr.a(log_core.c.obj)
                0x0000000000101f7c                z_impl_log_process
 .text.z_impl_log_panic
                0x0000000000102050       0x44 zephyr/libzephyr.a(log_core.c.obj)
                0x0000000000102050                z_impl_log_panic
 .text.log_process_thread_func
                0x0000000000102094       0x90 zephyr/libzephyr.a(log_core.c.obj)
 .text.z_log_msg_post_finalize
                0x0000000000102124       0x60 zephyr/libzephyr.a(log_core.c.obj)
 .text.z_log_msg_commit
                0x0000000000102184       0x24 zephyr/libzephyr.a(log_core.c.obj)
                0x0000000000102184                z_log_msg_commit
 .text.log_source_name_get
                0x00000000001021a8       0x1c zephyr/libzephyr.a(log_mgmt.c.obj)
                0x00000000001021a8                log_source_name_get
 .text.z_log_runtime_filters_init
                0x00000000001021c4       0x3c zephyr/libzephyr.a(log_mgmt.c.obj)
                0x00000000001021c4                z_log_runtime_filters_init
 .text.filter_set
                0x0000000000102200       0xbc zephyr/libzephyr.a(log_mgmt.c.obj)
                0x0000000000102200                filter_set
 .text.backend_filter_set
                0x00000000001022bc       0x30 zephyr/libzephyr.a(log_mgmt.c.obj)
 .text.log_backend_enable
                0x00000000001022ec       0x34 zephyr/libzephyr.a(log_mgmt.c.obj)
                0x00000000001022ec                log_backend_enable
 .text.log_filter_get
                0x0000000000102320       0x4c zephyr/libzephyr.a(log_mgmt.c.obj)
                0x0000000000102320                log_filter_get
 .text.z_impl_z_log_msg_static_create
                0x000000000010236c      0x110 zephyr/libzephyr.a(log_msg.c.obj)
                0x000000000010236c                z_impl_z_log_msg_static_create
 .text.z_log_msg_runtime_vcreate
                0x000000000010247c       0x8c zephyr/libzephyr.a(log_msg.c.obj)
                0x000000000010247c                z_log_msg_runtime_vcreate
 .text.log_msg_get_source_id
                0x0000000000102508       0x18 zephyr/libzephyr.a(log_msg.c.obj)
                0x0000000000102508                log_msg_get_source_id
 .text.print_formatted
                0x0000000000102520       0x24 zephyr/libzephyr.a(log_output.c.obj)
 .text.newline_print
                0x0000000000102544       0x1c zephyr/libzephyr.a(log_output.c.obj)
 .text.log_output_process
                0x0000000000102560      0x2d4 zephyr/libzephyr.a(log_output.c.obj)
                0x0000000000102560                log_output_process
 .text.log_output_dropped_process
                0x0000000000102834       0x58 zephyr/libzephyr.a(log_output.c.obj)
                0x0000000000102834                log_output_dropped_process
 .text.log_output_timestamp_freq_set
                0x000000000010288c       0x2c zephyr/libzephyr.a(log_output.c.obj)
                0x000000000010288c                log_output_timestamp_freq_set
 .text.char_out
                0x00000000001028b8       0x24 zephyr/libzephyr.a(log_backend_uart.c.obj)
 .text.mem_attr_get_regions
                0x00000000001028dc        0xc zephyr/libzephyr.a(mem_attr.c.obj)
                0x00000000001028dc                mem_attr_get_regions
 .text.z_arm_fatal_error
                0x00000000001028e8       0xe0 zephyr/arch/arch/arm/core/libarch__arm__core.a(fatal.c.obj)
                0x00000000001028e8                z_arm_fatal_error
 .text.z_arm_nmi
                0x00000000001029c8       0x14 zephyr/arch/arch/arm/core/libarch__arm__core.a(nmi.c.obj)
                0x00000000001029c8                z_arm_nmi
 .text.z_SysNmiOnReset
                0x00000000001029dc        0x8 zephyr/arch/arch/arm/core/libarch__arm__core.a(nmi_on_reset.S.obj)
                0x00000000001029dc                z_SysNmiOnReset
 .text.arch_tls_stack_setup
                0x00000000001029e4       0x40 zephyr/arch/arch/arm/core/libarch__arm__core.a(tls.c.obj)
                0x00000000001029e4                arch_tls_stack_setup
 .text._HandlerModeExit
                0x0000000000102a24       0x28 zephyr/arch/arch/arm/core/cortex_m/libarch__arm__core__cortex_m.a(exc_exit.c.obj)
                0x0000000000102a24                z_arm_exc_exit
                0x0000000000102a24                z_arm_int_exit
 .text.mem_manage_fault.constprop.0
                0x0000000000102a4c       0xd8 zephyr/arch/arch/arm/core/cortex_m/libarch__arm__core__cortex_m.a(fault.c.obj)
 .text.usage_fault.constprop.0
                0x0000000000102b24       0xf8 zephyr/arch/arch/arm/core/cortex_m/libarch__arm__core__cortex_m.a(fault.c.obj)
 .text.bus_fault.constprop.0
                0x0000000000102c1c       0xec zephyr/arch/arch/arm/core/cortex_m/libarch__arm__core__cortex_m.a(fault.c.obj)
 .text.z_arm_fault
                0x0000000000102d08      0x218 zephyr/arch/arch/arm/core/cortex_m/libarch__arm__core__cortex_m.a(fault.c.obj)
                0x0000000000102d08                z_arm_fault
 .text.z_arm_fault_init
                0x0000000000102f20       0x10 zephyr/arch/arch/arm/core/cortex_m/libarch__arm__core__cortex_m.a(fault.c.obj)
                0x0000000000102f20                z_arm_fault_init
 .text.__fault  0x0000000000102f30       0x14 zephyr/arch/arch/arm/core/cortex_m/libarch__arm__core__cortex_m.a(fault_s.S.obj)
                0x0000000000102f30                z_arm_bus_fault
                0x0000000000102f30                z_arm_usage_fault
                0x0000000000102f30                z_arm_mpu_fault
                0x0000000000102f30                z_arm_exc_spurious
                0x0000000000102f30                z_arm_debug_monitor
                0x0000000000102f30                z_arm_hard_fault
 .text._reset_section
                0x0000000000102f44       0x5c zephyr/arch/arch/arm/core/cortex_m/libarch__arm__core__cortex_m.a(reset.S.obj)
                0x0000000000102f44                z_arm_reset
                0x0000000000102f44                __start
 .text.z_arm_clear_arm_mpu_config
                0x0000000000102fa0       0x24 zephyr/arch/arch/arm/core/cortex_m/libarch__arm__core__cortex_m.a(scb.c.obj)
                0x0000000000102fa0                z_arm_clear_arm_mpu_config
 .text.z_arm_init_arch_hw_at_boot
                0x0000000000102fc4       0x4c zephyr/arch/arch/arm/core/cortex_m/libarch__arm__core__cortex_m.a(scb.c.obj)
                0x0000000000102fc4                z_arm_init_arch_hw_at_boot
 .text.z_impl_k_thread_abort
                0x0000000000103010       0x2c zephyr/arch/arch/arm/core/cortex_m/libarch__arm__core__cortex_m.a(thread_abort.c.obj)
                0x0000000000103010                z_impl_k_thread_abort
 .text.arch_swap
                0x000000000010303c       0x30 zephyr/arch/arch/arm/core/cortex_m/libarch__arm__core__cortex_m.a(swap.c.obj)
                0x000000000010303c                arch_swap
 .text.z_arm_pendsv_c
                0x000000000010306c       0x50 zephyr/arch/arch/arm/core/cortex_m/libarch__arm__core__cortex_m.a(swap.c.obj)
                0x000000000010306c                z_arm_pendsv_c
 .text.z_arm_pendsv
                0x00000000001030bc       0x38 zephyr/arch/arch/arm/core/cortex_m/libarch__arm__core__cortex_m.a(swap_helper.S.obj)
                0x00000000001030bc                z_arm_pendsv
 .text.z_arm_svc
                0x00000000001030f4       0x20 zephyr/arch/arch/arm/core/cortex_m/libarch__arm__core__cortex_m.a(swap_helper.S.obj)
                0x00000000001030f4                z_arm_svc
 .text.arch_irq_enable
                0x0000000000103114       0x1c zephyr/arch/arch/arm/core/cortex_m/libarch__arm__core__cortex_m.a(irq_manage.c.obj)
                0x0000000000103114                arch_irq_enable
 .text.z_arm_irq_priority_set
                0x0000000000103130       0x2c zephyr/arch/arch/arm/core/cortex_m/libarch__arm__core__cortex_m.a(irq_manage.c.obj)
                0x0000000000103130                z_arm_irq_priority_set
 .text.z_prep_c
                0x000000000010315c       0x2c zephyr/arch/arch/arm/core/cortex_m/libarch__arm__core__cortex_m.a(prep_c.c.obj)
                0x000000000010315c                z_prep_c
 .text.arch_new_thread
                0x0000000000103188       0x3c zephyr/arch/arch/arm/core/cortex_m/libarch__arm__core__cortex_m.a(thread.c.obj)
                0x0000000000103188                arch_new_thread
 .text.arch_switch_to_main_thread
                0x00000000001031c4       0x40 zephyr/arch/arch/arm/core/cortex_m/libarch__arm__core__cortex_m.a(thread.c.obj)
                0x00000000001031c4                arch_switch_to_main_thread
 .text.z_arm_cpu_idle_init
                0x0000000000103204        0xc zephyr/arch/arch/arm/core/cortex_m/libarch__arm__core__cortex_m.a(cpu_idle.c.obj)
                0x0000000000103204                z_arm_cpu_idle_init
 .text.z_arm_interrupt_init
                0x0000000000103210       0x18 zephyr/arch/arch/arm/core/cortex_m/libarch__arm__core__cortex_m.a(irq_init.c.obj)
                0x0000000000103210                z_arm_interrupt_init
 .text._isr_wrapper
                0x0000000000103228       0x24 zephyr/arch/arch/arm/core/cortex_m/libarch__arm__core__cortex_m.a(isr_wrapper.c.obj)
                0x0000000000103228                _isr_wrapper
 .text.z_arm_configure_static_mpu_regions
                0x000000000010324c       0x38 zephyr/arch/arch/arm/core/mpu/libarch__arm__core__mpu.a(arm_core_mpu.c.obj)
                0x000000000010324c                z_arm_configure_static_mpu_regions
 .text.region_init
                0x0000000000103284       0x34 zephyr/arch/arch/arm/core/mpu/libarch__arm__core__mpu.a(arm_mpu.c.obj)
 .text.region_allocate_and_init
                0x00000000001032b8       0x40 zephyr/arch/arch/arm/core/mpu/libarch__arm__core__mpu.a(arm_mpu.c.obj)
 .text.mpu_configure_regions_and_partition.constprop.0
                0x00000000001032f8      0x170 zephyr/arch/arch/arm/core/mpu/libarch__arm__core__mpu.a(arm_mpu.c.obj)
 .text.arm_core_mpu_enable
                0x0000000000103468       0x18 zephyr/arch/arch/arm/core/mpu/libarch__arm__core__mpu.a(arm_mpu.c.obj)
                0x0000000000103468                arm_core_mpu_enable
 .text.arm_core_mpu_disable
                0x0000000000103480       0x14 zephyr/arch/arch/arm/core/mpu/libarch__arm__core__mpu.a(arm_mpu.c.obj)
                0x0000000000103480                arm_core_mpu_disable
 .text.arm_core_mpu_configure_static_mpu_regions
                0x0000000000103494       0x14 zephyr/arch/arch/arm/core/mpu/libarch__arm__core__mpu.a(arm_mpu.c.obj)
                0x0000000000103494                arm_core_mpu_configure_static_mpu_regions
 .text.arm_core_mpu_mark_areas_for_dynamic_regions
                0x00000000001034a8       0xb8 zephyr/arch/arch/arm/core/mpu/libarch__arm__core__mpu.a(arm_mpu.c.obj)
                0x00000000001034a8                arm_core_mpu_mark_areas_for_dynamic_regions
 .text.z_arm_mpu_init
                0x0000000000103560      0x134 zephyr/arch/arch/arm/core/mpu/libarch__arm__core__mpu.a(arm_mpu.c.obj)
                0x0000000000103560                z_arm_mpu_init
 .text.z_impl_zephyr_fputc
                0x0000000000103694       0x10 zephyr/lib/libc/picolibc/liblib__libc__picolibc.a(libc-hooks.c.obj)
                0x0000000000103694                z_impl_zephyr_fputc
 .text.__stdout_hook_install
                0x00000000001036a4       0x18 zephyr/lib/libc/picolibc/liblib__libc__picolibc.a(libc-hooks.c.obj)
                0x00000000001036a4                __stdout_hook_install
 .text.cbvprintf
                0x00000000001036bc       0x38 zephyr/lib/libc/picolibc/liblib__libc__picolibc.a(libc-hooks.c.obj)
                0x00000000001036bc                cbvprintf
 .text._exit    0x00000000001036f4       0x10 zephyr/lib/libc/picolibc/liblib__libc__picolibc.a(libc-hooks.c.obj)
                0x00000000001036f4                _exit
 .text.malloc_prepare
                0x0000000000103704       0x24 zephyr/lib/libc/common/liblib__libc__common.a(malloc.c.obj)
 .text.malloc_lock
                0x0000000000103728       0x14 zephyr/lib/libc/common/liblib__libc__common.a(malloc.c.obj)
 .text.malloc_unlock
                0x000000000010373c        0xc zephyr/lib/libc/common/liblib__libc__common.a(malloc.c.obj)
 .text.malloc   0x0000000000103748       0x34 zephyr/lib/libc/common/liblib__libc__common.a(malloc.c.obj)
                0x0000000000103748                malloc
 .text.free     0x000000000010377c       0x1c zephyr/lib/libc/common/liblib__libc__common.a(malloc.c.obj)
                0x000000000010377c                free
 .text.calloc   0x0000000000103798       0x34 zephyr/lib/libc/common/liblib__libc__common.a(malloc.c.obj)
                0x0000000000103798                calloc
 .text.arm_mps2_pinmux_init
                0x00000000001037cc       0x24 zephyr/boards/arm/mps2/libboards__arm__mps2.a(pinmux.c.obj)
 .text.uart_console_init
                0x00000000001037f0       0x28 zephyr/drivers/console/libdrivers__console.a(uart_console.c.obj)
 .text.console_out
                0x0000000000103818       0x28 zephyr/drivers/console/libdrivers__console.a(uart_console.c.obj)
 .text.elapsed  0x0000000000103840       0x4c zephyr/drivers/timer/libdrivers__timer.a(cortex_m_systick.c.obj)
 .text.sys_clock_driver_init
                0x000000000010388c       0x38 zephyr/drivers/timer/libdrivers__timer.a(cortex_m_systick.c.obj)
 .text.sys_clock_isr
                0x00000000001038c4       0x44 zephyr/drivers/timer/libdrivers__timer.a(cortex_m_systick.c.obj)
                0x00000000001038c4                sys_clock_isr
 .text.sys_clock_set_timeout
                0x0000000000103908       0xe4 zephyr/drivers/timer/libdrivers__timer.a(cortex_m_systick.c.obj)
                0x0000000000103908                sys_clock_set_timeout
 .text.sys_clock_elapsed
                0x00000000001039ec       0x3c zephyr/drivers/timer/libdrivers__timer.a(cortex_m_systick.c.obj)
                0x00000000001039ec                sys_clock_elapsed
 .text.mbedtls_ct_uchar_in_range_if
                0x0000000000103a28       0x24 modules/mbedtls/libmbedTLSBase.a(base64.c.obj)
 .text.mbedtls_ecp_point_write_binary
                0x0000000000103a4c       0xb4 modules/mbedtls/libmbedTLSBase.a(ecp.c.obj)
                0x0000000000103a4c                mbedtls_ecp_point_write_binary
 .text.mbedtls_md_info_from_type
                0x0000000000103b00       0x1c modules/mbedtls/libmbedTLSBase.a(md.c.obj)
                0x0000000000103b00                mbedtls_md_info_from_type
 .text.verify_header
                0x0000000000103b1c       0x40 modules/mbedtls/libmbedTLSBase.a(memory_buffer_alloc.c.obj)
 .text.verify_chain
                0x0000000000103b5c       0x3c modules/mbedtls/libmbedTLSBase.a(memory_buffer_alloc.c.obj)
 .text.buffer_alloc_calloc
                0x0000000000103b98      0x114 modules/mbedtls/libmbedTLSBase.a(memory_buffer_alloc.c.obj)
 .text.buffer_alloc_free
                0x0000000000103cac      0x124 modules/mbedtls/libmbedTLSBase.a(memory_buffer_alloc.c.obj)
 .text.mbedtls_memory_buffer_alloc_init
                0x0000000000103dd0       0x68 modules/mbedtls/libmbedTLSBase.a(memory_buffer_alloc.c.obj)
                0x0000000000103dd0                mbedtls_memory_buffer_alloc_init
 .text.oid_parse_number
                0x0000000000103e38       0x48 modules/mbedtls/libmbedTLSBase.a(oid.c.obj)
 .text.mbedtls_oid_get_oid_by_sig_alg
                0x0000000000103e80       0x2c modules/mbedtls/libmbedTLSBase.a(oid.c.obj)
                0x0000000000103e80                mbedtls_oid_get_oid_by_sig_alg
 .text.mbedtls_oid_get_oid_by_pk_alg
                0x0000000000103eac       0x28 modules/mbedtls/libmbedTLSBase.a(oid.c.obj)
                0x0000000000103eac                mbedtls_oid_get_oid_by_pk_alg
 .text.mbedtls_oid_get_oid_by_ec_grp
                0x0000000000103ed4       0x28 modules/mbedtls/libmbedTLSBase.a(oid.c.obj)
                0x0000000000103ed4                mbedtls_oid_get_oid_by_ec_grp
 .text.mbedtls_platform_zeroize
                0x0000000000103efc       0x18 modules/mbedtls/libmbedTLSBase.a(platform_util.c.obj)
                0x0000000000103efc                mbedtls_platform_zeroize
 .text.mbedtls_calloc
                0x0000000000103f14        0xc modules/mbedtls/libmbedTLSBase.a(platform.c.obj)
                0x0000000000103f14                mbedtls_calloc
 .text.mbedtls_free
                0x0000000000103f20        0xc modules/mbedtls/libmbedTLSBase.a(platform.c.obj)
                0x0000000000103f20                mbedtls_free
 .text.mbedtls_platform_set_calloc_free
                0x0000000000103f2c       0x14 modules/mbedtls/libmbedTLSBase.a(platform.c.obj)
                0x0000000000103f2c                mbedtls_platform_set_calloc_free
 .text.psa_pk_status_to_mbedtls
                0x0000000000103f40       0x68 modules/mbedtls/libmbedTLSBase.a(psa_util.c.obj)
                0x0000000000103f40                psa_pk_status_to_mbedtls
 .text.mbedtls_rsa_export
                0x0000000000103fa8       0xdc modules/mbedtls/libmbedTLSBase.a(rsa.c.obj)
                0x0000000000103fa8                mbedtls_rsa_export
 .text._mbedtls_init
                0x0000000000104084       0x14 modules/mbedtls/libmbedTLSBase.a(zephyr_init.c.obj)
 .text.mbedtls_pem_write_buffer
                0x0000000000104098      0x10c modules/mbedtls/libmbedTLSCrypto.a(pem.c.obj)
                0x0000000000104098                mbedtls_pem_write_buffer
 .text.pk_write_ec_pubkey
                0x00000000001041a4       0x98 modules/mbedtls/libmbedTLSCrypto.a(pkwrite.c.obj)
 .text.mbedtls_pk_write_pubkey
                0x000000000010423c       0xa4 modules/mbedtls/libmbedTLSCrypto.a(pkwrite.c.obj)
                0x000000000010423c                mbedtls_pk_write_pubkey
 .text.mbedtls_pk_setup_opaque
                0x00000000001042e0       0x6c modules/mbedtls/libmbedTLSCrypto.a(pk.c.obj)
                0x00000000001042e0                mbedtls_pk_setup_opaque
 .text.mbedtls_pk_sign_restartable
                0x000000000010434c       0x80 modules/mbedtls/libmbedTLSCrypto.a(pk.c.obj)
                0x000000000010434c                mbedtls_pk_sign_restartable
 .text.rsa_opaque_decrypt
                0x00000000001043cc       0x8c modules/mbedtls/libmbedTLSCrypto.a(pk_wrap.c.obj)
 .text.rsa_opaque_sign_wrap
                0x0000000000104458       0x8c modules/mbedtls/libmbedTLSCrypto.a(pk_wrap.c.obj)
 .text.ecdsa_sign_psa
                0x00000000001044e4       0x98 modules/mbedtls/libmbedTLSCrypto.a(pk_wrap.c.obj)
 .text.ecdsa_verify_psa
                0x000000000010457c       0xdc modules/mbedtls/libmbedTLSCrypto.a(pk_wrap.c.obj)
 .text.ecdsa_opaque_verify_wrap
                0x0000000000104658       0x7c modules/mbedtls/libmbedTLSCrypto.a(pk_wrap.c.obj)
 .text.ecdsa_opaque_check_pair_wrap
                0x00000000001046d4       0x94 modules/mbedtls/libmbedTLSCrypto.a(pk_wrap.c.obj)
 .text.mbedtls_x509_string_to_names
                0x0000000000104768      0x264 modules/mbedtls/libmbedTLSX509.a(x509_create.c.obj)
                0x0000000000104768                mbedtls_x509_string_to_names
 .text.mbedtls_x509write_csr_der
                0x00000000001049cc      0x270 modules/mbedtls/libmbedTLSX509.a(x509write_csr.c.obj)
                0x00000000001049cc                mbedtls_x509write_csr_der
 .text.mbedtls_x509write_csr_pem
                0x0000000000104c3c       0x3c modules/mbedtls/libmbedTLSX509.a(x509write_csr.c.obj)
                0x0000000000104c3c                mbedtls_x509write_csr_pem
 .text.tfm_ns_interface_dispatch
                0x0000000000104c78       0x68 modules/trusted-firmware-m/libtfm_api.a(interface.c.obj)
                0x0000000000104c78                tfm_ns_interface_dispatch
 .text.psa_ps_set
                0x0000000000104ce0       0x3c modules/trusted-firmware-m/libtfm_api.a(tfm_ps_api.c.obj)
                0x0000000000104ce0                psa_ps_set
 .text.psa_ps_get_info
                0x0000000000104d1c       0x34 modules/trusted-firmware-m/libtfm_api.a(tfm_ps_api.c.obj)
                0x0000000000104d1c                psa_ps_get_info
 .text.psa_open_key
                0x0000000000104d50       0x44 modules/trusted-firmware-m/libtfm_api.a(tfm_crypto_api.c.obj)
                0x0000000000104d50                psa_open_key
 .text.psa_close_key
                0x0000000000104d94       0x3c modules/trusted-firmware-m/libtfm_api.a(tfm_crypto_api.c.obj)
                0x0000000000104d94                psa_close_key
 .text.psa_import_key
                0x0000000000104dd0       0x58 modules/trusted-firmware-m/libtfm_api.a(tfm_crypto_api.c.obj)
                0x0000000000104dd0                psa_import_key
 .text.psa_destroy_key
                0x0000000000104e28       0x3c modules/trusted-firmware-m/libtfm_api.a(tfm_crypto_api.c.obj)
                0x0000000000104e28                psa_destroy_key
 .text.psa_get_key_attributes
                0x0000000000104e64       0x40 modules/trusted-firmware-m/libtfm_api.a(tfm_crypto_api.c.obj)
                0x0000000000104e64                psa_get_key_attributes
 .text.psa_export_public_key
                0x0000000000104ea4       0x4c modules/trusted-firmware-m/libtfm_api.a(tfm_crypto_api.c.obj)
                0x0000000000104ea4                psa_export_public_key
 .text.psa_hash_setup
                0x0000000000104ef0       0x48 modules/trusted-firmware-m/libtfm_api.a(tfm_crypto_api.c.obj)
                0x0000000000104ef0                psa_hash_setup
 .text.psa_hash_update
                0x0000000000104f38       0x44 modules/trusted-firmware-m/libtfm_api.a(tfm_crypto_api.c.obj)
                0x0000000000104f38                psa_hash_update
 .text.psa_hash_finish
                0x0000000000104f7c       0x5c modules/trusted-firmware-m/libtfm_api.a(tfm_crypto_api.c.obj)
                0x0000000000104f7c                psa_hash_finish
 .text.psa_hash_abort
                0x0000000000104fd8       0x44 modules/trusted-firmware-m/libtfm_api.a(tfm_crypto_api.c.obj)
                0x0000000000104fd8                psa_hash_abort
 .text.psa_hash_compute
                0x000000000010501c       0x58 modules/trusted-firmware-m/libtfm_api.a(tfm_crypto_api.c.obj)
                0x000000000010501c                psa_hash_compute
 .text.psa_sign_hash
                0x0000000000105074       0x5c modules/trusted-firmware-m/libtfm_api.a(tfm_crypto_api.c.obj)
                0x0000000000105074                psa_sign_hash
 .text.psa_verify_hash
                0x00000000001050d0       0x50 modules/trusted-firmware-m/libtfm_api.a(tfm_crypto_api.c.obj)
                0x00000000001050d0                psa_verify_hash
 .text.psa_asymmetric_decrypt
                0x0000000000105120       0x80 modules/trusted-firmware-m/libtfm_api.a(tfm_crypto_api.c.obj)
                0x0000000000105120                psa_asymmetric_decrypt
 .text.psa_generate_random
                0x00000000001051a0       0x40 modules/trusted-firmware-m/libtfm_api.a(tfm_crypto_api.c.obj)
                0x00000000001051a0                psa_generate_random
 .text.psa_generate_key
                0x00000000001051e0       0x4c modules/trusted-firmware-m/libtfm_api.a(tfm_crypto_api.c.obj)
                0x00000000001051e0                psa_generate_key
 .text.psa_initial_attest_get_token
                0x000000000010522c       0x30 modules/trusted-firmware-m/libtfm_api.a(tfm_attest_api.c.obj)
                0x000000000010522c                psa_initial_attest_get_token
 .text.psa_call
                0x000000000010525c       0x34 modules/trusted-firmware-m/libtfm_api.a(tfm_tz_psa_ns_api.c.obj)
                0x000000000010525c                psa_call
 .text.k_sys_fatal_error_handler
                0x0000000000105290       0x28 zephyr/kernel/libkernel.a(fatal.c.obj)
                0x0000000000105290                k_sys_fatal_error_handler
 .text.z_fatal_error
                0x00000000001052b8      0x110 zephyr/kernel/libkernel.a(fatal.c.obj)
                0x00000000001052b8                z_fatal_error
 .text.z_sys_init_run_level
                0x00000000001053c8       0x2c zephyr/kernel/libkernel.a(init.c.obj)
 .text.bg_thread_main
                0x00000000001053f4       0xc0 zephyr/kernel/libkernel.a(init.c.obj)
 .text.z_bss_zero
                0x00000000001054b4       0x18 zephyr/kernel/libkernel.a(init.c.obj)
                0x00000000001054b4                z_bss_zero
 .text.z_init_cpu
                0x00000000001054cc       0x7c zephyr/kernel/libkernel.a(init.c.obj)
                0x00000000001054cc                z_init_cpu
 .text.z_cstart
                0x0000000000105548       0xd4 zephyr/kernel/libkernel.a(init.c.obj)
                0x0000000000105548                z_cstart
 .text.z_impl_k_mutex_lock
                0x000000000010561c       0xf0 zephyr/kernel/libkernel.a(mutex.c.obj)
                0x000000000010561c                z_impl_k_mutex_lock
 .text.z_impl_k_mutex_unlock
                0x000000000010570c       0x78 zephyr/kernel/libkernel.a(mutex.c.obj)
                0x000000000010570c                z_impl_k_mutex_unlock
 .text.z_impl_k_sem_give
                0x0000000000105784       0x48 zephyr/kernel/libkernel.a(sem.c.obj)
                0x0000000000105784                z_impl_k_sem_give
 .text.z_impl_k_sem_take
                0x00000000001057cc       0x4c zephyr/kernel/libkernel.a(sem.c.obj)
                0x00000000001057cc                z_impl_k_sem_take
 .text.z_setup_new_thread
                0x0000000000105818       0x7c zephyr/kernel/libkernel.a(thread.c.obj)
                0x0000000000105818                z_setup_new_thread
 .text.z_impl_k_thread_create
                0x0000000000105894       0x58 zephyr/kernel/libkernel.a(thread.c.obj)
                0x0000000000105894                z_impl_k_thread_create
 .text.update_cache
                0x00000000001058ec       0x3c zephyr/kernel/libkernel.a(sched.c.obj)
 .text.unready_thread
                0x0000000000105928       0x30 zephyr/kernel/libkernel.a(sched.c.obj)
 .text.ready_thread
                0x0000000000105958       0x68 zephyr/kernel/libkernel.a(sched.c.obj)
 .text.z_thread_halt
                0x00000000001059c0       0xdc zephyr/kernel/libkernel.a(sched.c.obj)
 .text.move_thread_to_end_of_prio_q
                0x0000000000105a9c       0x74 zephyr/kernel/libkernel.a(sched.c.obj)
                0x0000000000105a9c                move_thread_to_end_of_prio_q
 .text.z_pend_curr
                0x0000000000105b10       0x58 zephyr/kernel/libkernel.a(sched.c.obj)
                0x0000000000105b10                z_pend_curr
 .text.z_thread_prio_set
                0x0000000000105b68       0x88 zephyr/kernel/libkernel.a(sched.c.obj)
                0x0000000000105b68                z_thread_prio_set
 .text.z_reschedule
                0x0000000000105bf0       0x24 zephyr/kernel/libkernel.a(sched.c.obj)
                0x0000000000105bf0                z_reschedule
 .text.z_sched_start
                0x0000000000105c14       0x3c zephyr/kernel/libkernel.a(sched.c.obj)
                0x0000000000105c14                z_sched_start
 .text.z_reschedule_irqlock
                0x0000000000105c50       0x28 zephyr/kernel/libkernel.a(sched.c.obj)
                0x0000000000105c50                z_reschedule_irqlock
 .text.k_sched_lock
                0x0000000000105c78       0x28 zephyr/kernel/libkernel.a(sched.c.obj)
                0x0000000000105c78                k_sched_lock
 .text.k_sched_unlock
                0x0000000000105ca0       0x40 zephyr/kernel/libkernel.a(sched.c.obj)
                0x0000000000105ca0                k_sched_unlock
 .text.z_sched_init
                0x0000000000105ce0       0x10 zephyr/kernel/libkernel.a(sched.c.obj)
                0x0000000000105ce0                z_sched_init
 .text.z_impl_k_yield
                0x0000000000105cf0       0x7c zephyr/kernel/libkernel.a(sched.c.obj)
                0x0000000000105cf0                z_impl_k_yield
 .text.z_tick_sleep
                0x0000000000105d6c       0x88 zephyr/kernel/libkernel.a(sched.c.obj)
 .text.z_impl_k_sleep
                0x0000000000105df4       0x28 zephyr/kernel/libkernel.a(sched.c.obj)
                0x0000000000105df4                z_impl_k_sleep
 .text.z_impl_k_sched_current_thread_query
                0x0000000000105e1c        0xc zephyr/kernel/libkernel.a(sched.c.obj)
                0x0000000000105e1c                z_impl_k_sched_current_thread_query
 .text.slice_timeout
                0x0000000000105e28       0x20 zephyr/kernel/libkernel.a(timeslicing.c.obj)
 .text.thread_is_sliceable
                0x0000000000105e48       0x3c zephyr/kernel/libkernel.a(timeslicing.c.obj)
                0x0000000000105e48                thread_is_sliceable
 .text.z_reset_time_slice
                0x0000000000105e84       0x50 zephyr/kernel/libkernel.a(timeslicing.c.obj)
                0x0000000000105e84                z_reset_time_slice
 .text.z_time_slice
                0x0000000000105ed4       0x60 zephyr/kernel/libkernel.a(timeslicing.c.obj)
                0x0000000000105ed4                z_time_slice
 .text.z_data_copy
                0x0000000000105f34       0x34 zephyr/kernel/libkernel.a(xip.c.obj)
                0x0000000000105f34                z_data_copy
 .text.elapsed  0x0000000000105f68       0x14 zephyr/kernel/libkernel.a(timeout.c.obj)
 .text.remove_timeout
                0x0000000000105f7c       0x38 zephyr/kernel/libkernel.a(timeout.c.obj)
 .text.next_timeout
                0x0000000000105fb4       0x40 zephyr/kernel/libkernel.a(timeout.c.obj)
 .text.z_add_timeout
                0x0000000000105ff4       0xf4 zephyr/kernel/libkernel.a(timeout.c.obj)
                0x0000000000105ff4                z_add_timeout
 .text.sys_clock_announce
                0x00000000001060e8       0xd0 zephyr/kernel/libkernel.a(timeout.c.obj)
                0x00000000001060e8                sys_clock_announce
 .text.sys_clock_tick_get
                0x00000000001061b8       0x30 zephyr/kernel/libkernel.a(timeout.c.obj)
                0x00000000001061b8                sys_clock_tick_get
 .text.z_timer_expiration_handler
                0x00000000001061e8       0xe0 zephyr/kernel/libkernel.a(timer.c.obj)
                0x00000000001061e8                z_timer_expiration_handler
 .text.z_impl_k_timer_start
                0x00000000001062c8       0x74 zephyr/kernel/libkernel.a(timer.c.obj)
                0x00000000001062c8                z_impl_k_timer_start
 .text.k_thread_system_pool_assign
                0x000000000010633c        0xc zephyr/kernel/libkernel.a(mempool.c.obj)
                0x000000000010633c                k_thread_system_pool_assign
 .text.boot_banner
                0x0000000000106348        0xc zephyr/kernel/libkernel.a(banner.c.obj)
                0x0000000000106348                boot_banner
 .text.statics_init
                0x0000000000106354       0x24 zephyr/kernel/libkernel.a(kheap.c.obj)
 .text.exit     0x0000000000106378       0x1c /home/shared/zephyr-sdk-0.16.5-1/arm-zephyr-eabi/bin/../lib/gcc/../../picolibc/arm-zephyr-eabi/lib/thumb/v8-m.main/nofp/libc.a(libc_stdlib_pico-exit.c.o)
                0x0000000000106378                exit
 .text.printf   0x0000000000106394       0x24 /home/shared/zephyr-sdk-0.16.5-1/arm-zephyr-eabi/bin/../lib/gcc/../../picolibc/arm-zephyr-eabi/lib/thumb/v8-m.main/nofp/libc.a(libc_tinystdio_printf.c.o)
                0x0000000000106394                printf
 .text.putchar  0x00000000001063b8        0xc /home/shared/zephyr-sdk-0.16.5-1/arm-zephyr-eabi/bin/../lib/gcc/../../picolibc/arm-zephyr-eabi/lib/thumb/v8-m.main/nofp/libc.a(libc_tinystdio_putchar.c.o)
                0x00000000001063b8                putchar
 .text.puts     0x00000000001063c4       0x40 /home/shared/zephyr-sdk-0.16.5-1/arm-zephyr-eabi/bin/../lib/gcc/../../picolibc/arm-zephyr-eabi/lib/thumb/v8-m.main/nofp/libc.a(libc_tinystdio_puts.c.o)
                0x00000000001063c4                puts
 .text.snprintf
                0x0000000000106404       0x58 /home/shared/zephyr-sdk-0.16.5-1/arm-zephyr-eabi/bin/../lib/gcc/../../picolibc/arm-zephyr-eabi/lib/thumb/v8-m.main/nofp/libc.a(libc_tinystdio_snprintf.c.o)
                0x0000000000106404                snprintf
 .text.__l_vfprintf
                0x000000000010645c      0x4b4 /home/shared/zephyr-sdk-0.16.5-1/arm-zephyr-eabi/bin/../lib/gcc/../../picolibc/arm-zephyr-eabi/lib/thumb/v8-m.main/nofp/libc.a(libc_tinystdio_vflprintf.c.o)
                0x000000000010645c                __l_vfprintf
 .text.__libc_fini_array
                0x0000000000106910       0x2c /home/shared/zephyr-sdk-0.16.5-1/arm-zephyr-eabi/bin/../lib/gcc/../../picolibc/arm-zephyr-eabi/lib/thumb/v8-m.main/nofp/libc.a(libc_misc_fini.c.o)
                0x0000000000106910                __libc_fini_array
 .text._OffsetAbsSyms
                0x000000000010693c        0x2 zephyr/CMakeFiles/offsets.dir/./arch/arm/core/offsets/offsets.c.obj
                0x000000000010693c                _OffsetAbsSyms
 .text.psa_rng_for_mbedtls
                0x000000000010693e        0x8 app/libapp.a(psa_crypto.c.obj)
 .text.z_log_msg_simple_create_1
                0x0000000000106946        0x4 app/libapp.a(psa_crypto.c.obj)
 .text.z_log_msg_simple_create_0
                0x000000000010694a        0x4 app/libapp.a(psa_crypto.c.obj)
 .text.z_log_msg_simple_create_0.constprop.0
                0x000000000010694e        0x8 app/libapp.a(util_app_log.c.obj)
 .text.al_dump_log
                0x0000000000106956        0xc app/libapp.a(util_app_log.c.obj)
                0x0000000000106956                al_dump_log
 .text.sf_hex_ascii.constprop.0
                0x0000000000106962       0x20 app/libapp.a(util_sformat.c.obj)
 .text.chunk_field
                0x0000000000106982       0x16 zephyr/libzephyr.a(heap.c.obj)
 .text.chunk_set
                0x0000000000106998       0x16 zephyr/libzephyr.a(heap.c.obj)
 .text.chunk_size
                0x00000000001069ae        0xc zephyr/libzephyr.a(heap.c.obj)
 .text.set_chunk_used
                0x00000000001069ba       0x30 zephyr/libzephyr.a(heap.c.obj)
 .text.set_chunk_size
                0x00000000001069ea        0x8 zephyr/libzephyr.a(heap.c.obj)
 .text.mem_to_chunkid
                0x00000000001069f2       0x14 zephyr/libzephyr.a(heap.c.obj)
 .text.bucket_idx.isra.0
                0x0000000000106a06       0x1c zephyr/libzephyr.a(heap.c.obj)
 .text.free_list_remove_bidx
                0x0000000000106a22       0x5c zephyr/libzephyr.a(heap.c.obj)
 .text.free_list_remove
                0x0000000000106a7e       0x2e zephyr/libzephyr.a(heap.c.obj)
 .text.alloc_chunk
                0x0000000000106aac       0x74 zephyr/libzephyr.a(heap.c.obj)
 .text.split_chunks
                0x0000000000106b20       0x4e zephyr/libzephyr.a(heap.c.obj)
 .text.merge_chunks
                0x0000000000106b6e       0x3c zephyr/libzephyr.a(heap.c.obj)
 .text.free_list_add
                0x0000000000106baa       0x84 zephyr/libzephyr.a(heap.c.obj)
 .text.free_chunk
                0x0000000000106c2e       0x84 zephyr/libzephyr.a(heap.c.obj)
 .text.sys_heap_free
                0x0000000000106cb2       0x24 zephyr/libzephyr.a(heap.c.obj)
                0x0000000000106cb2                sys_heap_free
 .text.sys_heap_alloc
                0x0000000000106cd6       0x6e zephyr/libzephyr.a(heap.c.obj)
                0x0000000000106cd6                sys_heap_alloc
 .text.sys_heap_aligned_alloc
                0x0000000000106d44       0xe8 zephyr/libzephyr.a(heap.c.obj)
                0x0000000000106d44                sys_heap_aligned_alloc
 .text.sys_heap_init
                0x0000000000106e2c       0xb0 zephyr/libzephyr.a(heap.c.obj)
                0x0000000000106e2c                sys_heap_init
 .text.cbpprintf_external
                0x0000000000106edc       0x62 zephyr/libzephyr.a(cbprintf_packaged.c.obj)
                0x0000000000106edc                cbpprintf_external
 .text.is_ptr   0x0000000000106f3e       0x4a zephyr/libzephyr.a(cbprintf_packaged.c.obj)
                0x0000000000106f3e                is_ptr
 .text.arch_printk_char_out
                0x0000000000106f88        0x4 zephyr/libzephyr.a(printk.c.obj)
                0x0000000000106f88                arch_printk_char_out
 .text.printk   0x0000000000106f8c       0x1a zephyr/libzephyr.a(printk.c.obj)
                0x0000000000106f8c                printk
 .text.free_space
                0x0000000000106fa6       0x26 zephyr/libzephyr.a(mpsc_pbuf.c.obj)
 .text.get_usage
                0x0000000000106fcc       0x22 zephyr/libzephyr.a(mpsc_pbuf.c.obj)
 .text.idx_inc  0x0000000000106fee       0x1c zephyr/libzephyr.a(mpsc_pbuf.c.obj)
 .text.rd_idx_inc
                0x000000000010700a       0x18 zephyr/libzephyr.a(mpsc_pbuf.c.obj)
 .text.add_skip_item
                0x0000000000107022       0x3e zephyr/libzephyr.a(mpsc_pbuf.c.obj)
 .text.drop_item_locked
                0x0000000000107060       0xee zephyr/libzephyr.a(mpsc_pbuf.c.obj)
 .text.post_drop_action
                0x000000000010714e       0x36 zephyr/libzephyr.a(mpsc_pbuf.c.obj)
 .text.max_utilization_update
                0x0000000000107184       0x1a zephyr/libzephyr.a(mpsc_pbuf.c.obj)
 .text.mpsc_pbuf_init
                0x000000000010719e       0x42 zephyr/libzephyr.a(mpsc_pbuf.c.obj)
                0x000000000010719e                mpsc_pbuf_init
 .text.mpsc_pbuf_alloc
                0x00000000001071e0       0xf8 zephyr/libzephyr.a(mpsc_pbuf.c.obj)
                0x00000000001071e0                mpsc_pbuf_alloc
 .text.mpsc_pbuf_commit
                0x00000000001072d8       0x3e zephyr/libzephyr.a(mpsc_pbuf.c.obj)
                0x00000000001072d8                mpsc_pbuf_commit
 .text.mpsc_pbuf_claim
                0x0000000000107316       0xa8 zephyr/libzephyr.a(mpsc_pbuf.c.obj)
                0x0000000000107316                mpsc_pbuf_claim
 .text.mpsc_pbuf_free
                0x00000000001073be       0x76 zephyr/libzephyr.a(mpsc_pbuf.c.obj)
                0x00000000001073be                mpsc_pbuf_free
 .text.mpsc_pbuf_is_pending
                0x0000000000107434       0x1a zephyr/libzephyr.a(mpsc_pbuf.c.obj)
                0x0000000000107434                mpsc_pbuf_is_pending
 .text.get_elem_size
                0x000000000010744e       0x92 zephyr/libzephyr.a(json.c.obj)
 .text.escape_as
                0x00000000001074e0       0x3c zephyr/libzephyr.a(json.c.obj)
 .text.append_bytes_to_buf
                0x000000000010751c       0x30 zephyr/libzephyr.a(json.c.obj)
 .text._ConfigAbsSyms
                0x000000000010754c        0x2 zephyr/libzephyr.a(configs.c.obj)
                0x000000000010754c                _ConfigAbsSyms
 .text.log_msg_generic_get_wlen
                0x000000000010754e       0x20 zephyr/libzephyr.a(log_core.c.obj)
 .text.dummy_timestamp
                0x000000000010756e        0x4 zephyr/libzephyr.a(log_core.c.obj)
 .text.atomic_inc
                0x0000000000107572       0x12 zephyr/libzephyr.a(log_core.c.obj)
 .text.default_lf_get_timestamp
                0x0000000000107584        0x8 zephyr/libzephyr.a(log_core.c.obj)
 .text.z_log_vprintk
                0x000000000010758c       0x1c zephyr/libzephyr.a(log_core.c.obj)
                0x000000000010758c                z_log_vprintk
 .text.log_init
                0x00000000001075a8        0x8 zephyr/libzephyr.a(log_core.c.obj)
                0x00000000001075a8                log_init
 .text.z_log_notify_drop
                0x00000000001075b0        0x6 zephyr/libzephyr.a(log_core.c.obj)
 .text.z_log_get_tag
                0x00000000001075b6        0x4 zephyr/libzephyr.a(log_core.c.obj)
                0x00000000001075b6                z_log_get_tag
 .text.z_impl_log_filter_set
                0x00000000001075ba       0x10 zephyr/libzephyr.a(log_mgmt.c.obj)
                0x00000000001075ba                z_impl_log_filter_set
 .text.z_cbprintf_cpy
                0x00000000001075ca       0x2c zephyr/libzephyr.a(log_msg.c.obj)
 .text.z_log_msg_finalize
                0x00000000001075f6       0x32 zephyr/libzephyr.a(log_msg.c.obj)
                0x00000000001075f6                z_log_msg_finalize
 .text.z_log_msg_simple_create
                0x0000000000107628       0x6e zephyr/libzephyr.a(log_msg.c.obj)
 .text.z_impl_z_log_msg_simple_create_0
                0x0000000000107696       0x12 zephyr/libzephyr.a(log_msg.c.obj)
                0x0000000000107696                z_impl_z_log_msg_simple_create_0
 .text.z_impl_z_log_msg_simple_create_1
                0x00000000001076a8       0x14 zephyr/libzephyr.a(log_msg.c.obj)
                0x00000000001076a8                z_impl_z_log_msg_simple_create_1
 .text.buffer_write
                0x00000000001076bc       0x1a zephyr/libzephyr.a(log_output.c.obj)
 .text.log_output_flush
                0x00000000001076d6       0x1a zephyr/libzephyr.a(log_output.c.obj)
                0x00000000001076d6                log_output_flush
 .text.out_func
                0x00000000001076f0       0x2e zephyr/libzephyr.a(log_output.c.obj)
 .text.cr_out_func
                0x000000000010771e       0x1c zephyr/libzephyr.a(log_output.c.obj)
 .text.log_output_msg_process
                0x000000000010773a       0x6a zephyr/libzephyr.a(log_output.c.obj)
                0x000000000010773a                log_output_msg_process
 .text.format_set
                0x00000000001077a4        0xc zephyr/libzephyr.a(log_backend_uart.c.obj)
 .text.log_backend_uart_init
                0x00000000001077b0        0xc zephyr/libzephyr.a(log_backend_uart.c.obj)
 .text.panic    0x00000000001077bc       0x10 zephyr/libzephyr.a(log_backend_uart.c.obj)
 .text.dropped  0x00000000001077cc        0xa zephyr/libzephyr.a(log_backend_uart.c.obj)
 .text.process  0x00000000001077d6       0x1e zephyr/libzephyr.a(log_backend_uart.c.obj)
 .text.z_do_kernel_oops
                0x00000000001077f4        0x8 zephyr/arch/arch/arm/core/libarch__arm__core.a(fatal.c.obj)
                0x00000000001077f4                z_do_kernel_oops
 .text.z_log_msg_simple_create_0.constprop.0
                0x00000000001077fc        0x8 zephyr/arch/arch/arm/core/cortex_m/libarch__arm__core__cortex_m.a(fault.c.obj)
 .text.z_arm_save_fp_context
                0x0000000000107804        0x2 zephyr/arch/arch/arm/core/cortex_m/libarch__arm__core__cortex_m.a(fpu.c.obj)
                0x0000000000107804                z_arm_save_fp_context
 .text.z_arm_restore_fp_context
                0x0000000000107806        0x2 zephyr/arch/arch/arm/core/cortex_m/libarch__arm__core__cortex_m.a(fpu.c.obj)
                0x0000000000107806                z_arm_restore_fp_context
 .text.z_irq_spurious
                0x0000000000107808        0x8 zephyr/arch/arch/arm/core/cortex_m/libarch__arm__core__cortex_m.a(irq_manage.c.obj)
                0x0000000000107808                z_irq_spurious
 .text.arch_irq_unlock_outlined
                0x0000000000107810        0xe zephyr/arch/arch/arm/core/cortex_m/libarch__arm__core__cortex_m.a(thread.c.obj)
                0x0000000000107810                arch_irq_unlock_outlined
 .text.arch_cpu_idle
                0x000000000010781e       0x1a zephyr/arch/arch/arm/core/cortex_m/libarch__arm__core__cortex_m.a(cpu_idle.c.obj)
                0x000000000010781e                arch_cpu_idle
 .text.arm_cmse_mpu_region_get
                0x0000000000107838       0x12 zephyr/arch/arch/arm/core/cortex_m/cmse/libarch__arm__core__cortex_m__cmse.a(arm_core_cmse.c.obj)
                0x0000000000107838                arm_cmse_mpu_region_get
 .text.mpu_configure_region
                0x000000000010784a       0x32 zephyr/arch/arch/arm/core/mpu/libarch__arm__core__mpu.a(arm_mpu.c.obj)
 .text.cbputc   0x000000000010787c        0xc zephyr/lib/libc/picolibc/liblib__libc__picolibc.a(libc-hooks.c.obj)
 .text.picolibc_put
                0x0000000000107888        0xa zephyr/lib/libc/picolibc/liblib__libc__picolibc.a(libc-hooks.c.obj)
 .text.gpio_cmsdk_ahb_port_get_raw
                0x0000000000107892        0xc zephyr/drivers/gpio/libdrivers__gpio.a(gpio_cmsdk_ahb.c.obj)
 .text.gpio_cmsdk_ahb_port_set_masked_raw
                0x000000000010789e       0x12 zephyr/drivers/gpio/libdrivers__gpio.a(gpio_cmsdk_ahb.c.obj)
 .text.gpio_cmsdk_ahb_port_set_bits_raw
                0x00000000001078b0        0xe zephyr/drivers/gpio/libdrivers__gpio.a(gpio_cmsdk_ahb.c.obj)
 .text.gpio_cmsdk_ahb_port_clear_bits_raw
                0x00000000001078be       0x10 zephyr/drivers/gpio/libdrivers__gpio.a(gpio_cmsdk_ahb.c.obj)
 .text.gpio_cmsdk_ahb_port_toggle_bits
                0x00000000001078ce        0xe zephyr/drivers/gpio/libdrivers__gpio.a(gpio_cmsdk_ahb.c.obj)
 .text.gpio_cmsdk_ahb_config
                0x00000000001078dc       0x44 zephyr/drivers/gpio/libdrivers__gpio.a(gpio_cmsdk_ahb.c.obj)
 .text.gpio_cmsdk_ahb_pin_interrupt_configure
                0x0000000000107920       0x4a zephyr/drivers/gpio/libdrivers__gpio.a(gpio_cmsdk_ahb.c.obj)
 .text.gpio_cmsdk_ahb_manage_callback
                0x000000000010796a       0x52 zephyr/drivers/gpio/libdrivers__gpio.a(gpio_cmsdk_ahb.c.obj)
 .text.gpio_cmsdk_ahb_init
                0x00000000001079bc        0xc zephyr/drivers/gpio/libdrivers__gpio.a(gpio_cmsdk_ahb.c.obj)
 .text.gpio_cmsdk_port_0_config_func
                0x00000000001079c8       0x16 zephyr/drivers/gpio/libdrivers__gpio.a(gpio_cmsdk_ahb.c.obj)
 .text.gpio_cmsdk_port_1_config_func
                0x00000000001079de       0x16 zephyr/drivers/gpio/libdrivers__gpio.a(gpio_cmsdk_ahb.c.obj)
 .text.gpio_cmsdk_port_2_config_func
                0x00000000001079f4       0x16 zephyr/drivers/gpio/libdrivers__gpio.a(gpio_cmsdk_ahb.c.obj)
 .text.gpio_cmsdk_port_3_config_func
                0x0000000000107a0a       0x16 zephyr/drivers/gpio/libdrivers__gpio.a(gpio_cmsdk_ahb.c.obj)
 .text.gpio_cmsdk_ahb_isr
                0x0000000000107a20       0x32 zephyr/drivers/gpio/libdrivers__gpio.a(gpio_cmsdk_ahb.c.obj)
 .text.gpio_mmio32_config
                0x0000000000107a52       0x66 zephyr/drivers/gpio/libdrivers__gpio.a(gpio_mmio32.c.obj)
 .text.gpio_mmio32_port_get_raw
                0x0000000000107ab8       0x12 zephyr/drivers/gpio/libdrivers__gpio.a(gpio_mmio32.c.obj)
 .text.gpio_mmio32_port_set_masked_raw
                0x0000000000107aca       0x30 zephyr/drivers/gpio/libdrivers__gpio.a(gpio_mmio32.c.obj)
 .text.gpio_mmio32_port_set_bits_raw
                0x0000000000107afa       0x2a zephyr/drivers/gpio/libdrivers__gpio.a(gpio_mmio32.c.obj)
 .text.gpio_mmio32_port_clear_bits_raw
                0x0000000000107b24       0x2c zephyr/drivers/gpio/libdrivers__gpio.a(gpio_mmio32.c.obj)
 .text.gpio_mmio32_port_toggle_bits
                0x0000000000107b50       0x2a zephyr/drivers/gpio/libdrivers__gpio.a(gpio_mmio32.c.obj)
 .text.gpio_mmio32_init
                0x0000000000107b7a        0xa zephyr/drivers/gpio/libdrivers__gpio.a(gpio_mmio32.c.obj)
                0x0000000000107b7a                gpio_mmio32_init
 .text.uart_cmsdk_apb_init
                0x0000000000107b84       0x24 zephyr/drivers/serial/libdrivers__serial.a(uart_cmsdk_apb.c.obj)
 .text.uart_cmsdk_apb_poll_in
                0x0000000000107ba8       0x16 zephyr/drivers/serial/libdrivers__serial.a(uart_cmsdk_apb.c.obj)
 .text.uart_cmsdk_apb_poll_out
                0x0000000000107bbe        0xe zephyr/drivers/serial/libdrivers__serial.a(uart_cmsdk_apb.c.obj)
 .text.uart_cmsdk_apb_fifo_fill
                0x0000000000107bcc       0x20 zephyr/drivers/serial/libdrivers__serial.a(uart_cmsdk_apb.c.obj)
 .text.uart_cmsdk_apb_fifo_read
                0x0000000000107bec       0x20 zephyr/drivers/serial/libdrivers__serial.a(uart_cmsdk_apb.c.obj)
 .text.uart_cmsdk_apb_irq_tx_disable
                0x0000000000107c0c       0x14 zephyr/drivers/serial/libdrivers__serial.a(uart_cmsdk_apb.c.obj)
 .text.uart_cmsdk_apb_irq_tx_ready
                0x0000000000107c20        0xe zephyr/drivers/serial/libdrivers__serial.a(uart_cmsdk_apb.c.obj)
 .text.uart_cmsdk_apb_irq_rx_enable
                0x0000000000107c2e        0xe zephyr/drivers/serial/libdrivers__serial.a(uart_cmsdk_apb.c.obj)
 .text.uart_cmsdk_apb_irq_rx_disable
                0x0000000000107c3c       0x14 zephyr/drivers/serial/libdrivers__serial.a(uart_cmsdk_apb.c.obj)
 .text.uart_cmsdk_apb_irq_tx_complete
                0x0000000000107c50        0x4 zephyr/drivers/serial/libdrivers__serial.a(uart_cmsdk_apb.c.obj)
 .text.uart_cmsdk_apb_irq_rx_ready
                0x0000000000107c54        0xc zephyr/drivers/serial/libdrivers__serial.a(uart_cmsdk_apb.c.obj)
 .text.uart_cmsdk_apb_irq_err_enable
                0x0000000000107c60        0x2 zephyr/drivers/serial/libdrivers__serial.a(uart_cmsdk_apb.c.obj)
 .text.uart_cmsdk_apb_irq_is_pending
                0x0000000000107c62        0xc zephyr/drivers/serial/libdrivers__serial.a(uart_cmsdk_apb.c.obj)
 .text.uart_cmsdk_apb_irq_update
                0x0000000000107c6e        0x4 zephyr/drivers/serial/libdrivers__serial.a(uart_cmsdk_apb.c.obj)
 .text.uart_cmsdk_apb_irq_callback_set
                0x0000000000107c72        0x8 zephyr/drivers/serial/libdrivers__serial.a(uart_cmsdk_apb.c.obj)
 .text.uart_cmsdk_apb_isr
                0x0000000000107c7a        0xc zephyr/drivers/serial/libdrivers__serial.a(uart_cmsdk_apb.c.obj)
 .text.uart_cmsdk_apb_irq_tx_enable
                0x0000000000107c86       0x2a zephyr/drivers/serial/libdrivers__serial.a(uart_cmsdk_apb.c.obj)
 .text.uart_cmsdk_apb_irq_config_func_0
                0x0000000000107cb0       0x26 zephyr/drivers/serial/libdrivers__serial.a(uart_cmsdk_apb.c.obj)
 .text.uart_cmsdk_apb_irq_config_func_1
                0x0000000000107cd6       0x26 zephyr/drivers/serial/libdrivers__serial.a(uart_cmsdk_apb.c.obj)
 .text.uart_cmsdk_apb_irq_config_func_2
                0x0000000000107cfc       0x26 zephyr/drivers/serial/libdrivers__serial.a(uart_cmsdk_apb.c.obj)
 .text.uart_cmsdk_apb_irq_config_func_3
                0x0000000000107d22       0x26 zephyr/drivers/serial/libdrivers__serial.a(uart_cmsdk_apb.c.obj)
 .text.uart_cmsdk_apb_irq_config_func_4
                0x0000000000107d48       0x26 zephyr/drivers/serial/libdrivers__serial.a(uart_cmsdk_apb.c.obj)
 .text.uart_cmsdk_apb_irq_err_disable
                0x0000000000107d6e        0x2 zephyr/drivers/serial/libdrivers__serial.a(uart_cmsdk_apb.c.obj)
 .text.mbedtls_asn1_get_len
                0x0000000000107d70       0x68 modules/mbedtls/libmbedTLSBase.a(asn1parse.c.obj)
                0x0000000000107d70                mbedtls_asn1_get_len
 .text.mbedtls_asn1_get_tag
                0x0000000000107dd8       0x28 modules/mbedtls/libmbedTLSBase.a(asn1parse.c.obj)
                0x0000000000107dd8                mbedtls_asn1_get_tag
 .text.mbedtls_asn1_free_named_data_list
                0x0000000000107e00       0x22 modules/mbedtls/libmbedTLSBase.a(asn1parse.c.obj)
                0x0000000000107e00                mbedtls_asn1_free_named_data_list
 .text.mbedtls_asn1_find_named_data
                0x0000000000107e22       0x26 modules/mbedtls/libmbedTLSBase.a(asn1parse.c.obj)
                0x0000000000107e22                mbedtls_asn1_find_named_data
 .text.mbedtls_asn1_write_len
                0x0000000000107e48       0x48 modules/mbedtls/libmbedTLSBase.a(asn1write.c.obj)
                0x0000000000107e48                mbedtls_asn1_write_len
 .text.mbedtls_asn1_write_tag
                0x0000000000107e90       0x1c modules/mbedtls/libmbedTLSBase.a(asn1write.c.obj)
                0x0000000000107e90                mbedtls_asn1_write_tag
 .text.mbedtls_asn1_write_len_and_tag
                0x0000000000107eac       0x2e modules/mbedtls/libmbedTLSBase.a(asn1write.c.obj)
 .text.asn1_write_tagged_int
                0x0000000000107eda       0x50 modules/mbedtls/libmbedTLSBase.a(asn1write.c.obj)
 .text.mbedtls_asn1_write_raw_buffer
                0x0000000000107f2a       0x2a modules/mbedtls/libmbedTLSBase.a(asn1write.c.obj)
                0x0000000000107f2a                mbedtls_asn1_write_raw_buffer
 .text.mbedtls_asn1_write_mpi
                0x0000000000107f54       0x6e modules/mbedtls/libmbedTLSBase.a(asn1write.c.obj)
                0x0000000000107f54                mbedtls_asn1_write_mpi
 .text.mbedtls_asn1_write_null
                0x0000000000107fc2        0x8 modules/mbedtls/libmbedTLSBase.a(asn1write.c.obj)
                0x0000000000107fc2                mbedtls_asn1_write_null
 .text.mbedtls_asn1_write_oid
                0x0000000000107fca       0x1e modules/mbedtls/libmbedTLSBase.a(asn1write.c.obj)
                0x0000000000107fca                mbedtls_asn1_write_oid
 .text.mbedtls_asn1_write_algorithm_identifier_ext
                0x0000000000107fe8       0x46 modules/mbedtls/libmbedTLSBase.a(asn1write.c.obj)
                0x0000000000107fe8                mbedtls_asn1_write_algorithm_identifier_ext
 .text.mbedtls_asn1_write_bool
                0x000000000010802e       0x2c modules/mbedtls/libmbedTLSBase.a(asn1write.c.obj)
                0x000000000010802e                mbedtls_asn1_write_bool
 .text.mbedtls_asn1_write_int
                0x000000000010805a        0x6 modules/mbedtls/libmbedTLSBase.a(asn1write.c.obj)
                0x000000000010805a                mbedtls_asn1_write_int
 .text.mbedtls_asn1_write_tagged_string
                0x0000000000108060       0x24 modules/mbedtls/libmbedTLSBase.a(asn1write.c.obj)
                0x0000000000108060                mbedtls_asn1_write_tagged_string
 .text.mbedtls_asn1_store_named_data
                0x0000000000108084       0xae modules/mbedtls/libmbedTLSBase.a(asn1write.c.obj)
                0x0000000000108084                mbedtls_asn1_store_named_data
 .text.mbedtls_ct_base64_enc_char
                0x0000000000108132       0x5e modules/mbedtls/libmbedTLSBase.a(base64.c.obj)
 .text.mbedtls_base64_encode
                0x0000000000108190      0x10e modules/mbedtls/libmbedTLSBase.a(base64.c.obj)
                0x0000000000108190                mbedtls_base64_encode
 .text.mbedtls_mpi_core_bitlen
                0x000000000010829e       0x1e modules/mbedtls/libmbedTLSBase.a(bignum_core.c.obj)
                0x000000000010829e                mbedtls_mpi_core_bitlen
 .text.mbedtls_mpi_core_write_be
                0x00000000001082bc       0x64 modules/mbedtls/libmbedTLSBase.a(bignum_core.c.obj)
                0x00000000001082bc                mbedtls_mpi_core_write_be
 .text.mbedtls_mpi_init
                0x0000000000108320        0xa modules/mbedtls/libmbedTLSBase.a(bignum.c.obj)
                0x0000000000108320                mbedtls_mpi_init
 .text.mbedtls_mpi_free
                0x000000000010832a       0x1c modules/mbedtls/libmbedTLSBase.a(bignum.c.obj)
                0x000000000010832a                mbedtls_mpi_free
 .text.mbedtls_mpi_grow
                0x0000000000108346       0x48 modules/mbedtls/libmbedTLSBase.a(bignum.c.obj)
                0x0000000000108346                mbedtls_mpi_grow
 .text.mbedtls_mpi_copy
                0x000000000010838e       0x6a modules/mbedtls/libmbedTLSBase.a(bignum.c.obj)
                0x000000000010838e                mbedtls_mpi_copy
 .text.mbedtls_mpi_get_bit
                0x00000000001083f8       0x20 modules/mbedtls/libmbedTLSBase.a(bignum.c.obj)
                0x00000000001083f8                mbedtls_mpi_get_bit
 .text.mbedtls_mpi_bitlen
                0x0000000000108418        0x8 modules/mbedtls/libmbedTLSBase.a(bignum.c.obj)
                0x0000000000108418                mbedtls_mpi_bitlen
 .text.mbedtls_mpi_size
                0x0000000000108420        0xc modules/mbedtls/libmbedTLSBase.a(bignum.c.obj)
                0x0000000000108420                mbedtls_mpi_size
 .text.mbedtls_mpi_write_binary
                0x000000000010842c        0xc modules/mbedtls/libmbedTLSBase.a(bignum.c.obj)
                0x000000000010842c                mbedtls_mpi_write_binary
 .text.mbedtls_mpi_cmp_mpi
                0x0000000000108438       0x90 modules/mbedtls/libmbedTLSBase.a(bignum.c.obj)
                0x0000000000108438                mbedtls_mpi_cmp_mpi
 .text.mbedtls_mpi_cmp_int
                0x00000000001084c8       0x30 modules/mbedtls/libmbedTLSBase.a(bignum.c.obj)
                0x00000000001084c8                mbedtls_mpi_cmp_int
 .text.mbedtls_ecp_get_type
                0x00000000001084f8       0x12 modules/mbedtls/libmbedTLSBase.a(ecp.c.obj)
                0x00000000001084f8                mbedtls_ecp_get_type
 .text.mbedtls_md_get_size
                0x000000000010850a        0x6 modules/mbedtls/libmbedTLSBase.a(md.c.obj)
                0x000000000010850a                mbedtls_md_get_size
 .text.oid_subidentifier_encode_into
                0x0000000000108510       0x44 modules/mbedtls/libmbedTLSBase.a(oid.c.obj)
 .text.mbedtls_oid_get_oid_by_ec_grp_algid
                0x0000000000108554        0x6 modules/mbedtls/libmbedTLSBase.a(oid.c.obj)
                0x0000000000108554                mbedtls_oid_get_oid_by_ec_grp_algid
 .text.mbedtls_oid_from_numeric_string
                0x000000000010855a      0x140 modules/mbedtls/libmbedTLSBase.a(oid.c.obj)
                0x000000000010855a                mbedtls_oid_from_numeric_string
 .text.mbedtls_zeroize_and_free
                0x000000000010869a       0x14 modules/mbedtls/libmbedTLSBase.a(platform_util.c.obj)
                0x000000000010869a                mbedtls_zeroize_and_free
 .text.convert_raw_to_der_single_int
                0x00000000001086ae       0x76 modules/mbedtls/libmbedTLSBase.a(psa_util.c.obj)
 .text.convert_der_to_raw_single_int
                0x0000000000108724       0x68 modules/mbedtls/libmbedTLSBase.a(psa_util.c.obj)
 .text.psa_generic_status_to_mbedtls
                0x000000000010878c       0x3a modules/mbedtls/libmbedTLSBase.a(psa_util.c.obj)
                0x000000000010878c                psa_generic_status_to_mbedtls
 .text.psa_status_to_mbedtls
                0x00000000001087c6       0x24 modules/mbedtls/libmbedTLSBase.a(psa_util.c.obj)
                0x00000000001087c6                psa_status_to_mbedtls
 .text.mbedtls_ecc_group_from_psa
                0x00000000001087ea       0x14 modules/mbedtls/libmbedTLSBase.a(psa_util.c.obj)
                0x00000000001087ea                mbedtls_ecc_group_from_psa
 .text.mbedtls_ecdsa_raw_to_der
                0x00000000001087fe       0x98 modules/mbedtls/libmbedTLSBase.a(psa_util.c.obj)
                0x00000000001087fe                mbedtls_ecdsa_raw_to_der
 .text.mbedtls_ecdsa_der_to_raw
                0x0000000000108896       0xa0 modules/mbedtls/libmbedTLSBase.a(psa_util.c.obj)
                0x0000000000108896                mbedtls_ecdsa_der_to_raw
 .text.mbedtls_rsa_write_pubkey
                0x0000000000108936       0xa8 modules/mbedtls/libmbedTLSBase.a(rsa.c.obj)
                0x0000000000108936                mbedtls_rsa_write_pubkey
 .text.pk_write_ec_param
                0x00000000001089de       0x22 modules/mbedtls/libmbedTLSCrypto.a(pkwrite.c.obj)
 .text.pk_get_type_ext
                0x0000000000108a00       0x50 modules/mbedtls/libmbedTLSCrypto.a(pkwrite.c.obj)
 .text.mbedtls_pk_get_ec_group_id
                0x0000000000108a50       0x70 modules/mbedtls/libmbedTLSCrypto.a(pkwrite.c.obj)
 .text.mbedtls_pk_write_pubkey_der
                0x0000000000108ac0       0xfe modules/mbedtls/libmbedTLSCrypto.a(pkwrite.c.obj)
                0x0000000000108ac0                mbedtls_pk_write_pubkey_der
 .text.mbedtls_pk_init
                0x0000000000108bbe        0xa modules/mbedtls/libmbedTLSCrypto.a(pk.c.obj)
                0x0000000000108bbe                mbedtls_pk_init
 .text.mbedtls_pk_free
                0x0000000000108bc8       0x20 modules/mbedtls/libmbedTLSCrypto.a(pk.c.obj)
                0x0000000000108bc8                mbedtls_pk_free
 .text.mbedtls_pk_can_do
                0x0000000000108be8       0x12 modules/mbedtls/libmbedTLSCrypto.a(pk.c.obj)
                0x0000000000108be8                mbedtls_pk_can_do
 .text.mbedtls_pk_sign
                0x0000000000108bfa       0x24 modules/mbedtls/libmbedTLSCrypto.a(pk.c.obj)
                0x0000000000108bfa                mbedtls_pk_sign
 .text.mbedtls_pk_get_type
                0x0000000000108c1e        0xa modules/mbedtls/libmbedTLSCrypto.a(pk.c.obj)
                0x0000000000108c1e                mbedtls_pk_get_type
 .text.psa_set_key_usage_flags
                0x0000000000108c28       0x14 modules/mbedtls/libmbedTLSCrypto.a(pk_wrap.c.obj)
 .text.rsa_can_do
                0x0000000000108c3c        0xc modules/mbedtls/libmbedTLSCrypto.a(pk_wrap.c.obj)
 .text.ecdsa_opaque_can_do
                0x0000000000108c48       0x10 modules/mbedtls/libmbedTLSCrypto.a(pk_wrap.c.obj)
 .text.rsa_opaque_can_do
                0x0000000000108c58        0x4 modules/mbedtls/libmbedTLSCrypto.a(pk_wrap.c.obj)
 .text.opaque_get_bitlen
                0x0000000000108c5c       0x2e modules/mbedtls/libmbedTLSCrypto.a(pk_wrap.c.obj)
 .text.ecdsa_opaque_sign_wrap
                0x0000000000108c8a        0x6 modules/mbedtls/libmbedTLSCrypto.a(pk_wrap.c.obj)
 .text.hex_to_int
                0x0000000000108c90       0x2c modules/mbedtls/libmbedTLSX509.a(x509_create.c.obj)
 .text.hexpair_to_int
                0x0000000000108cbc       0x24 modules/mbedtls/libmbedTLSX509.a(x509_create.c.obj)
 .text.mbedtls_x509_write_names
                0x0000000000108ce0       0xcc modules/mbedtls/libmbedTLSX509.a(x509_create.c.obj)
                0x0000000000108ce0                mbedtls_x509_write_names
 .text.mbedtls_x509_write_sig
                0x0000000000108dac       0x94 modules/mbedtls/libmbedTLSX509.a(x509_create.c.obj)
                0x0000000000108dac                mbedtls_x509_write_sig
 .text.mbedtls_x509_write_extensions
                0x0000000000108e40       0xd4 modules/mbedtls/libmbedTLSX509.a(x509_create.c.obj)
                0x0000000000108e40                mbedtls_x509_write_extensions
 .text.mbedtls_x509write_csr_init
                0x0000000000108f14        0x8 modules/mbedtls/libmbedTLSX509.a(x509write_csr.c.obj)
                0x0000000000108f14                mbedtls_x509write_csr_init
 .text.mbedtls_x509write_csr_free
                0x0000000000108f1c       0x1e modules/mbedtls/libmbedTLSX509.a(x509write_csr.c.obj)
                0x0000000000108f1c                mbedtls_x509write_csr_free
 .text.mbedtls_x509write_csr_set_md_alg
                0x0000000000108f3a        0x4 modules/mbedtls/libmbedTLSX509.a(x509write_csr.c.obj)
                0x0000000000108f3a                mbedtls_x509write_csr_set_md_alg
 .text.mbedtls_x509write_csr_set_key
                0x0000000000108f3e        0x4 modules/mbedtls/libmbedTLSX509.a(x509write_csr.c.obj)
                0x0000000000108f3e                mbedtls_x509write_csr_set_key
 .text.mbedtls_x509write_csr_set_subject_name
                0x0000000000108f42        0x6 modules/mbedtls/libmbedTLSX509.a(x509write_csr.c.obj)
                0x0000000000108f42                mbedtls_x509write_csr_set_subject_name
 .text.ns_interface_init
                0x0000000000108f48        0x4 modules/trusted-firmware-m/libtfm_api.a(interface.c.obj)
 .text.psa_crypto_init
                0x0000000000108f4c        0x4 modules/trusted-firmware-m/libtfm_api.a(tfm_crypto_api.c.obj)
                0x0000000000108f4c                psa_crypto_init
 .text.psa_reset_key_attributes
                0x0000000000108f50        0x8 modules/trusted-firmware-m/libtfm_api.a(tfm_crypto_api.c.obj)
                0x0000000000108f50                psa_reset_key_attributes
 .text.z_device_state_init
                0x0000000000108f58        0x2 zephyr/kernel/libkernel.a(device.c.obj)
                0x0000000000108f58                z_device_state_init
 .text.z_device_is_ready
                0x0000000000108f5a       0x16 zephyr/kernel/libkernel.a(device.c.obj)
                0x0000000000108f5a                z_device_is_ready
 .text.arch_system_halt
                0x0000000000108f70       0x10 zephyr/kernel/libkernel.a(fatal.c.obj)
                0x0000000000108f70                arch_system_halt
 .text.do_device_init
                0x0000000000108f80       0x30 zephyr/kernel/libkernel.a(init.c.obj)
 .text.z_early_memset
                0x0000000000108fb0        0x4 zephyr/kernel/libkernel.a(init.c.obj)
                0x0000000000108fb0                z_early_memset
 .text.z_early_memcpy
                0x0000000000108fb4        0x4 zephyr/kernel/libkernel.a(init.c.obj)
                0x0000000000108fb4                z_early_memcpy
 .text.idle     0x0000000000108fb8       0x16 zephyr/kernel/libkernel.a(idle.c.obj)
                0x0000000000108fb8                idle
 .text.adjust_owner_prio.isra.0
                0x0000000000108fce       0x10 zephyr/kernel/libkernel.a(mutex.c.obj)
 .text.z_impl_k_sem_init
                0x0000000000108fde       0x18 zephyr/kernel/libkernel.a(sem.c.obj)
                0x0000000000108fde                z_impl_k_sem_init
 .text.k_is_in_isr
                0x0000000000108ff6        0xc zephyr/kernel/libkernel.a(thread.c.obj)
                0x0000000000108ff6                k_is_in_isr
 .text.z_impl_k_thread_name_set
                0x0000000000109002        0x6 zephyr/kernel/libkernel.a(thread.c.obj)
                0x0000000000109002                z_impl_k_thread_name_set
 .text.k_thread_name_get
                0x0000000000109008        0x4 zephyr/kernel/libkernel.a(thread.c.obj)
                0x0000000000109008                k_thread_name_get
 .text.z_impl_k_thread_start
                0x000000000010900c        0x4 zephyr/kernel/libkernel.a(thread.c.obj)
                0x000000000010900c                z_impl_k_thread_start
 .text.sys_dlist_remove
                0x0000000000109010       0x10 zephyr/kernel/libkernel.a(sched.c.obj)
 .text.unpend_thread_no_timeout
                0x0000000000109020       0x14 zephyr/kernel/libkernel.a(sched.c.obj)
 .text.add_to_waitq_locked
                0x0000000000109034       0x50 zephyr/kernel/libkernel.a(sched.c.obj)
 .text.z_ready_thread
                0x0000000000109084       0x1e zephyr/kernel/libkernel.a(sched.c.obj)
                0x0000000000109084                z_ready_thread
 .text.z_impl_k_thread_suspend
                0x00000000001090a2       0x34 zephyr/kernel/libkernel.a(sched.c.obj)
                0x00000000001090a2                z_impl_k_thread_suspend
 .text.z_unpend_thread_no_timeout
                0x00000000001090d6       0x22 zephyr/kernel/libkernel.a(sched.c.obj)
                0x00000000001090d6                z_unpend_thread_no_timeout
 .text.z_sched_wake_thread
                0x00000000001090f8       0x42 zephyr/kernel/libkernel.a(sched.c.obj)
                0x00000000001090f8                z_sched_wake_thread
 .text.z_thread_timeout
                0x000000000010913a        0x8 zephyr/kernel/libkernel.a(sched.c.obj)
                0x000000000010913a                z_thread_timeout
 .text.z_unpend_first_thread
                0x0000000000109142       0x36 zephyr/kernel/libkernel.a(sched.c.obj)
                0x0000000000109142                z_unpend_first_thread
 .text.z_thread_abort
                0x0000000000109178       0x44 zephyr/kernel/libkernel.a(sched.c.obj)
                0x0000000000109178                z_thread_abort
 .text.z_abort_timeout
                0x00000000001091bc       0x2a zephyr/kernel/libkernel.a(timeout.c.obj)
                0x00000000001091bc                z_abort_timeout
 .text.sys_clock_tick_get_32
                0x00000000001091e6        0x8 zephyr/kernel/libkernel.a(timeout.c.obj)
                0x00000000001091e6                sys_clock_tick_get_32
 .text.z_impl_k_uptime_ticks
                0x00000000001091ee        0x4 zephyr/kernel/libkernel.a(timeout.c.obj)
                0x00000000001091ee                z_impl_k_uptime_ticks
 .text.k_timer_init
                0x00000000001091f2       0x18 zephyr/kernel/libkernel.a(timer.c.obj)
                0x00000000001091f2                k_timer_init
 .text.k_heap_init
                0x000000000010920a       0x10 zephyr/kernel/libkernel.a(kheap.c.obj)
                0x000000000010920a                k_heap_init
 .text.memcmp   0x000000000010921a       0x20 /home/shared/zephyr-sdk-0.16.5-1/arm-zephyr-eabi/bin/../lib/gcc/../../picolibc/arm-zephyr-eabi/lib/thumb/v8-m.main/nofp/libc.a(libc_string_memcmp.c.o)
                0x000000000010921a                memcmp
 .text.strchr   0x000000000010923a       0x1a /home/shared/zephyr-sdk-0.16.5-1/arm-zephyr-eabi/bin/../lib/gcc/../../picolibc/arm-zephyr-eabi/lib/thumb/v8-m.main/nofp/libc.a(libc_string_strchr.c.o)
                0x000000000010923a                strchr
 .text.strncmp  0x0000000000109254       0x24 /home/shared/zephyr-sdk-0.16.5-1/arm-zephyr-eabi/bin/../lib/gcc/../../picolibc/arm-zephyr-eabi/lib/thumb/v8-m.main/nofp/libc.a(libc_string_strncmp.c.o)
                0x0000000000109254                strncmp
 .text.strnlen  0x0000000000109278       0x18 /home/shared/zephyr-sdk-0.16.5-1/arm-zephyr-eabi/bin/../lib/gcc/../../picolibc/arm-zephyr-eabi/lib/thumb/v8-m.main/nofp/libc.a(libc_string_strnlen.c.o)
                0x0000000000109278                strnlen
 .text.__ultoa_invert
                0x0000000000109290       0xac /home/shared/zephyr-sdk-0.16.5-1/arm-zephyr-eabi/bin/../lib/gcc/../../picolibc/arm-zephyr-eabi/lib/thumb/v8-m.main/nofp/libc.a(libc_tinystdio_vflprintf.c.o)
 .text.memcpy   0x000000000010933c       0x1a /home/shared/zephyr-sdk-0.16.5-1/arm-zephyr-eabi/bin/../lib/gcc/../../picolibc/arm-zephyr-eabi/lib/thumb/v8-m.main/nofp/libc.a(memcpy.c.o)
                0x000000000010933c                memcpy
                0x000000000010933c                __aeabi_memcpy
                0x000000000010933c                __aeabi_memcpy4
                0x000000000010933c                __aeabi_memcpy8
 .text.memmove  0x0000000000109356       0x34 /home/shared/zephyr-sdk-0.16.5-1/arm-zephyr-eabi/bin/../lib/gcc/../../picolibc/arm-zephyr-eabi/lib/thumb/v8-m.main/nofp/libc.a(memmove.c.o)
                0x0000000000109356                memmove
                0x0000000000109356                __aeabi_memmove8
                0x0000000000109356                __aeabi_memmove
                0x0000000000109356                __aeabi_memmove4
 .text.memset   0x000000000010938a       0x10 /home/shared/zephyr-sdk-0.16.5-1/arm-zephyr-eabi/bin/../lib/gcc/../../picolibc/arm-zephyr-eabi/lib/thumb/v8-m.main/nofp/libc.a(memset.c.o)
                0x000000000010938a                memset
 .text.__file_str_put
                0x000000000010939a       0x10 /home/shared/zephyr-sdk-0.16.5-1/arm-zephyr-eabi/bin/../lib/gcc/../../picolibc/arm-zephyr-eabi/lib/thumb/v8-m.main/nofp/libc.a(libc_tinystdio_filestrput.c.o)
                0x000000000010939a                __file_str_put
 .text.fputc    0x00000000001093aa       0x28 /home/shared/zephyr-sdk-0.16.5-1/arm-zephyr-eabi/bin/../lib/gcc/../../picolibc/arm-zephyr-eabi/lib/thumb/v8-m.main/nofp/libc.a(libc_tinystdio_fputc.c.o)
                0x00000000001093aa                putc
                0x00000000001093aa                fputc
 *(SORT_BY_ALIGNMENT(.TEXT.*))
 *fill*         0x00000000001093d2        0x2 
 .TEXT.__aeabi_read_tp
                0x00000000001093d4        0xc zephyr/arch/arch/arm/core/cortex_m/libarch__arm__core__cortex_m.a(__aeabi_read_tp.S.obj)
                0x00000000001093d4                __aeabi_read_tp
 *(SORT_BY_ALIGNMENT(.gnu.linkonce.t.*))
 *(SORT_BY_ALIGNMENT(.glue_7t))
 .glue_7t       0x00000000001093e0        0x0 linker stubs
 *(SORT_BY_ALIGNMENT(.glue_7))
 .glue_7        0x00000000001093e0        0x0 linker stubs
 *(SORT_BY_ALIGNMENT(.vfp11_veneer))
 .vfp11_veneer  0x00000000001093e0        0x0 linker stubs
 *(SORT_BY_ALIGNMENT(.v4_bx))
 .v4_bx         0x00000000001093e0        0x0 linker stubs
                0x00000000001093e0                . = ALIGN (0x4)
                0x00000000001093e0                __text_region_end = .

.ARM.exidx      0x00000000001093e0        0x8
                0x00000000001093e0                __exidx_start = .
 *(SORT_BY_ALIGNMENT(.ARM.exidx*) SORT_BY_ALIGNMENT(gnu.linkonce.armexidx.*))
 .ARM.exidx     0x00000000001093e0        0x8 /home/shared/zephyr-sdk-0.16.5-1/arm-zephyr-eabi/bin/../lib/gcc/../../picolibc/arm-zephyr-eabi/lib/thumb/v8-m.main/nofp/libc.a(strlen.S.o)
                0x00000000001093e8                __exidx_end = .
                0x00000000001093e8                __rodata_region_start = .

initlevel       0x00000000001093e8       0xa0
                0x00000000001093e8                __init_start = .
                0x00000000001093e8                __init_EARLY_start = .
 *(SORT_BY_NAME(SORT_BY_ALIGNMENT(.z_init_EARLY?_*)))
 *(SORT_BY_NAME(SORT_BY_ALIGNMENT(.z_init_EARLY??_*)))
                0x00000000001093e8                __init_PRE_KERNEL_1_start = .
 *(SORT_BY_NAME(SORT_BY_ALIGNMENT(.z_init_PRE_KERNEL_1?_*)))
 *(SORT_BY_NAME(SORT_BY_ALIGNMENT(.z_init_PRE_KERNEL_1??_*)))
 .z_init_PRE_KERNEL_130_0_
                0x00000000001093e8        0x8 zephyr/kernel/libkernel.a(kheap.c.obj)
 .z_init_PRE_KERNEL_140_00026_
                0x00000000001093f0        0x8 zephyr/drivers/gpio/libdrivers__gpio.a(gpio_cmsdk_ahb.c.obj)
 .z_init_PRE_KERNEL_140_00027_
                0x00000000001093f8        0x8 zephyr/drivers/gpio/libdrivers__gpio.a(gpio_cmsdk_ahb.c.obj)
 .z_init_PRE_KERNEL_140_00028_
                0x0000000000109400        0x8 zephyr/drivers/gpio/libdrivers__gpio.a(gpio_cmsdk_ahb.c.obj)
 .z_init_PRE_KERNEL_140_00029_
                0x0000000000109408        0x8 zephyr/drivers/gpio/libdrivers__gpio.a(gpio_cmsdk_ahb.c.obj)
 .z_init_PRE_KERNEL_140_0_
                0x0000000000109410        0x8 zephyr/boards/arm/mps2/libboards__arm__mps2.a(pinmux.c.obj)
 .z_init_PRE_KERNEL_150_00011_
                0x0000000000109418        0x8 zephyr/libzephyr.a(soc.c.obj)
 .z_init_PRE_KERNEL_150_00015_
                0x0000000000109420        0x8 zephyr/libzephyr.a(soc.c.obj)
 .z_init_PRE_KERNEL_150_00036_
                0x0000000000109428        0x8 zephyr/libzephyr.a(soc.c.obj)
 .z_init_PRE_KERNEL_150_00040_
                0x0000000000109430        0x8 zephyr/drivers/serial/libdrivers__serial.a(uart_cmsdk_apb.c.obj)
 .z_init_PRE_KERNEL_150_00041_
                0x0000000000109438        0x8 zephyr/drivers/serial/libdrivers__serial.a(uart_cmsdk_apb.c.obj)
 .z_init_PRE_KERNEL_150_00042_
                0x0000000000109440        0x8 zephyr/drivers/serial/libdrivers__serial.a(uart_cmsdk_apb.c.obj)
 .z_init_PRE_KERNEL_150_00043_
                0x0000000000109448        0x8 zephyr/drivers/serial/libdrivers__serial.a(uart_cmsdk_apb.c.obj)
 .z_init_PRE_KERNEL_150_00044_
                0x0000000000109450        0x8 zephyr/drivers/serial/libdrivers__serial.a(uart_cmsdk_apb.c.obj)
 .z_init_PRE_KERNEL_160_0_
                0x0000000000109458        0x8 zephyr/drivers/console/libdrivers__console.a(uart_console.c.obj)
                0x0000000000109460                __init_PRE_KERNEL_2_start = .
 *(SORT_BY_NAME(SORT_BY_ALIGNMENT(.z_init_PRE_KERNEL_2?_*)))
 .z_init_PRE_KERNEL_20_0_
                0x0000000000109460        0x8 zephyr/drivers/timer/libdrivers__timer.a(cortex_m_systick.c.obj)
 *(SORT_BY_NAME(SORT_BY_ALIGNMENT(.z_init_PRE_KERNEL_2??_*)))
                0x0000000000109468                __init_POST_KERNEL_start = .
 *(SORT_BY_NAME(SORT_BY_ALIGNMENT(.z_init_POST_KERNEL?_*)))
 .z_init_POST_KERNEL0_0_
                0x0000000000109468        0x8 zephyr/libzephyr.a(log_core.c.obj)
 .z_init_POST_KERNEL0_0_
                0x0000000000109470        0x8 modules/mbedtls/libmbedTLSBase.a(zephyr_init.c.obj)
 *(SORT_BY_NAME(SORT_BY_ALIGNMENT(.z_init_POST_KERNEL??_*)))
 .z_init_POST_KERNEL40_0_
                0x0000000000109478        0x8 zephyr/lib/libc/common/liblib__libc__common.a(malloc.c.obj)
 .z_init_POST_KERNEL40_0_
                0x0000000000109480        0x8 modules/trusted-firmware-m/libtfm_api.a(interface.c.obj)
                0x0000000000109488                __init_APPLICATION_start = .
 *(SORT_BY_NAME(SORT_BY_ALIGNMENT(.z_init_APPLICATION?_*)))
 *(SORT_BY_NAME(SORT_BY_ALIGNMENT(.z_init_APPLICATION??_*)))
                0x0000000000109488                __init_SMP_start = .
 *(SORT_BY_NAME(SORT_BY_ALIGNMENT(.z_init_SMP?_*)))
 *(SORT_BY_NAME(SORT_BY_ALIGNMENT(.z_init_SMP??_*)))
                0x0000000000109488                __init_end = .
                0x0000000000109488                __deferred_init_list_start = .
 *(SORT_BY_ALIGNMENT(.z_deferred_init))
                0x0000000000109488                __deferred_init_list_end = .

device_area     0x0000000000109488       0xf0
                0x0000000000109488                _device_list_start = .
 *(SORT_BY_NAME(SORT_BY_ALIGNMENT(._device.static.*_?_*)))
 *(SORT_BY_NAME(SORT_BY_ALIGNMENT(._device.static.*_??_*)))
 ._device.static.1_40_
                0x0000000000109488       0x50 zephyr/drivers/gpio/libdrivers__gpio.a(gpio_cmsdk_ahb.c.obj)
                0x0000000000109488                __device_dts_ord_29
                0x000000000010949c                __device_dts_ord_28
                0x00000000001094b0                __device_dts_ord_27
                0x00000000001094c4                __device_dts_ord_26
 ._device.static.1_50_
                0x00000000001094d8       0x3c zephyr/libzephyr.a(soc.c.obj)
                0x00000000001094d8                __device_dts_ord_36
                0x00000000001094ec                __device_dts_ord_11
                0x0000000000109500                __device_dts_ord_15
 ._device.static.1_50_
                0x0000000000109514       0x64 zephyr/drivers/serial/libdrivers__serial.a(uart_cmsdk_apb.c.obj)
                0x0000000000109514                __device_dts_ord_44
                0x0000000000109528                __device_dts_ord_43
                0x000000000010953c                __device_dts_ord_42
                0x0000000000109550                __device_dts_ord_41
                0x0000000000109564                __device_dts_ord_40
                0x0000000000109578                _device_list_end = .

sw_isr_table    0x0000000000109578      0x300
                0x0000000000109578                . = ALIGN (0x4)
 *(SORT_BY_ALIGNMENT(.gnu.linkonce.sw_isr_table*))
 .gnu.linkonce.sw_isr_table
                0x0000000000109578      0x300 zephyr/CMakeFiles/zephyr_final.dir/isr_tables.c.obj
                0x0000000000109578                _sw_isr_table

initlevel_error
                0x00000000001093e8        0x0
 *(SORT_BY_NAME(SORT_BY_ALIGNMENT(.z_init_[_A-Z0-9]*)))
                0x0000000000000001                ASSERT ((SIZEOF (initlevel_error) == 0x0), Undefined initialization levels used.)

app_shmem_regions
                0x0000000000109878        0x0
                0x0000000000109878                __app_shmem_regions_start = .
 *(SORT_BY_NAME(SORT_BY_ALIGNMENT(.app_regions.*)))
                0x0000000000109878                __app_shmem_regions_end = .

k_p4wq_initparam_area
                0x0000000000109878        0x0
                0x0000000000109878                _k_p4wq_initparam_list_start = .
 *(SORT_BY_NAME(SORT_BY_ALIGNMENT(._k_p4wq_initparam.static.*)))
                0x0000000000109878                _k_p4wq_initparam_list_end = .

_static_thread_data_area
                0x0000000000109878        0x0
                0x0000000000109878                __static_thread_data_list_start = .
 *(SORT_BY_NAME(SORT_BY_ALIGNMENT(.__static_thread_data.static.*)))
                0x0000000000109878                __static_thread_data_list_end = .

device_deps     0x0000000000109878        0x0
                0x0000000000109878                __device_deps_start = .
 *(SORT_BY_NAME(SORT_BY_ALIGNMENT(.__device_deps_pass2*)))
                0x0000000000109878                __device_deps_end = .

ztest           0x0000000000109878        0x0
                0x0000000000109878                _ztest_expected_result_entry_list_start = .
 *(SORT_BY_NAME(SORT_BY_ALIGNMENT(._ztest_expected_result_entry.static.*)))
                0x0000000000109878                _ztest_expected_result_entry_list_end = .
                0x0000000000109878                _ztest_suite_node_list_start = .
 *(SORT_BY_NAME(SORT_BY_ALIGNMENT(._ztest_suite_node.static.*)))
                0x0000000000109878                _ztest_suite_node_list_end = .
                0x0000000000109878                _ztest_unit_test_list_start = .
 *(SORT_BY_NAME(SORT_BY_ALIGNMENT(._ztest_unit_test.static.*)))
                0x0000000000109878                _ztest_unit_test_list_end = .
                0x0000000000109878                _ztest_test_rule_list_start = .
 *(SORT_BY_NAME(SORT_BY_ALIGNMENT(._ztest_test_rule.static.*)))
                0x0000000000109878                _ztest_test_rule_list_end = .

bt_l2cap_fixed_chan_area
                0x0000000000109878        0x0
                0x0000000000109878                _bt_l2cap_fixed_chan_list_start = .
 *(SORT_BY_NAME(SORT_BY_ALIGNMENT(._bt_l2cap_fixed_chan.static.*)))
                0x0000000000109878                _bt_l2cap_fixed_chan_list_end = .

bt_gatt_service_static_area
                0x0000000000109878        0x0
                0x0000000000109878                _bt_gatt_service_static_list_start = .
 *(SORT_BY_NAME(SORT_BY_ALIGNMENT(._bt_gatt_service_static.static.*)))
                0x0000000000109878                _bt_gatt_service_static_list_end = .

log_strings_area
                0x0000000000109878        0x0
                0x0000000000109878                _log_strings_list_start = .
 *(SORT_BY_NAME(SORT_BY_ALIGNMENT(._log_strings.static.*)))
                0x0000000000109878                _log_strings_list_end = .

log_const_area  0x0000000000109878       0x38
                0x0000000000109878                _log_const_list_start = .
 *(SORT_BY_NAME(SORT_BY_ALIGNMENT(._log_const.static.*)))
 ._log_const.static.log_const_app_
                0x0000000000109878        0x8 app/libapp.a(util_app_log.c.obj)
                0x0000000000109878                log_const_app
 ._log_const.static.log_const_cbprintf_package_
                0x0000000000109880        0x8 zephyr/libzephyr.a(cbprintf_packaged.c.obj)
                0x0000000000109880                log_const_cbprintf_package
 ._log_const.static.log_const_log_
                0x0000000000109888        0x8 zephyr/libzephyr.a(log_core.c.obj)
                0x0000000000109888                log_const_log
 ._log_const.static.log_const_log_mgmt_
                0x0000000000109890        0x8 zephyr/libzephyr.a(log_mgmt.c.obj)
                0x0000000000109890                log_const_log_mgmt
 ._log_const.static.log_const_log_uart_
                0x0000000000109898        0x8 zephyr/libzephyr.a(log_backend_uart.c.obj)
                0x0000000000109898                log_const_log_uart
 ._log_const.static.log_const_mpu_
                0x00000000001098a0        0x8 zephyr/arch/arch/arm/core/mpu/libarch__arm__core__mpu.a(arm_core_mpu.c.obj)
                0x00000000001098a0                log_const_mpu
 ._log_const.static.log_const_os_
                0x00000000001098a8        0x8 zephyr/kernel/libkernel.a(init.c.obj)
                0x00000000001098a8                log_const_os
                0x00000000001098b0                _log_const_list_end = .

log_backend_area
                0x00000000001098b0       0x10
                0x00000000001098b0                _log_backend_list_start = .
 *(SORT_BY_NAME(SORT_BY_ALIGNMENT(._log_backend.static.*)))
 ._log_backend.static.log_backend_uart_