Archive member included to satisfy reference by file (symbol)

app/libapp.a(main.c.obj)      (--whole-archive)
app/libapp.a(dummy_partition.c.obj)
                              (--whole-archive)
zephyr/libzephyr.a(heap.c.obj)
                              (--whole-archive)
zephyr/libzephyr.a(cbprintf_packaged.c.obj)
                              (--whole-archive)
zephyr/libzephyr.a(printk.c.obj)
                              (--whole-archive)
zephyr/libzephyr.a(sem.c.obj)
                              (--whole-archive)
zephyr/libzephyr.a(thread_entry.c.obj)
                              (--whole-archive)
zephyr/libzephyr.a(cbprintf_complete.c.obj)
                              (--whole-archive)
zephyr/libzephyr.a(assert.c.obj)
                              (--whole-archive)
zephyr/libzephyr.a(reboot.c.obj)
                              (--whole-archive)
zephyr/libzephyr.a(dec.c.obj)
                              (--whole-archive)
zephyr/libzephyr.a(hex.c.obj)
                              (--whole-archive)
zephyr/libzephyr.a(rb.c.obj)  (--whole-archive)
zephyr/libzephyr.a(timeutil.c.obj)
                              (--whole-archive)
zephyr/libzephyr.a(bitarray.c.obj)
                              (--whole-archive)
zephyr/libzephyr.a(configs.c.obj)
                              (--whole-archive)
zephyr/libzephyr.a(soc.c.obj)
                              (--whole-archive)
zephyr/libzephyr.a(mem_attr.c.obj)
                              (--whole-archive)
zephyr/libzephyr.a(tracing_none.c.obj)
                              (--whole-archive)
zephyr/arch/common/libarch__common.a(sw_isr_common.c.obj)
                              (--whole-archive)
zephyr/arch/arch/arm/core/libarch__arm__core.a(fatal.c.obj)
                              (--whole-archive)
zephyr/arch/arch/arm/core/libarch__arm__core.a(nmi.c.obj)
                              (--whole-archive)
zephyr/arch/arch/arm/core/libarch__arm__core.a(nmi_on_reset.S.obj)
                              (--whole-archive)
zephyr/arch/arch/arm/core/libarch__arm__core.a(tls.c.obj)
                              (--whole-archive)
zephyr/arch/arch/arm/core/cortex_m/libarch__arm__core__cortex_m.a(exc_exit.c.obj)
                              (--whole-archive)
zephyr/arch/arch/arm/core/cortex_m/libarch__arm__core__cortex_m.a(fault.c.obj)
                              (--whole-archive)
zephyr/arch/arch/arm/core/cortex_m/libarch__arm__core__cortex_m.a(fault_s.S.obj)
                              (--whole-archive)
zephyr/arch/arch/arm/core/cortex_m/libarch__arm__core__cortex_m.a(fpu.c.obj)
                              (--whole-archive)
zephyr/arch/arch/arm/core/cortex_m/libarch__arm__core__cortex_m.a(reset.S.obj)
                              (--whole-archive)
zephyr/arch/arch/arm/core/cortex_m/libarch__arm__core__cortex_m.a(scb.c.obj)
                              (--whole-archive)
zephyr/arch/arch/arm/core/cortex_m/libarch__arm__core__cortex_m.a(thread_abort.c.obj)
                              (--whole-archive)
zephyr/arch/arch/arm/core/cortex_m/libarch__arm__core__cortex_m.a(vector_table.S.obj)
                              (--whole-archive)
zephyr/arch/arch/arm/core/cortex_m/libarch__arm__core__cortex_m.a(swap.c.obj)
                              (--whole-archive)
zephyr/arch/arch/arm/core/cortex_m/libarch__arm__core__cortex_m.a(swap_helper.S.obj)
                              (--whole-archive)
zephyr/arch/arch/arm/core/cortex_m/libarch__arm__core__cortex_m.a(irq_manage.c.obj)
                              (--whole-archive)
zephyr/arch/arch/arm/core/cortex_m/libarch__arm__core__cortex_m.a(prep_c.c.obj)
                              (--whole-archive)
zephyr/arch/arch/arm/core/cortex_m/libarch__arm__core__cortex_m.a(thread.c.obj)
                              (--whole-archive)
zephyr/arch/arch/arm/core/cortex_m/libarch__arm__core__cortex_m.a(cpu_idle.c.obj)
                              (--whole-archive)
zephyr/arch/arch/arm/core/cortex_m/libarch__arm__core__cortex_m.a(irq_init.c.obj)
                              (--whole-archive)
zephyr/arch/arch/arm/core/cortex_m/libarch__arm__core__cortex_m.a(isr_wrapper.c.obj)
                              (--whole-archive)
zephyr/arch/arch/arm/core/cortex_m/libarch__arm__core__cortex_m.a(__aeabi_read_tp.S.obj)
                              (--whole-archive)
zephyr/arch/arch/arm/core/cortex_m/cmse/libarch__arm__core__cortex_m__cmse.a(arm_core_cmse.c.obj)
                              (--whole-archive)
zephyr/arch/arch/arm/core/mpu/libarch__arm__core__mpu.a(arm_core_mpu.c.obj)
                              (--whole-archive)
zephyr/arch/arch/arm/core/mpu/libarch__arm__core__mpu.a(arm_mpu.c.obj)
                              (--whole-archive)
zephyr/arch/arch/arm/core/mpu/libarch__arm__core__mpu.a(arm_mpu_regions.c.obj)
                              (--whole-archive)
zephyr/lib/libc/picolibc/liblib__libc__picolibc.a(libc-hooks.c.obj)
                              (--whole-archive)
[...]
Memory Configuration

Name             Origin             Length             Attributes
FLASH            0x0000000000100000 0x0000000000080000 xr
RAM              0x0000000028100000 0x0000000000080000 xw
SSRAM1           0x0000000000000000 0x0000000000400000
SSRAM2_3         0x0000000028000000 0x0000000000400000
IDT_LIST         0x00000000ffff7fff 0x0000000000008000 xw
*default*        0x0000000000000000 0xffffffffffffffff

Linker script and memory map

                0x0000000000102080                vfprintf = __l_vfprintf
                0x0000000000000000                vfscanf = __l_vfscanf
LOAD zephyr/CMakeFiles/zephyr_pre0.dir/misc/empty_file.c.obj
LOAD zephyr/CMakeFiles/offsets.dir/./arch/arm/core/offsets/offsets.c.obj
LOAD tfm/api_ns/interface/lib/s_veneers.o
LOAD app/libapp.a
LOAD zephyr/libzephyr.a
LOAD zephyr/arch/common/libarch__common.a
LOAD zephyr/arch/arch/arm/core/libarch__arm__core.a
LOAD zephyr/arch/arch/arm/core/cortex_m/libarch__arm__core__cortex_m.a
LOAD zephyr/arch/arch/arm/core/cortex_m/cmse/libarch__arm__core__cortex_m__cmse.a
LOAD zephyr/arch/arch/arm/core/mpu/libarch__arm__core__mpu.a
LOAD zephyr/lib/libc/picolibc/liblib__libc__picolibc.a
LOAD zephyr/lib/libc/common/liblib__libc__common.a
LOAD zephyr/boards/arm/mps2/libboards__arm__mps2.a
LOAD zephyr/drivers/console/libdrivers__console.a
LOAD zephyr/drivers/gpio/libdrivers__gpio.a
LOAD zephyr/drivers/serial/libdrivers__serial.a
LOAD zephyr/drivers/timer/libdrivers__timer.a
LOAD modules/mbedtls/libmbedTLSBase.a
LOAD modules/mbedtls/libmbedTLSCrypto.a
LOAD modules/mbedtls/libmbedTLSX509.a
LOAD modules/mbedtls/libmodules__mbedtls.a
LOAD modules/trusted-firmware-m/libtfm_api.a
LOAD zephyr/kernel/libkernel.a
LOAD /home/shared/zephyr-sdk-0.16.5-1/arm-zephyr-eabi/bin/../lib/gcc/arm-zephyr-eabi/12.2.0/thumb/v8-m.main/nofp/libgcc.a
LOAD zephyr/arch/common/libisr_tables.a
LOAD modules/mbedtls/libmbedTLSBase.a
LOAD modules/mbedtls/libmbedTLSCrypto.a
LOAD modules/trusted-firmware-m/libtfm_api.a
LOAD modules/mbedtls/libmbedTLSX509.a
LOAD /home/shared/zephyr-sdk-0.16.5-1/arm-zephyr-eabi/bin/../lib/gcc/../../picolibc/arm-zephyr-eabi/lib/thumb/v8-m.main/nofp/libc.a
LOAD /home/shared/zephyr-sdk-0.16.5-1/arm-zephyr-eabi/bin/../lib/gcc/arm-zephyr-eabi/12.2.0/thumb/v8-m.main/nofp/libgcc.a
                0x0000000000000020                _region_min_align = 0x20

.rel.plt        0x0000000000100000        0x0
 *(SORT_BY_ALIGNMENT(.rel.plt))
                [!provide]                        PROVIDE (__rel_iplt_start = .)
 *(SORT_BY_ALIGNMENT(.rel.iplt))
 .rel.iplt      0x0000000000100000        0x0 app/libapp.a(main.c.obj)
                [!provide]                        PROVIDE (__rel_iplt_end = .)

.rela.plt       0x0000000000000000        0x0
 *(SORT_BY_ALIGNMENT(.rela.plt))
                [!provide]                        PROVIDE (__rela_iplt_start = .)
 *(SORT_BY_ALIGNMENT(.rela.iplt))
                [!provide]                        PROVIDE (__rela_iplt_end = .)

.rel.dyn
 *(SORT_BY_ALIGNMENT(.rel.*))

.rela.dyn
 *(SORT_BY_ALIGNMENT(.rela.*))

/DISCARD/
 *(SORT_BY_ALIGNMENT(.plt))

/DISCARD/
 *(SORT_BY_ALIGNMENT(.iplt))
                0x0000000000100000                __rom_region_start = 0x100000

rom_start       0x0000000000100000      0x5c0
                0x0000000000100000                __rom_start_address = .
 FILL mask 0x00
                0x0000000000100400                . = (. + (0x400 - (. - __rom_start_address)))
 *fill*         0x0000000000100000      0x400 00
                0x0000000000100400                . = ALIGN (0x4)
                0x0000000000100400                . = ALIGN (0x80)
                0x0000000000100400                . = ALIGN (0x200)
                0x0000000000100400                _vector_start = .
 *(SORT_BY_ALIGNMENT(.exc_vector_table))
 *(SORT_BY_ALIGNMENT(.exc_vector_table.*))
 .exc_vector_table._vector_table_section
                0x0000000000100400       0x40 zephyr/arch/arch/arm/core/cortex_m/libarch__arm__core__cortex_m.a(vector_table.S.obj)
                0x0000000000100400                _vector_table
 *(SORT_BY_ALIGNMENT(.vectors))
                0x00000000001005c0                _vector_end = .
                0x0000000000100440                . = ALIGN (0x4)
 *(SORT_BY_ALIGNMENT(.gnu.linkonce.irq_vector_table*))
 .gnu.linkonce.irq_vector_table
                0x0000000000100440      0x180 zephyr/arch/common/libisr_tables.a(isr_tables.c.obj)
                0x0000000000100440                _irq_vector_table
                0x00000000001005c0                _vector_end = .

text            0x00000000001005c0     0x29dc
                0x00000000001005c0                __text_region_start = .
 *(SORT_BY_ALIGNMENT(.text))
 *(SORT_BY_ALIGNMENT(.text.*))
 .text.main     0x00000000001005c0       0x88 app/libapp.a(main.c.obj)
                0x00000000001005c0                main
 .text.dp_secret_digest
                0x0000000000100648       0x48 app/libapp.a(dummy_partition.c.obj)
                0x0000000000100648                dp_secret_digest
 .text.char_out
                0x0000000000100690        0xc zephyr/libzephyr.a(printk.c.obj)
 .text.vprintk  0x000000000010069c       0x30 zephyr/libzephyr.a(printk.c.obj)
                0x000000000010069c                vprintk
 .text.__printk_hook_install
                0x00000000001006cc        0xc zephyr/libzephyr.a(printk.c.obj)
                0x00000000001006cc                __printk_hook_install
 .text.z_thread_entry
                0x00000000001006d8       0x34 zephyr/libzephyr.a(thread_entry.c.obj)
                0x00000000001006d8                z_thread_entry
 .text.mem_attr_get_regions
                0x000000000010070c        0xc zephyr/libzephyr.a(mem_attr.c.obj)
                0x000000000010070c                mem_attr_get_regions
 .text.z_arm_nmi
                0x0000000000100718       0x14 zephyr/arch/arch/arm/core/libarch__arm__core.a(nmi.c.obj)
                0x0000000000100718                z_arm_nmi
 .text.z_SysNmiOnReset
                0x000000000010072c        0x8 zephyr/arch/arch/arm/core/libarch__arm__core.a(nmi_on_reset.S.obj)
                0x000000000010072c                z_SysNmiOnReset
 .text.arch_tls_stack_setup
                0x0000000000100734       0x40 zephyr/arch/arch/arm/core/libarch__arm__core.a(tls.c.obj)
                0x0000000000100734                arch_tls_stack_setup
 .text._HandlerModeExit
                0x0000000000100774       0x28 zephyr/arch/arch/arm/core/cortex_m/libarch__arm__core__cortex_m.a(exc_exit.c.obj)
                0x0000000000100774                z_arm_exc_exit
                0x0000000000100774                z_arm_int_exit
 .text.usage_fault.constprop.0
                0x000000000010079c       0x5c zephyr/arch/arch/arm/core/cortex_m/libarch__arm__core__cortex_m.a(fault.c.obj)
 .text.bus_fault.constprop.0
                0x00000000001007f8       0x60 zephyr/arch/arch/arm/core/cortex_m/libarch__arm__core__cortex_m.a(fault.c.obj)
 .text.mem_manage_fault.constprop.0
                0x0000000000100858       0x5c zephyr/arch/arch/arm/core/cortex_m/libarch__arm__core__cortex_m.a(fault.c.obj)
 .text.z_arm_fault
                0x00000000001008b4      0x130 zephyr/arch/arch/arm/core/cortex_m/libarch__arm__core__cortex_m.a(fault.c.obj)
                0x00000000001008b4                z_arm_fault
 .text.z_arm_fault_init
                0x00000000001009e4       0x10 zephyr/arch/arch/arm/core/cortex_m/libarch__arm__core__cortex_m.a(fault.c.obj)
                0x00000000001009e4                z_arm_fault_init
 .text.__fault  0x00000000001009f4       0x14 zephyr/arch/arch/arm/core/cortex_m/libarch__arm__core__cortex_m.a(fault_s.S.obj)
                0x00000000001009f4                z_arm_bus_fault
                0x00000000001009f4                z_arm_usage_fault
                0x00000000001009f4                z_arm_mpu_fault
                0x00000000001009f4                z_arm_exc_spurious
                0x00000000001009f4                z_arm_debug_monitor
                0x00000000001009f4                z_arm_hard_fault
 .text._reset_section
                0x0000000000100a08       0x5c zephyr/arch/arch/arm/core/cortex_m/libarch__arm__core__cortex_m.a(reset.S.obj)
                0x0000000000100a08                z_arm_reset
                0x0000000000100a08                __start
 .text.z_arm_clear_arm_mpu_config
                0x0000000000100a64       0x24 zephyr/arch/arch/arm/core/cortex_m/libarch__arm__core__cortex_m.a(scb.c.obj)
                0x0000000000100a64                z_arm_clear_arm_mpu_config
 .text.z_arm_init_arch_hw_at_boot
                0x0000000000100a88       0x4c zephyr/arch/arch/arm/core/cortex_m/libarch__arm__core__cortex_m.a(scb.c.obj)
                0x0000000000100a88                z_arm_init_arch_hw_at_boot
 .text.z_impl_k_thread_abort
                0x0000000000100ad4       0x2c zephyr/arch/arch/arm/core/cortex_m/libarch__arm__core__cortex_m.a(thread_abort.c.obj)
                0x0000000000100ad4                z_impl_k_thread_abort
 .text.arch_swap
                0x0000000000100b00       0x30 zephyr/arch/arch/arm/core/cortex_m/libarch__arm__core__cortex_m.a(swap.c.obj)
                0x0000000000100b00                arch_swap
 .text.z_arm_pendsv_c
                0x0000000000100b30       0x50 zephyr/arch/arch/arm/core/cortex_m/libarch__arm__core__cortex_m.a(swap.c.obj)
                0x0000000000100b30                z_arm_pendsv_c
 .text.z_arm_pendsv
                0x0000000000100b80       0x38 zephyr/arch/arch/arm/core/cortex_m/libarch__arm__core__cortex_m.a(swap_helper.S.obj)
                0x0000000000100b80                z_arm_pendsv
 .text.z_arm_svc
                0x0000000000100bb8       0x20 zephyr/arch/arch/arm/core/cortex_m/libarch__arm__core__cortex_m.a(swap_helper.S.obj)
                0x0000000000100bb8                z_arm_svc
 .text.arch_irq_enable
                0x0000000000100bd8       0x1c zephyr/arch/arch/arm/core/cortex_m/libarch__arm__core__cortex_m.a(irq_manage.c.obj)
                0x0000000000100bd8                arch_irq_enable
 .text.z_arm_irq_priority_set
                0x0000000000100bf4       0x2c zephyr/arch/arch/arm/core/cortex_m/libarch__arm__core__cortex_m.a(irq_manage.c.obj)
                0x0000000000100bf4                z_arm_irq_priority_set
 .text.z_prep_c
                0x0000000000100c20       0x2c zephyr/arch/arch/arm/core/cortex_m/libarch__arm__core__cortex_m.a(prep_c.c.obj)
                0x0000000000100c20                z_prep_c
 .text.arch_new_thread
                0x0000000000100c4c       0x3c zephyr/arch/arch/arm/core/cortex_m/libarch__arm__core__cortex_m.a(thread.c.obj)
                0x0000000000100c4c                arch_new_thread
 .text.arch_switch_to_main_thread
                0x0000000000100c88       0x40 zephyr/arch/arch/arm/core/cortex_m/libarch__arm__core__cortex_m.a(thread.c.obj)
                0x0000000000100c88                arch_switch_to_main_thread
 .text.z_arm_cpu_idle_init
                0x0000000000100cc8        0xc zephyr/arch/arch/arm/core/cortex_m/libarch__arm__core__cortex_m.a(cpu_idle.c.obj)
                0x0000000000100cc8                z_arm_cpu_idle_init
 .text.z_arm_interrupt_init
                0x0000000000100cd4       0x18 zephyr/arch/arch/arm/core/cortex_m/libarch__arm__core__cortex_m.a(irq_init.c.obj)
                0x0000000000100cd4                z_arm_interrupt_init
 .text._isr_wrapper
                0x0000000000100cec       0x24 zephyr/arch/arch/arm/core/cortex_m/libarch__arm__core__cortex_m.a(isr_wrapper.c.obj)
                0x0000000000100cec                _isr_wrapper
 .text.z_arm_configure_static_mpu_regions
                0x0000000000100d10       0x38 zephyr/arch/arch/arm/core/mpu/libarch__arm__core__mpu.a(arm_core_mpu.c.obj)
                0x0000000000100d10                z_arm_configure_static_mpu_regions
 .text.region_init
                0x0000000000100d48       0x34 zephyr/arch/arch/arm/core/mpu/libarch__arm__core__mpu.a(arm_mpu.c.obj)
 .text.region_allocate_and_init
                0x0000000000100d7c       0x24 zephyr/arch/arch/arm/core/mpu/libarch__arm__core__mpu.a(arm_mpu.c.obj)
 .text.mpu_configure_regions_and_partition.constprop.0
                0x0000000000100da0      0x148 zephyr/arch/arch/arm/core/mpu/libarch__arm__core__mpu.a(arm_mpu.c.obj)
 .text.arm_core_mpu_enable
                0x0000000000100ee8       0x18 zephyr/arch/arch/arm/core/mpu/libarch__arm__core__mpu.a(arm_mpu.c.obj)
                0x0000000000100ee8                arm_core_mpu_enable
 .text.arm_core_mpu_disable
                0x0000000000100f00       0x14 zephyr/arch/arch/arm/core/mpu/libarch__arm__core__mpu.a(arm_mpu.c.obj)
                0x0000000000100f00                arm_core_mpu_disable
 .text.arm_core_mpu_configure_static_mpu_regions
                0x0000000000100f14       0x14 zephyr/arch/arch/arm/core/mpu/libarch__arm__core__mpu.a(arm_mpu.c.obj)
                0x0000000000100f14                arm_core_mpu_configure_static_mpu_regions
 .text.arm_core_mpu_mark_areas_for_dynamic_regions
                0x0000000000100f28       0xb8 zephyr/arch/arch/arm/core/mpu/libarch__arm__core__mpu.a(arm_mpu.c.obj)
                0x0000000000100f28                arm_core_mpu_mark_areas_for_dynamic_regions
 .text.z_arm_mpu_init
                0x0000000000100fe0      0x11c zephyr/arch/arch/arm/core/mpu/libarch__arm__core__mpu.a(arm_mpu.c.obj)
                0x0000000000100fe0                z_arm_mpu_init
 .text.z_impl_zephyr_fputc
                0x00000000001010fc       0x10 zephyr/lib/libc/picolibc/liblib__libc__picolibc.a(libc-hooks.c.obj)
                0x00000000001010fc                z_impl_zephyr_fputc
 .text.__stdout_hook_install
                0x000000000010110c       0x18 zephyr/lib/libc/picolibc/liblib__libc__picolibc.a(libc-hooks.c.obj)
                0x000000000010110c                __stdout_hook_install
 .text.malloc_prepare
                0x0000000000101124       0x24 zephyr/lib/libc/common/liblib__libc__common.a(malloc.c.obj)
 .text.arm_mps2_pinmux_init
                0x0000000000101148       0x24 zephyr/boards/arm/mps2/libboards__arm__mps2.a(pinmux.c.obj)
 .text.uart_console_init
                0x000000000010116c       0x28 zephyr/drivers/console/libdrivers__console.a(uart_console.c.obj)
 .text.console_out
                0x0000000000101194       0x28 zephyr/drivers/console/libdrivers__console.a(uart_console.c.obj)
 .text.elapsed  0x00000000001011bc       0x4c zephyr/drivers/timer/libdrivers__timer.a(cortex_m_systick.c.obj)
 .text.sys_clock_driver_init
                0x0000000000101208       0x38 zephyr/drivers/timer/libdrivers__timer.a(cortex_m_systick.c.obj)
 .text.sys_clock_isr
                0x0000000000101240       0x44 zephyr/drivers/timer/libdrivers__timer.a(cortex_m_systick.c.obj)
                0x0000000000101240                sys_clock_isr
 .text.sys_clock_set_timeout
                0x0000000000101284       0xe4 zephyr/drivers/timer/libdrivers__timer.a(cortex_m_systick.c.obj)
                0x0000000000101284                sys_clock_set_timeout
 .text.sys_clock_elapsed
                0x0000000000101368       0x3c zephyr/drivers/timer/libdrivers__timer.a(cortex_m_systick.c.obj)
                0x0000000000101368                sys_clock_elapsed
 .text.tfm_ns_interface_dispatch
                0x00000000001013a4       0x68 modules/trusted-firmware-m/libtfm_api.a(interface.c.obj)
                0x00000000001013a4                tfm_ns_interface_dispatch
 .text.psa_call
                0x000000000010140c       0x34 modules/trusted-firmware-m/libtfm_api.a(tfm_tz_psa_ns_api.c.obj)
                0x000000000010140c                psa_call
 .text.psa_connect
                0x0000000000101440       0x1c modules/trusted-firmware-m/libtfm_api.a(tfm_tz_psa_ns_api.c.obj)
                0x0000000000101440                psa_connect
 .text.psa_close
                0x000000000010145c       0x1c modules/trusted-firmware-m/libtfm_api.a(tfm_tz_psa_ns_api.c.obj)
                0x000000000010145c                psa_close
 .text.z_fatal_error
                0x0000000000101478       0x30 zephyr/kernel/libkernel.a(fatal.c.obj)
                0x0000000000101478                z_fatal_error
 .text.z_sys_init_run_level
                0x00000000001014a8       0x2c zephyr/kernel/libkernel.a(init.c.obj)
 .text.bg_thread_main
                0x00000000001014d4       0xc0 zephyr/kernel/libkernel.a(init.c.obj)
 .text.z_bss_zero
                0x0000000000101594       0x18 zephyr/kernel/libkernel.a(init.c.obj)
                0x0000000000101594                z_bss_zero
 .text.z_init_cpu
                0x00000000001015ac       0x7c zephyr/kernel/libkernel.a(init.c.obj)
                0x00000000001015ac                z_init_cpu
 .text.z_cstart
                0x0000000000101628       0xcc zephyr/kernel/libkernel.a(init.c.obj)
                0x0000000000101628                z_cstart
 .text.z_impl_k_mutex_lock
                0x00000000001016f4       0xf0 zephyr/kernel/libkernel.a(mutex.c.obj)
                0x00000000001016f4                z_impl_k_mutex_lock
 .text.z_impl_k_mutex_unlock
                0x00000000001017e4       0x78 zephyr/kernel/libkernel.a(mutex.c.obj)
                0x00000000001017e4                z_impl_k_mutex_unlock
 .text.z_setup_new_thread
                0x000000000010185c       0x7c zephyr/kernel/libkernel.a(thread.c.obj)
                0x000000000010185c                z_setup_new_thread
 .text.update_cache
                0x00000000001018d8       0x3c zephyr/kernel/libkernel.a(sched.c.obj)
 .text.unready_thread
                0x0000000000101914       0x30 zephyr/kernel/libkernel.a(sched.c.obj)
 .text.ready_thread
                0x0000000000101944       0x68 zephyr/kernel/libkernel.a(sched.c.obj)
 .text.z_thread_halt
                0x00000000001019ac       0xd8 zephyr/kernel/libkernel.a(sched.c.obj)
 .text.move_thread_to_end_of_prio_q
                0x0000000000101a84       0x74 zephyr/kernel/libkernel.a(sched.c.obj)
                0x0000000000101a84                move_thread_to_end_of_prio_q
 .text.z_pend_curr
                0x0000000000101af8       0x58 zephyr/kernel/libkernel.a(sched.c.obj)
                0x0000000000101af8                z_pend_curr
 .text.z_thread_prio_set
                0x0000000000101b50       0x88 zephyr/kernel/libkernel.a(sched.c.obj)
                0x0000000000101b50                z_thread_prio_set
 .text.z_reschedule
                0x0000000000101bd8       0x24 zephyr/kernel/libkernel.a(sched.c.obj)
                0x0000000000101bd8                z_reschedule
 .text.z_sched_start
                0x0000000000101bfc       0x3c zephyr/kernel/libkernel.a(sched.c.obj)
                0x0000000000101bfc                z_sched_start
 .text.z_reschedule_irqlock
                0x0000000000101c38       0x28 zephyr/kernel/libkernel.a(sched.c.obj)
                0x0000000000101c38                z_reschedule_irqlock
 .text.k_sched_lock
                0x0000000000101c60       0x28 zephyr/kernel/libkernel.a(sched.c.obj)
                0x0000000000101c60                k_sched_lock
 .text.k_sched_unlock
                0x0000000000101c88       0x40 zephyr/kernel/libkernel.a(sched.c.obj)
                0x0000000000101c88                k_sched_unlock
 .text.z_sched_init
                0x0000000000101cc8       0x10 zephyr/kernel/libkernel.a(sched.c.obj)
                0x0000000000101cc8                z_sched_init
 .text.z_impl_k_sched_current_thread_query
                0x0000000000101cd8        0xc zephyr/kernel/libkernel.a(sched.c.obj)
                0x0000000000101cd8                z_impl_k_sched_current_thread_query
 .text.slice_timeout
                0x0000000000101ce4       0x20 zephyr/kernel/libkernel.a(timeslicing.c.obj)
 .text.thread_is_sliceable
                0x0000000000101d04       0x3c zephyr/kernel/libkernel.a(timeslicing.c.obj)
                0x0000000000101d04                thread_is_sliceable
 .text.z_reset_time_slice
                0x0000000000101d40       0x50 zephyr/kernel/libkernel.a(timeslicing.c.obj)
                0x0000000000101d40                z_reset_time_slice
 .text.z_time_slice
                0x0000000000101d90       0x60 zephyr/kernel/libkernel.a(timeslicing.c.obj)
                0x0000000000101d90                z_time_slice
 .text.z_data_copy
                0x0000000000101df0       0x34 zephyr/kernel/libkernel.a(xip.c.obj)
                0x0000000000101df0                z_data_copy
 .text.elapsed  0x0000000000101e24       0x14 zephyr/kernel/libkernel.a(timeout.c.obj)
 .text.remove_timeout
                0x0000000000101e38       0x38 zephyr/kernel/libkernel.a(timeout.c.obj)
 .text.next_timeout
                0x0000000000101e70       0x40 zephyr/kernel/libkernel.a(timeout.c.obj)
 .text.z_add_timeout
                0x0000000000101eb0       0xf4 zephyr/kernel/libkernel.a(timeout.c.obj)
                0x0000000000101eb0                z_add_timeout
 .text.sys_clock_announce
                0x0000000000101fa4       0xd0 zephyr/kernel/libkernel.a(timeout.c.obj)
                0x0000000000101fa4                sys_clock_announce
 .text.boot_banner
                0x0000000000102074        0xc zephyr/kernel/libkernel.a(banner.c.obj)
                0x0000000000102074                boot_banner
 .text.__l_vfprintf
                0x0000000000102080      0x4b4 /home/shared/zephyr-sdk-0.16.5-1/arm-zephyr-eabi/bin/../lib/gcc/../../picolibc/arm-zephyr-eabi/lib/thumb/v8-m.main/nofp/libc.a(libc_tinystdio_vflprintf.c.o)
                0x0000000000102080                __l_vfprintf
 .text._OffsetAbsSyms
                0x0000000000102534        0x2 zephyr/CMakeFiles/offsets.dir/./arch/arm/core/offsets/offsets.c.obj
                0x0000000000102534                _OffsetAbsSyms
 .text.chunk_field
                0x0000000000102536       0x16 zephyr/libzephyr.a(heap.c.obj)
 .text.chunk_set
                0x000000000010254c       0x16 zephyr/libzephyr.a(heap.c.obj)
 .text.chunk_size
                0x0000000000102562        0xc zephyr/libzephyr.a(heap.c.obj)
 .text.set_chunk_used
                0x000000000010256e       0x30 zephyr/libzephyr.a(heap.c.obj)
 .text.set_chunk_size
                0x000000000010259e        0x8 zephyr/libzephyr.a(heap.c.obj)
 .text.bucket_idx.isra.0
                0x00000000001025a6       0x1c zephyr/libzephyr.a(heap.c.obj)
 .text.free_list_add
                0x00000000001025c2       0x84 zephyr/libzephyr.a(heap.c.obj)
 .text.sys_heap_init
                0x0000000000102646       0xb0 zephyr/libzephyr.a(heap.c.obj)
                0x0000000000102646                sys_heap_init
 .text.arch_printk_char_out
                0x00000000001026f6        0x4 zephyr/libzephyr.a(printk.c.obj)
                0x00000000001026f6                arch_printk_char_out
 .text.printk   0x00000000001026fa       0x1a zephyr/libzephyr.a(printk.c.obj)
                0x00000000001026fa                printk
 .text._ConfigAbsSyms
                0x0000000000102714        0x2 zephyr/libzephyr.a(configs.c.obj)
                0x0000000000102714                _ConfigAbsSyms
 .text.z_arm_fatal_error
                0x0000000000102716        0xc zephyr/arch/arch/arm/core/libarch__arm__core.a(fatal.c.obj)
                0x0000000000102716                z_arm_fatal_error
 .text.z_do_kernel_oops
                0x0000000000102722        0x8 zephyr/arch/arch/arm/core/libarch__arm__core.a(fatal.c.obj)
                0x0000000000102722                z_do_kernel_oops
 .text.z_arm_save_fp_context
                0x000000000010272a        0x2 zephyr/arch/arch/arm/core/cortex_m/libarch__arm__core__cortex_m.a(fpu.c.obj)
                0x000000000010272a                z_arm_save_fp_context
 .text.z_arm_restore_fp_context
                0x000000000010272c        0x2 zephyr/arch/arch/arm/core/cortex_m/libarch__arm__core__cortex_m.a(fpu.c.obj)
                0x000000000010272c                z_arm_restore_fp_context
 .text.z_irq_spurious
                0x000000000010272e        0x8 zephyr/arch/arch/arm/core/cortex_m/libarch__arm__core__cortex_m.a(irq_manage.c.obj)
                0x000000000010272e                z_irq_spurious
 .text.arch_irq_unlock_outlined
                0x0000000000102736        0xe zephyr/arch/arch/arm/core/cortex_m/libarch__arm__core__cortex_m.a(thread.c.obj)
                0x0000000000102736                arch_irq_unlock_outlined
 .text.arch_cpu_idle
                0x0000000000102744       0x1a zephyr/arch/arch/arm/core/cortex_m/libarch__arm__core__cortex_m.a(cpu_idle.c.obj)
                0x0000000000102744                arch_cpu_idle
 .text.arm_cmse_mpu_region_get
                0x000000000010275e       0x12 zephyr/arch/arch/arm/core/cortex_m/cmse/libarch__arm__core__cortex_m__cmse.a(arm_core_cmse.c.obj)
                0x000000000010275e                arm_cmse_mpu_region_get
 .text.mpu_configure_region
                0x0000000000102770       0x32 zephyr/arch/arch/arm/core/mpu/libarch__arm__core__mpu.a(arm_mpu.c.obj)
 .text.picolibc_put
                0x00000000001027a2        0xa zephyr/lib/libc/picolibc/liblib__libc__picolibc.a(libc-hooks.c.obj)
 .text.gpio_cmsdk_ahb_port_get_raw
                0x00000000001027ac        0xc zephyr/drivers/gpio/libdrivers__gpio.a(gpio_cmsdk_ahb.c.obj)
 .text.gpio_cmsdk_ahb_port_set_masked_raw
                0x00000000001027b8       0x12 zephyr/drivers/gpio/libdrivers__gpio.a(gpio_cmsdk_ahb.c.obj)
 .text.gpio_cmsdk_ahb_port_set_bits_raw
                0x00000000001027ca        0xe zephyr/drivers/gpio/libdrivers__gpio.a(gpio_cmsdk_ahb.c.obj)
 .text.gpio_cmsdk_ahb_port_clear_bits_raw
                0x00000000001027d8       0x10 zephyr/drivers/gpio/libdrivers__gpio.a(gpio_cmsdk_ahb.c.obj)
 .text.gpio_cmsdk_ahb_port_toggle_bits
                0x00000000001027e8        0xe zephyr/drivers/gpio/libdrivers__gpio.a(gpio_cmsdk_ahb.c.obj)
 .text.gpio_cmsdk_ahb_config
                0x00000000001027f6       0x44 zephyr/drivers/gpio/libdrivers__gpio.a(gpio_cmsdk_ahb.c.obj)
 .text.gpio_cmsdk_ahb_pin_interrupt_configure
                0x000000000010283a       0x4a zephyr/drivers/gpio/libdrivers__gpio.a(gpio_cmsdk_ahb.c.obj)
 .text.gpio_cmsdk_ahb_manage_callback
                0x0000000000102884       0x52 zephyr/drivers/gpio/libdrivers__gpio.a(gpio_cmsdk_ahb.c.obj)
 .text.gpio_cmsdk_ahb_init
                0x00000000001028d6        0xc zephyr/drivers/gpio/libdrivers__gpio.a(gpio_cmsdk_ahb.c.obj)
 .text.gpio_cmsdk_port_0_config_func
                0x00000000001028e2       0x16 zephyr/drivers/gpio/libdrivers__gpio.a(gpio_cmsdk_ahb.c.obj)
 .text.gpio_cmsdk_port_1_config_func
                0x00000000001028f8       0x16 zephyr/drivers/gpio/libdrivers__gpio.a(gpio_cmsdk_ahb.c.obj)
 .text.gpio_cmsdk_port_2_config_func
                0x000000000010290e       0x16 zephyr/drivers/gpio/libdrivers__gpio.a(gpio_cmsdk_ahb.c.obj)
 .text.gpio_cmsdk_port_3_config_func
                0x0000000000102924       0x16 zephyr/drivers/gpio/libdrivers__gpio.a(gpio_cmsdk_ahb.c.obj)
 .text.gpio_cmsdk_ahb_isr
                0x000000000010293a       0x32 zephyr/drivers/gpio/libdrivers__gpio.a(gpio_cmsdk_ahb.c.obj)
 .text.gpio_mmio32_config
                0x000000000010296c       0x66 zephyr/drivers/gpio/libdrivers__gpio.a(gpio_mmio32.c.obj)
 .text.gpio_mmio32_port_get_raw
                0x00000000001029d2       0x12 zephyr/drivers/gpio/libdrivers__gpio.a(gpio_mmio32.c.obj)
 .text.gpio_mmio32_port_set_masked_raw
                0x00000000001029e4       0x30 zephyr/drivers/gpio/libdrivers__gpio.a(gpio_mmio32.c.obj)
 .text.gpio_mmio32_port_set_bits_raw
                0x0000000000102a14       0x2a zephyr/drivers/gpio/libdrivers__gpio.a(gpio_mmio32.c.obj)
 .text.gpio_mmio32_port_clear_bits_raw
                0x0000000000102a3e       0x2c zephyr/drivers/gpio/libdrivers__gpio.a(gpio_mmio32.c.obj)
 .text.gpio_mmio32_port_toggle_bits
                0x0000000000102a6a       0x2a zephyr/drivers/gpio/libdrivers__gpio.a(gpio_mmio32.c.obj)
 .text.gpio_mmio32_init
                0x0000000000102a94        0xa zephyr/drivers/gpio/libdrivers__gpio.a(gpio_mmio32.c.obj)
                0x0000000000102a94                gpio_mmio32_init
 .text.uart_cmsdk_apb_init
                0x0000000000102a9e       0x24 zephyr/drivers/serial/libdrivers__serial.a(uart_cmsdk_apb.c.obj)
 .text.uart_cmsdk_apb_poll_in
                0x0000000000102ac2       0x16 zephyr/drivers/serial/libdrivers__serial.a(uart_cmsdk_apb.c.obj)
 .text.uart_cmsdk_apb_poll_out
                0x0000000000102ad8        0xe zephyr/drivers/serial/libdrivers__serial.a(uart_cmsdk_apb.c.obj)
 .text.uart_cmsdk_apb_fifo_fill
                0x0000000000102ae6       0x20 zephyr/drivers/serial/libdrivers__serial.a(uart_cmsdk_apb.c.obj)
 .text.uart_cmsdk_apb_fifo_read
                0x0000000000102b06       0x20 zephyr/drivers/serial/libdrivers__serial.a(uart_cmsdk_apb.c.obj)
 .text.uart_cmsdk_apb_irq_tx_disable
                0x0000000000102b26       0x14 zephyr/drivers/serial/libdrivers__serial.a(uart_cmsdk_apb.c.obj)
 .text.uart_cmsdk_apb_irq_tx_ready
                0x0000000000102b3a        0xe zephyr/drivers/serial/libdrivers__serial.a(uart_cmsdk_apb.c.obj)
 .text.uart_cmsdk_apb_irq_rx_enable
                0x0000000000102b48        0xe zephyr/drivers/serial/libdrivers__serial.a(uart_cmsdk_apb.c.obj)
 .text.uart_cmsdk_apb_irq_rx_disable
                0x0000000000102b56       0x14 zephyr/drivers/serial/libdrivers__serial.a(uart_cmsdk_apb.c.obj)
 .text.uart_cmsdk_apb_irq_tx_complete
                0x0000000000102b6a        0x4 zephyr/drivers/serial/libdrivers__serial.a(uart_cmsdk_apb.c.obj)
 .text.uart_cmsdk_apb_irq_rx_ready
                0x0000000000102b6e        0xc zephyr/drivers/serial/libdrivers__serial.a(uart_cmsdk_apb.c.obj)
 .text.uart_cmsdk_apb_irq_err_enable
                0x0000000000102b7a        0x2 zephyr/drivers/serial/libdrivers__serial.a(uart_cmsdk_apb.c.obj)
 .text.uart_cmsdk_apb_irq_is_pending
                0x0000000000102b7c        0xc zephyr/drivers/serial/libdrivers__serial.a(uart_cmsdk_apb.c.obj)
 .text.uart_cmsdk_apb_irq_update
                0x0000000000102b88        0x4 zephyr/drivers/serial/libdrivers__serial.a(uart_cmsdk_apb.c.obj)
 .text.uart_cmsdk_apb_irq_callback_set
                0x0000000000102b8c        0x8 zephyr/drivers/serial/libdrivers__serial.a(uart_cmsdk_apb.c.obj)
 .text.uart_cmsdk_apb_isr
                0x0000000000102b94        0xc zephyr/drivers/serial/libdrivers__serial.a(uart_cmsdk_apb.c.obj)
 .text.uart_cmsdk_apb_irq_tx_enable
                0x0000000000102ba0       0x2a zephyr/drivers/serial/libdrivers__serial.a(uart_cmsdk_apb.c.obj)
 .text.uart_cmsdk_apb_irq_config_func_0
                0x0000000000102bca       0x26 zephyr/drivers/serial/libdrivers__serial.a(uart_cmsdk_apb.c.obj)
 .text.uart_cmsdk_apb_irq_config_func_1
                0x0000000000102bf0       0x26 zephyr/drivers/serial/libdrivers__serial.a(uart_cmsdk_apb.c.obj)
 .text.uart_cmsdk_apb_irq_config_func_2
                0x0000000000102c16       0x26 zephyr/drivers/serial/libdrivers__serial.a(uart_cmsdk_apb.c.obj)
 .text.uart_cmsdk_apb_irq_config_func_3
                0x0000000000102c3c       0x26 zephyr/drivers/serial/libdrivers__serial.a(uart_cmsdk_apb.c.obj)
 .text.uart_cmsdk_apb_irq_config_func_4
                0x0000000000102c62       0x26 zephyr/drivers/serial/libdrivers__serial.a(uart_cmsdk_apb.c.obj)
 .text.uart_cmsdk_apb_irq_err_disable
                0x0000000000102c88        0x2 zephyr/drivers/serial/libdrivers__serial.a(uart_cmsdk_apb.c.obj)
 .text._mbedtls_init
                0x0000000000102c8a        0x4 modules/mbedtls/libmbedTLSBase.a(zephyr_init.c.obj)
 .text.ns_interface_init
                0x0000000000102c8e        0x4 modules/trusted-firmware-m/libtfm_api.a(interface.c.obj)
 .text.z_device_state_init
                0x0000000000102c92        0x2 zephyr/kernel/libkernel.a(device.c.obj)
                0x0000000000102c92                z_device_state_init
 .text.z_device_is_ready
                0x0000000000102c94       0x16 zephyr/kernel/libkernel.a(device.c.obj)
                0x0000000000102c94                z_device_is_ready
 .text.arch_system_halt
                0x0000000000102caa       0x10 zephyr/kernel/libkernel.a(fatal.c.obj)
                0x0000000000102caa                arch_system_halt
 .text.k_sys_fatal_error_handler
                0x0000000000102cba        0x6 zephyr/kernel/libkernel.a(fatal.c.obj)
                0x0000000000102cba                k_sys_fatal_error_handler
 .text.do_device_init
                0x0000000000102cc0       0x30 zephyr/kernel/libkernel.a(init.c.obj)
 .text.z_early_memset
                0x0000000000102cf0        0x4 zephyr/kernel/libkernel.a(init.c.obj)
                0x0000000000102cf0                z_early_memset
 .text.z_early_memcpy
                0x0000000000102cf4        0x4 zephyr/kernel/libkernel.a(init.c.obj)
                0x0000000000102cf4                z_early_memcpy
 .text.idle     0x0000000000102cf8       0x16 zephyr/kernel/libkernel.a(idle.c.obj)
                0x0000000000102cf8                idle
 .text.adjust_owner_prio.isra.0
                0x0000000000102d0e       0x10 zephyr/kernel/libkernel.a(mutex.c.obj)
 .text.z_impl_k_thread_start
                0x0000000000102d1e        0x4 zephyr/kernel/libkernel.a(thread.c.obj)
                0x0000000000102d1e                z_impl_k_thread_start
 .text.sys_dlist_remove
                0x0000000000102d22       0x10 zephyr/kernel/libkernel.a(sched.c.obj)
 .text.unpend_thread_no_timeout
                0x0000000000102d32       0x14 zephyr/kernel/libkernel.a(sched.c.obj)
 .text.add_to_waitq_locked
                0x0000000000102d46       0x50 zephyr/kernel/libkernel.a(sched.c.obj)
 .text.z_ready_thread
                0x0000000000102d96       0x1e zephyr/kernel/libkernel.a(sched.c.obj)
                0x0000000000102d96                z_ready_thread
 .text.z_sched_wake_thread
                0x0000000000102db4       0x42 zephyr/kernel/libkernel.a(sched.c.obj)
                0x0000000000102db4                z_sched_wake_thread
 .text.z_thread_timeout
                0x0000000000102df6        0x8 zephyr/kernel/libkernel.a(sched.c.obj)
                0x0000000000102df6                z_thread_timeout
 .text.z_unpend_first_thread
                0x0000000000102dfe       0x36 zephyr/kernel/libkernel.a(sched.c.obj)
                0x0000000000102dfe                z_unpend_first_thread
 .text.z_thread_abort
                0x0000000000102e34       0x44 zephyr/kernel/libkernel.a(sched.c.obj)
                0x0000000000102e34                z_thread_abort
 .text.z_abort_timeout
                0x0000000000102e78       0x2a zephyr/kernel/libkernel.a(timeout.c.obj)
                0x0000000000102e78                z_abort_timeout
 .text.strnlen  0x0000000000102ea2       0x18 /home/shared/zephyr-sdk-0.16.5-1/arm-zephyr-eabi/bin/../lib/gcc/../../picolibc/arm-zephyr-eabi/lib/thumb/v8-m.main/nofp/libc.a(libc_string_strnlen.c.o)
                0x0000000000102ea2                strnlen
 .text.__ultoa_invert
                0x0000000000102eba       0xac /home/shared/zephyr-sdk-0.16.5-1/arm-zephyr-eabi/bin/../lib/gcc/../../picolibc/arm-zephyr-eabi/lib/thumb/v8-m.main/nofp/libc.a(libc_tinystdio_vflprintf.c.o)
 .text.memcpy   0x0000000000102f66       0x1a /home/shared/zephyr-sdk-0.16.5-1/arm-zephyr-eabi/bin/../lib/gcc/../../picolibc/arm-zephyr-eabi/lib/thumb/v8-m.main/nofp/libc.a(memcpy.c.o)
                0x0000000000102f66                memcpy
                0x0000000000102f66                __aeabi_memcpy
                0x0000000000102f66                __aeabi_memcpy4
                0x0000000000102f66                __aeabi_memcpy8
 .text.memset   0x0000000000102f80       0x10 /home/shared/zephyr-sdk-0.16.5-1/arm-zephyr-eabi/bin/../lib/gcc/../../picolibc/arm-zephyr-eabi/lib/thumb/v8-m.main/nofp/libc.a(memset.c.o)
                0x0000000000102f80                memset
 *(SORT_BY_ALIGNMENT(.TEXT.*))
 .TEXT.__aeabi_read_tp
                0x0000000000102f90        0xc zephyr/arch/arch/arm/core/cortex_m/libarch__arm__core__cortex_m.a(__aeabi_read_tp.S.obj)
                0x0000000000102f90                __aeabi_read_tp
 *(SORT_BY_ALIGNMENT(.gnu.linkonce.t.*))
 *(SORT_BY_ALIGNMENT(.glue_7t))
 .glue_7t       0x0000000000102f9c        0x0 linker stubs
 *(SORT_BY_ALIGNMENT(.glue_7))
 .glue_7        0x0000000000102f9c        0x0 linker stubs
 *(SORT_BY_ALIGNMENT(.vfp11_veneer))
 .vfp11_veneer  0x0000000000102f9c        0x0 linker stubs
 *(SORT_BY_ALIGNMENT(.v4_bx))
 .v4_bx         0x0000000000102f9c        0x0 linker stubs
                0x0000000000102f9c                . = ALIGN (0x4)
                0x0000000000102f9c                __text_region_end = .

.ARM.exidx      0x0000000000102f9c        0x0
                0x0000000000102f9c                __exidx_start = .
 *(SORT_BY_ALIGNMENT(.ARM.exidx*) SORT_BY_ALIGNMENT(gnu.linkonce.armexidx.*))
                0x0000000000102f9c                __exidx_end = .
                0x0000000000102f9c                __rodata_region_start = .

initlevel       0x0000000000102f9c       0x90
                0x0000000000102f9c                __init_start = .
                0x0000000000102f9c                __init_EARLY_start = .
 *(SORT_BY_NAME(SORT_BY_ALIGNMENT(.z_init_EARLY?_*)))
 *(SORT_BY_NAME(SORT_BY_ALIGNMENT(.z_init_EARLY??_*)))
                0x0000000000102f9c                __init_PRE_KERNEL_1_start = .
 *(SORT_BY_NAME(SORT_BY_ALIGNMENT(.z_init_PRE_KERNEL_1?_*)))
 *(SORT_BY_NAME(SORT_BY_ALIGNMENT(.z_init_PRE_KERNEL_1??_*)))
 .z_init_PRE_KERNEL_140_00026_
                0x0000000000102f9c        0x8 zephyr/drivers/gpio/libdrivers__gpio.a(gpio_cmsdk_ahb.c.obj)
 .z_init_PRE_KERNEL_140_00027_
                0x0000000000102fa4        0x8 zephyr/drivers/gpio/libdrivers__gpio.a(gpio_cmsdk_ahb.c.obj)
 .z_init_PRE_KERNEL_140_00028_
                0x0000000000102fac        0x8 zephyr/drivers/gpio/libdrivers__gpio.a(gpio_cmsdk_ahb.c.obj)
 .z_init_PRE_KERNEL_140_00029_
                0x0000000000102fb4        0x8 zephyr/drivers/gpio/libdrivers__gpio.a(gpio_cmsdk_ahb.c.obj)
 .z_init_PRE_KERNEL_140_0_
                0x0000000000102fbc        0x8 zephyr/boards/arm/mps2/libboards__arm__mps2.a(pinmux.c.obj)
 .z_init_PRE_KERNEL_150_00011_
                0x0000000000102fc4        0x8 zephyr/libzephyr.a(soc.c.obj)
 .z_init_PRE_KERNEL_150_00015_
                0x0000000000102fcc        0x8 zephyr/libzephyr.a(soc.c.obj)
 .z_init_PRE_KERNEL_150_00036_
                0x0000000000102fd4        0x8 zephyr/libzephyr.a(soc.c.obj)
 .z_init_PRE_KERNEL_150_00040_
                0x0000000000102fdc        0x8 zephyr/drivers/serial/libdrivers__serial.a(uart_cmsdk_apb.c.obj)
 .z_init_PRE_KERNEL_150_00041_
                0x0000000000102fe4        0x8 zephyr/drivers/serial/libdrivers__serial.a(uart_cmsdk_apb.c.obj)
 .z_init_PRE_KERNEL_150_00042_
                0x0000000000102fec        0x8 zephyr/drivers/serial/libdrivers__serial.a(uart_cmsdk_apb.c.obj)
 .z_init_PRE_KERNEL_150_00043_
                0x0000000000102ff4        0x8 zephyr/drivers/serial/libdrivers__serial.a(uart_cmsdk_apb.c.obj)
 .z_init_PRE_KERNEL_150_00044_
                0x0000000000102ffc        0x8 zephyr/drivers/serial/libdrivers__serial.a(uart_cmsdk_apb.c.obj)
 .z_init_PRE_KERNEL_160_0_
                0x0000000000103004        0x8 zephyr/drivers/console/libdrivers__console.a(uart_console.c.obj)
                0x000000000010300c                __init_PRE_KERNEL_2_start = .
 *(SORT_BY_NAME(SORT_BY_ALIGNMENT(.z_init_PRE_KERNEL_2?_*)))
 .z_init_PRE_KERNEL_20_0_
                0x000000000010300c        0x8 zephyr/drivers/timer/libdrivers__timer.a(cortex_m_systick.c.obj)
 *(SORT_BY_NAME(SORT_BY_ALIGNMENT(.z_init_PRE_KERNEL_2??_*)))
                0x0000000000103014                __init_POST_KERNEL_start = .
 *(SORT_BY_NAME(SORT_BY_ALIGNMENT(.z_init_POST_KERNEL?_*)))
 .z_init_POST_KERNEL0_0_
                0x0000000000103014        0x8 modules/mbedtls/libmbedTLSBase.a(zephyr_init.c.obj)
 *(SORT_BY_NAME(SORT_BY_ALIGNMENT(.z_init_POST_KERNEL??_*)))
 .z_init_POST_KERNEL40_0_
                0x000000000010301c        0x8 zephyr/lib/libc/common/liblib__libc__common.a(malloc.c.obj)
 .z_init_POST_KERNEL40_0_
                0x0000000000103024        0x8 modules/trusted-firmware-m/libtfm_api.a(interface.c.obj)
                0x000000000010302c                __init_APPLICATION_start = .
 *(SORT_BY_NAME(SORT_BY_ALIGNMENT(.z_init_APPLICATION?_*)))
 *(SORT_BY_NAME(SORT_BY_ALIGNMENT(.z_init_APPLICATION??_*)))
                0x000000000010302c                __init_SMP_start = .
 *(SORT_BY_NAME(SORT_BY_ALIGNMENT(.z_init_SMP?_*)))
 *(SORT_BY_NAME(SORT_BY_ALIGNMENT(.z_init_SMP??_*)))
                0x000000000010302c                __init_end = .
                0x000000000010302c                __deferred_init_list_start = .
 *(SORT_BY_ALIGNMENT(.z_deferred_init))
                0x000000000010302c                __deferred_init_list_end = .

device_area     0x000000000010302c       0xf0
                0x000000000010302c                _device_list_start = .
 *(SORT_BY_NAME(SORT_BY_ALIGNMENT(._device.static.*_?_*)))
 *(SORT_BY_NAME(SORT_BY_ALIGNMENT(._device.static.*_??_*)))
 ._device.static.1_40_
                0x000000000010302c       0x50 zephyr/drivers/gpio/libdrivers__gpio.a(gpio_cmsdk_ahb.c.obj)
                0x000000000010302c                __device_dts_ord_29
                0x0000000000103040                __device_dts_ord_28
                0x0000000000103054                __device_dts_ord_27
                0x0000000000103068                __device_dts_ord_26
 ._device.static.1_50_
                0x000000000010307c       0x3c zephyr/libzephyr.a(soc.c.obj)
                0x000000000010307c                __device_dts_ord_36
                0x0000000000103090                __device_dts_ord_11
                0x00000000001030a4                __device_dts_ord_15
 ._device.static.1_50_
                0x00000000001030b8       0x64 zephyr/drivers/serial/libdrivers__serial.a(uart_cmsdk_apb.c.obj)
                0x00000000001030b8                __device_dts_ord_44
                0x00000000001030cc                __device_dts_ord_43
                0x00000000001030e0                __device_dts_ord_42
                0x00000000001030f4                __device_dts_ord_41
                0x0000000000103108                __device_dts_ord_40
                0x000000000010311c                _device_list_end = .

sw_isr_table    0x000000000010311c      0x300
                0x000000000010311c                . = ALIGN (0x4)
 *(SORT_BY_ALIGNMENT(.gnu.linkonce.sw_isr_table*))
 .gnu.linkonce.sw_isr_table
                0x000000000010311c      0x300 zephyr/arch/common/libisr_tables.a(isr_tables.c.obj)
                0x000000000010311c                _sw_isr_table

initlevel_error
                0x0000000000102f9c        0x0
 *(SORT_BY_NAME(SORT_BY_ALIGNMENT(.z_init_[_A-Z0-9]*)))
                0x0000000000000001                ASSERT ((SIZEOF (initlevel_error) == 0x0), Undefined initialization levels used.)

app_shmem_regions
                0x000000000010341c        0x0
                0x000000000010341c                __app_shmem_regions_start = .
 *(SORT_BY_NAME(SORT_BY_ALIGNMENT(.app_regions.*)))
                0x000000000010341c                __app_shmem_regions_end = .

k_p4wq_initparam_area
                0x000000000010341c        0x0
                0x000000000010341c                _k_p4wq_initparam_list_start = .
 *(SORT_BY_NAME(SORT_BY_ALIGNMENT(._k_p4wq_initparam.static.*)))
                0x000000000010341c                _k_p4wq_initparam_list_end = .

_static_thread_data_area
                0x000000000010341c        0x0
                0x000000000010341c                __static_thread_data_list_start = .
 *(SORT_BY_NAME(SORT_BY_ALIGNMENT(.__static_thread_data.static.*)))
                0x000000000010341c                __static_thread_data_list_end = .

device_deps     0x000000000010341c        0x0
                0x000000000010341c                __device_deps_start = .
 *(SORT_BY_NAME(SORT_BY_ALIGNMENT(.__device_deps_pass2*)))
                0x000000000010341c                __device_deps_end = .

ztest           0x000000000010341c        0x0
                0x000000000010341c                _ztest_expected_result_entry_list_start = .
 *(SORT_BY_NAME(SORT_BY_ALIGNMENT(._ztest_expected_result_entry.static.*)))
                0x000000000010341c                _ztest_expected_result_entry_list_end = .
                0x000000000010341c                _ztest_suite_node_list_start = .
 *(SORT_BY_NAME(SORT_BY_ALIGNMENT(._ztest_suite_node.static.*)))
                0x000000000010341c                _ztest_suite_node_list_end = .
                0x000000000010341c                _ztest_unit_test_list_start = .
 *(SORT_BY_NAME(SORT_BY_ALIGNMENT(._ztest_unit_test.static.*)))
                0x000000000010341c                _ztest_unit_test_list_end = .
                0x000000000010341c                _ztest_test_rule_list_start = .
 *(SORT_BY_NAME(SORT_BY_ALIGNMENT(._ztest_test_rule.static.*)))
                0x000000000010341c                _ztest_test_rule_list_end = .

bt_l2cap_fixed_chan_area
                0x000000000010341c        0x0
                0x000000000010341c                _bt_l2cap_fixed_chan_list_start = .
 *(SORT_BY_NAME(SORT_BY_ALIGNMENT(._bt_l2cap_fixed_chan.static.*)))
                0x000000000010341c                _bt_l2cap_fixed_chan_list_end = .

bt_gatt_service_static_area
                0x000000000010341c        0x0
                0x000000000010341c                _bt_gatt_service_static_list_start = .
 *(SORT_BY_NAME(SORT_BY_ALIGNMENT(._bt_gatt_service_static.static.*)))
                0x000000000010341c                _bt_gatt_service_static_list_end = .

log_strings_area
                0x000000000010341c        0x0
                0x000000000010341c                _log_strings_list_start = .
 *(SORT_BY_NAME(SORT_BY_ALIGNMENT(._log_strings.static.*)))
                0x000000000010341c                _log_strings_list_end = .

log_const_area  0x000000000010341c        0x0
                0x000000000010341c                _log_const_list_start = .
 *(SORT_BY_NAME(SORT_BY_ALIGNMENT(._log_const.static.*)))
                0x000000000010341c                _log_const_list_end = .

log_backend_area
                0x000000000010341c        0x0
                0x000000000010341c                _log_backend_list_start = .
 *(SORT_BY_NAME(SORT_BY_ALIGNMENT(._log_backend.static.*)))
                0x000000000010341c                _log_backend_list_end = .

log_link_area   0x000000000010341c        0x0
                0x000000000010341c                _log_link_list_start = .
 *(SORT_BY_NAME(SORT_BY_ALIGNMENT(._log_link.static.*)))
                0x000000000010341c                _log_link_list_end = .

tracing_backend_area
                0x000000000010341c        0x0
                0x000000000010341c                _tracing_backend_list_start = .
 *(SORT_BY_NAME(SORT_BY_ALIGNMENT(._tracing_backend.static.*)))
                0x000000000010341c                _tracing_backend_list_end = .

zephyr_dbg_info
 *(SORT_BY_ALIGNMENT(.dbg_thread_info))

symbol_to_keep  0x000000000010341c        0x0
                0x000000000010341c                __symbol_to_keep_start = .
 *(SORT_BY_NAME(SORT_BY_ALIGNMENT(.symbol_to_keep*)))
                0x000000000010341c                __symbol_to_keep_end = .

shell_area      0x000000000010341c        0x0
                0x000000000010341c                _shell_list_start = .
 *(SORT_BY_NAME(SORT_BY_ALIGNMENT(._shell.static.*)))
                0x000000000010341c                _shell_list_end = .

shell_root_cmds_area
                0x000000000010341c        0x0
                0x000000000010341c                _shell_root_cmds_list_start = .
 *(SORT_BY_NAME(SORT_BY_ALIGNMENT(._shell_root_cmds.static.*)))
                0x000000000010341c                _shell_root_cmds_list_end = .

shell_subcmds_area
                0x000000000010341c        0x0
                0x000000000010341c                _shell_subcmds_list_start = .
 *(SORT_BY_NAME(SORT_BY_ALIGNMENT(._shell_subcmds.static.*)))
                0x000000000010341c                _shell_subcmds_list_end = .

shell_dynamic_subcmds_area
                0x000000000010341c        0x0
                0x000000000010341c                _shell_dynamic_subcmds_list_start = .
 *(SORT_BY_NAME(SORT_BY_ALIGNMENT(._shell_dynamic_subcmds.static.*)))
                0x000000000010341c                _shell_dynamic_subcmds_list_end = .

cfb_font_area   0x000000000010341c        0x0
                0x000000000010341c                _cfb_font_list_start = .
 *(SORT_BY_NAME(SORT_BY_ALIGNMENT(._cfb_font.static.*)))
                0x000000000010341c                _cfb_font_list_end = .

tdata           0x000000000010341c        0x0
 *(SORT_BY_ALIGNMENT(.tdata) SORT_BY_ALIGNMENT(.tdata.*) SORT_BY_ALIGNMENT(.gnu.linkonce.td.*))

tbss            0x000000000010341c        0x4
 *(SORT_BY_ALIGNMENT(.tbss) SORT_BY_ALIGNMENT(.tbss.*) SORT_BY_ALIGNMENT(.gnu.linkonce.tb.*) SORT_BY_ALIGNMENT(.tcommon))
 .tbss.z_tls_current
                0x000000000010341c        0x4 zephyr/libzephyr.a(thread_entry.c.obj)
                0x000000000010341c                z_tls_current
                0x000000000010341c                PROVIDE (__tdata_start = LOADADDR (tdata))
                0x0000000000000001                PROVIDE (__tdata_align = ALIGNOF (tdata))
                0x0000000000000000                PROVIDE (__tdata_size = (((SIZEOF (tdata) + __tdata_align) - 0x1) & ~ ((__tdata_align - 0x1))))
                [!provide]                        PROVIDE (__tdata_end = (__tdata_start + __tdata_size))
                0x0000000000000004                PROVIDE (__tbss_align = ALIGNOF (tbss))
                [!provide]                        PROVIDE (__tbss_start = ADDR (tbss))
                0x0000000000000004                PROVIDE (__tbss_size = (((SIZEOF (tbss) + __tbss_align) - 0x1) & ~ ((__tbss_align - 0x1))))
                [!provide]                        PROVIDE (__tbss_end = (__tbss_start + __tbss_size))
                [!provide]                        PROVIDE (__tls_start = __tdata_start)
                [!provide]                        PROVIDE (__tls_end = __tbss_end)
                [!provide]                        PROVIDE (__tls_size = (__tbss_end - __tdata_start))

rodata          0x000000000010341c      0x324
 *(SORT_BY_ALIGNMENT(.rodata))
 *(SORT_BY_ALIGNMENT(.rodata.*))
 .rodata.dts_ord_36_cfg
                0x000000000010341c        0xc zephyr/libzephyr.a(soc.c.obj)
 .rodata.dts_ord_11_cfg
                0x0000000000103428        0xc zephyr/libzephyr.a(soc.c.obj)
 .rodata.dts_ord_15_cfg
                0x0000000000103434        0xc zephyr/libzephyr.a(soc.c.obj)
 .rodata.mem_attr_region
                0x0000000000103440        0x0 zephyr/libzephyr.a(mem_attr.c.obj)
 .rodata.static_regions
                0x0000000000103440        0xc zephyr/arch/arch/arm/core/mpu/libarch__arm__core__mpu.a(arm_core_mpu.c.obj)
 .rodata.mpu_config
                0x000000000010344c        0x8 zephyr/arch/arch/arm/core/mpu/libarch__arm__core__mpu.a(arm_mpu_regions.c.obj)
                0x000000000010344c                mpu_config
 .rodata.mpu_regions
                0x0000000000103454       0x20 zephyr/arch/arch/arm/core/mpu/libarch__arm__core__mpu.a(arm_mpu_regions.c.obj)
 .rodata.gpio_cmsdk_port_3_config
                0x0000000000103474       0x24 zephyr/drivers/gpio/libdrivers__gpio.a(gpio_cmsdk_ahb.c.obj)
 .rodata.gpio_cmsdk_port_2_config
                0x0000000000103498       0x24 zephyr/drivers/gpio/libdrivers__gpio.a(gpio_cmsdk_ahb.c.obj)
 .rodata.gpio_cmsdk_port_1_config
                0x00000000001034bc       0x24 zephyr/drivers/gpio/libdrivers__gpio.a(gpio_cmsdk_ahb.c.obj)
 .rodata.gpio_cmsdk_port_0_config
                0x00000000001034e0       0x24 zephyr/drivers/gpio/libdrivers__gpio.a(gpio_cmsdk_ahb.c.obj)
 .rodata.gpio_cmsdk_ahb_drv_api_funcs
                0x0000000000103504       0x24 zephyr/drivers/gpio/libdrivers__gpio.a(gpio_cmsdk_ahb.c.obj)
 .rodata.gpio_mmio32_api
                0x0000000000103528       0x24 zephyr/drivers/gpio/libdrivers__gpio.a(gpio_mmio32.c.obj)
                0x0000000000103528                gpio_mmio32_api
 .rodata.uart_cmsdk_apb_dev_cfg_4
                0x000000000010354c        0xc zephyr/drivers/serial/libdrivers__serial.a(uart_cmsdk_apb.c.obj)
 .rodata.uart_cmsdk_apb_dev_cfg_3
                0x0000000000103558        0xc zephyr/drivers/serial/libdrivers__serial.a(uart_cmsdk_apb.c.obj)
 .rodata.uart_cmsdk_apb_dev_cfg_2
                0x0000000000103564        0xc zephyr/drivers/serial/libdrivers__serial.a(uart_cmsdk_apb.c.obj)
 .rodata.uart_cmsdk_apb_dev_cfg_1
                0x0000000000103570        0xc zephyr/drivers/serial/libdrivers__serial.a(uart_cmsdk_apb.c.obj)
 .rodata.uart_cmsdk_apb_dev_cfg_0
                0x000000000010357c        0xc zephyr/drivers/serial/libdrivers__serial.a(uart_cmsdk_apb.c.obj)
 .rodata.uart_cmsdk_apb_driver_api
                0x0000000000103588       0x4c zephyr/drivers/serial/libdrivers__serial.a(uart_cmsdk_apb.c.obj)
 .rodata.levels.0
                0x00000000001035d4       0x18 zephyr/kernel/libkernel.a(init.c.obj)
 .rodata.main.str1.1
                0x00000000001035ec       0x51 app/libapp.a(main.c.obj)
                                         0x53 (size before relaxing)
 .rodata.str1.1
                0x000000000010363d       0x39 zephyr/libzephyr.a(soc.c.obj)
 .rodata.str1.1
                0x0000000000103676        0xf zephyr/arch/arch/arm/core/mpu/libarch__arm__core__mpu.a(arm_mpu_regions.c.obj)
 .rodata.str1.1
                0x0000000000103685       0x30 zephyr/drivers/gpio/libdrivers__gpio.a(gpio_cmsdk_ahb.c.obj)
 .rodata.str1.1
                0x00000000001036b5       0x3c zephyr/drivers/serial/libdrivers__serial.a(uart_cmsdk_apb.c.obj)
 .rodata.z_cstart.str1.1
                0x00000000001036f1        0x5 zephyr/kernel/libkernel.a(init.c.obj)
 .rodata.boot_banner.str1.1
                0x00000000001036f6       0x3b zephyr/kernel/libkernel.a(banner.c.obj)
 .rodata.__l_vfprintf.str1.1
                0x0000000000103731        0xf /home/shared/zephyr-sdk-0.16.5-1/arm-zephyr-eabi/bin/../lib/gcc/../../picolibc/arm-zephyr-eabi/lib/thumb/v8-m.main/nofp/libc.a(libc_tinystdio_vflprintf.c.o)
 *(SORT_BY_ALIGNMENT(.gnu.linkonce.r.*))
                0x0000000000103740                . = ALIGN (0x4)
                0x0000000000103740                __rodata_region_end = .
                0x0000000000103740                . = ALIGN (_region_min_align)
                0x0000000000103740                __rom_region_end = ((__rom_region_start + .) - ADDR (rom_start))

/DISCARD/
 *(SORT_BY_ALIGNMENT(.got.plt))
 *(SORT_BY_ALIGNMENT(.igot.plt))
 *(SORT_BY_ALIGNMENT(.got))
 *(SORT_BY_ALIGNMENT(.igot))
                0x0000000028100000                . = 0x28100000
                0x0000000028100000                . = ALIGN (_region_min_align)
                0x0000000028100000                _image_ram_start = .

.ramfunc        0x0000000028100000        0x0 load address 0x0000000000103740
                0x0000000028100000                . = ALIGN (_region_min_align)
                0x0000000028100000                __ramfunc_start = .
 *(SORT_BY_ALIGNMENT(.ramfunc))
 *(SORT_BY_ALIGNMENT(.ramfunc.*))
                0x0000000028100000                . = ALIGN (_region_min_align)
                0x0000000028100000                __ramfunc_end = .
                0x0000000000000000                __ramfunc_size = (__ramfunc_end - __ramfunc_start)
                0x0000000000103740                __ramfunc_load_start = LOADADDR (.ramfunc)

datas           0x0000000028100000       0xd4 load address 0x0000000000103740
                0x0000000028100000                __data_region_start = .
                0x0000000028100000                __data_start = .
 *(SORT_BY_ALIGNMENT(.data))
 *(SORT_BY_ALIGNMENT(.data.*))
 .data._char_out
                0x0000000028100000        0x4 zephyr/libzephyr.a(printk.c.obj)
                0x0000000028100000                _char_out
 .data.handler  0x0000000028100004        0x4 zephyr/arch/arch/arm/core/libarch__arm__core.a(nmi.c.obj)
 .data.__stdout
                0x0000000028100008       0x10 zephyr/lib/libc/picolibc/liblib__libc__picolibc.a(libc-hooks.c.obj)
 .data.uart_cmsdk_apb_dev_data_4
                0x0000000028100018       0x24 zephyr/drivers/serial/libdrivers__serial.a(uart_cmsdk_apb.c.obj)
 .data.uart_cmsdk_apb_dev_data_3
                0x000000002810003c       0x24 zephyr/drivers/serial/libdrivers__serial.a(uart_cmsdk_apb.c.obj)
 .data.uart_cmsdk_apb_dev_data_2
                0x0000000028100060       0x24 zephyr/drivers/serial/libdrivers__serial.a(uart_cmsdk_apb.c.obj)
 .data.uart_cmsdk_apb_dev_data_1
                0x0000000028100084       0x24 zephyr/drivers/serial/libdrivers__serial.a(uart_cmsdk_apb.c.obj)
 .data.uart_cmsdk_apb_dev_data_0
                0x00000000281000a8       0x24 zephyr/drivers/serial/libdrivers__serial.a(uart_cmsdk_apb.c.obj)
 .data.timeout_list
                0x00000000281000cc        0x8 zephyr/kernel/libkernel.a(timeout.c.obj)
 *(SORT_BY_ALIGNMENT(.kernel.*))
                0x00000000281000d4                __data_end = .
                0x00000000000000d4                __data_size = (__data_end - __data_start)
                0x0000000000103740                __data_load_start = LOADADDR (datas)
                0x0000000000103740                __data_region_load_start = LOADADDR (datas)

device_states   0x00000000281000d4       0x18 load address 0x0000000000103814
                0x00000000281000d4                __device_states_start = .
 *(SORT_BY_ALIGNMENT(.z_devstate))
 .z_devstate    0x00000000281000d4        0x6 zephyr/libzephyr.a(soc.c.obj)
 .z_devstate    0x00000000281000da        0x8 zephyr/drivers/gpio/libdrivers__gpio.a(gpio_cmsdk_ahb.c.obj)
 .z_devstate    0x00000000281000e2        0xa zephyr/drivers/serial/libdrivers__serial.a(uart_cmsdk_apb.c.obj)
 *(SORT_BY_ALIGNMENT(.z_devstate.*))
                0x00000000281000ec                __device_states_end = .

log_mpsc_pbuf_area
                0x00000000281000ec        0x0 load address 0x000000000010382c
                0x00000000281000ec                _log_mpsc_pbuf_list_start = .
 *(SORT_BY_NAME(SORT_BY_ALIGNMENT(._log_mpsc_pbuf.static.*)))
                0x00000000281000ec                _log_mpsc_pbuf_list_end = .

log_msg_ptr_area
                0x00000000281000ec        0x0 load address 0x000000000010382c
                0x00000000281000ec                _log_msg_ptr_list_start = .
 *(SORT_BY_NAME(SORT_BY_ALIGNMENT(._log_msg_ptr.static.*)))
                0x00000000281000ec                _log_msg_ptr_list_end = .

log_dynamic_area
                0x00000000281000ec        0x0 load address 0x000000000010382c
                0x00000000281000ec                _log_dynamic_list_start = .
 *(SORT_BY_NAME(SORT_BY_ALIGNMENT(._log_dynamic.static.*)))
                0x00000000281000ec                _log_dynamic_list_end = .

k_timer_area    0x00000000281000ec        0x0 load address 0x000000000010382c
                0x00000000281000ec                _k_timer_list_start = .
 *(SORT_BY_NAME(SORT_BY_ALIGNMENT(._k_timer.static.*)))
                0x00000000281000ec                _k_timer_list_end = .

k_mem_slab_area
                0x00000000281000ec        0x0 load address 0x000000000010382c
                0x00000000281000ec                _k_mem_slab_list_start = .
 *(SORT_BY_NAME(SORT_BY_ALIGNMENT(._k_mem_slab.static.*)))
                0x00000000281000ec                _k_mem_slab_list_end = .

k_heap_area     0x00000000281000ec        0x0 load address 0x000000000010382c
                0x00000000281000ec                _k_heap_list_start = .
 *(SORT_BY_NAME(SORT_BY_ALIGNMENT(._k_heap.static.*)))
                0x00000000281000ec                _k_heap_list_end = .

k_mutex_area    0x00000000281000ec       0x14 load address 0x000000000010382c
                0x00000000281000ec                _k_mutex_list_start = .
 *(SORT_BY_NAME(SORT_BY_ALIGNMENT(._k_mutex.static.*)))
 ._k_mutex.static.tfm_mutex_
                0x00000000281000ec       0x14 modules/trusted-firmware-m/libtfm_api.a(interface.c.obj)
                0x00000000281000ec                tfm_mutex
                0x0000000028100100                _k_mutex_list_end = .

k_stack_area    0x0000000028100100        0x0 load address 0x0000000000103840
                0x0000000028100100                _k_stack_list_start = .
 *(SORT_BY_NAME(SORT_BY_ALIGNMENT(._k_stack.static.*)))
                0x0000000028100100                _k_stack_list_end = .

k_msgq_area     0x0000000028100100        0x0 load address 0x0000000000103840
                0x0000000028100100                _k_msgq_list_start = .
 *(SORT_BY_NAME(SORT_BY_ALIGNMENT(._k_msgq.static.*)))
                0x0000000028100100                _k_msgq_list_end = .

k_mbox_area     0x0000000028100100        0x0 load address 0x0000000000103840
                0x0000000028100100                _k_mbox_list_start = .
 *(SORT_BY_NAME(SORT_BY_ALIGNMENT(._k_mbox.static.*)))
                0x0000000028100100                _k_mbox_list_end = .

k_pipe_area     0x0000000028100100        0x0 load address 0x0000000000103840
                0x0000000028100100                _k_pipe_list_start = .
 *(SORT_BY_NAME(SORT_BY_ALIGNMENT(._k_pipe.static.*)))
                0x0000000028100100                _k_pipe_list_end = .

k_sem_area      0x0000000028100100        0x0 load address 0x0000000000103840
                0x0000000028100100                _k_sem_list_start = .
 *(SORT_BY_NAME(SORT_BY_ALIGNMENT(._k_sem.static.*)))
                0x0000000028100100                _k_sem_list_end = .

k_event_area    0x0000000028100100        0x0 load address 0x0000000000103840
                0x0000000028100100                _k_event_list_start = .
 *(SORT_BY_NAME(SORT_BY_ALIGNMENT(._k_event.static.*)))
                0x0000000028100100                _k_event_list_end = .

k_queue_area    0x0000000028100100        0x0 load address 0x0000000000103840
                0x0000000028100100                _k_queue_list_start = .
 *(SORT_BY_NAME(SORT_BY_ALIGNMENT(._k_queue.static.*)))
                0x0000000028100100                _k_queue_list_end = .

k_fifo_area     0x0000000028100100        0x0 load address 0x0000000000103840
                0x0000000028100100                _k_fifo_list_start = .
 *(SORT_BY_NAME(SORT_BY_ALIGNMENT(._k_fifo.static.*)))
                0x0000000028100100                _k_fifo_list_end = .

k_lifo_area     0x0000000028100100        0x0 load address 0x0000000000103840
                0x0000000028100100                _k_lifo_list_start = .
 *(SORT_BY_NAME(SORT_BY_ALIGNMENT(._k_lifo.static.*)))
                0x0000000028100100                _k_lifo_list_end = .

k_condvar_area  0x0000000028100100        0x0 load address 0x0000000000103840
                0x0000000028100100                _k_condvar_list_start = .
 *(SORT_BY_NAME(SORT_BY_ALIGNMENT(._k_condvar.static.*)))
                0x0000000028100100                _k_condvar_list_end = .

sys_mem_blocks_ptr_area
                0x0000000028100100        0x0 load address 0x0000000000103840
                0x0000000028100100                _sys_mem_blocks_ptr_list_start = .
 *(SORT_BY_NAME(SORT_BY_ALIGNMENT(._sys_mem_blocks_ptr.static.*)))
                0x0000000028100100                _sys_mem_blocks_ptr_list_end = .

net_buf_pool_area
                0x0000000028100100        0x0 load address 0x0000000000103840
                0x0000000028100100                _net_buf_pool_list_start = .
 *(SORT_BY_NAME(SORT_BY_ALIGNMENT(._net_buf_pool.static.*)))
                0x0000000028100100                _net_buf_pool_list_end = .
                0x0000000028100100                __data_region_end = .

bss             0x0000000028100100      0x257
                0x0000000028100100                . = ALIGN (0x4)
                0x0000000028100100                __bss_start = .
                0x0000000028100100                __kernel_ram_start = .
 *(SORT_BY_ALIGNMENT(.bss))
 *(SORT_BY_ALIGNMENT(.bss.*))
 .bss.z_idle_threads
                0x0000000028100100       0x80 zephyr/kernel/libkernel.a(init.c.obj)
                0x0000000028100100                z_idle_threads
 .bss.z_main_thread
                0x0000000028100180       0x80 zephyr/kernel/libkernel.a(init.c.obj)
                0x0000000028100180                z_main_thread
 .bss._thread_dummy
                0x0000000028100200       0x80 zephyr/kernel/libkernel.a(sched.c.obj)
                0x0000000028100200                _thread_dummy
 .bss.slice_timeouts
                0x0000000028100280       0x18 zephyr/kernel/libkernel.a(timeslicing.c.obj)
 .bss.curr_tick
                0x0000000028100298        0x8 zephyr/kernel/libkernel.a(timeout.c.obj)
 .bss.dts_ord_36_ctx
                0x00000000281002a0        0x8 zephyr/libzephyr.a(soc.c.obj)
 .bss.dts_ord_11_ctx
                0x00000000281002a8        0x8 zephyr/libzephyr.a(soc.c.obj)
 .bss.dts_ord_15_ctx
                0x00000000281002b0        0x8 zephyr/libzephyr.a(soc.c.obj)
 .bss.z_arm_tls_ptr
                0x00000000281002b8        0x4 zephyr/arch/arch/arm/core/libarch__arm__core.a(tls.c.obj)
                0x00000000281002b8                z_arm_tls_ptr
 .bss.dyn_reg_info
                0x00000000281002bc       0x14 zephyr/arch/arch/arm/core/mpu/libarch__arm__core__mpu.a(arm_mpu.c.obj)
 .bss._stdout_hook
                0x00000000281002d0        0x4 zephyr/lib/libc/picolibc/liblib__libc__picolibc.a(libc-hooks.c.obj)
 .bss.z_malloc_heap
                0x00000000281002d4        0xc zephyr/lib/libc/common/liblib__libc__common.a(malloc.c.obj)
 .bss.gpio_cmsdk_port_3_data
                0x00000000281002e0        0xc zephyr/drivers/gpio/libdrivers__gpio.a(gpio_cmsdk_ahb.c.obj)
 .bss.gpio_cmsdk_port_2_data
                0x00000000281002ec        0xc zephyr/drivers/gpio/libdrivers__gpio.a(gpio_cmsdk_ahb.c.obj)
 .bss.gpio_cmsdk_port_1_data
                0x00000000281002f8        0xc zephyr/drivers/gpio/libdrivers__gpio.a(gpio_cmsdk_ahb.c.obj)
 .bss.gpio_cmsdk_port_0_data
                0x0000000028100304        0xc zephyr/drivers/gpio/libdrivers__gpio.a(gpio_cmsdk_ahb.c.obj)
 .bss.overflow_cyc
                0x0000000028100310        0x4 zephyr/drivers/timer/libdrivers__timer.a(cortex_m_systick.c.obj)
 .bss.announced_cycles
                0x0000000028100314        0x4 zephyr/drivers/timer/libdrivers__timer.a(cortex_m_systick.c.obj)
 .bss.cycle_count
                0x0000000028100318        0x4 zephyr/drivers/timer/libdrivers__timer.a(cortex_m_systick.c.obj)
 .bss.last_load
                0x000000002810031c        0x4 zephyr/drivers/timer/libdrivers__timer.a(cortex_m_systick.c.obj)
 .bss._cpus_active
                0x0000000028100320        0x4 zephyr/kernel/libkernel.a(init.c.obj)
                0x0000000028100320                _cpus_active
 .bss._kernel   0x0000000028100324       0x20 zephyr/kernel/libkernel.a(init.c.obj)
                0x0000000028100324                _kernel
 .bss.pending_current
                0x0000000028100344        0x4 zephyr/kernel/libkernel.a(timeslicing.c.obj)
                0x0000000028100344                pending_current
 .bss.slice_max_prio
                0x0000000028100348        0x4 zephyr/kernel/libkernel.a(timeslicing.c.obj)
 .bss.slice_ticks
                0x000000002810034c        0x4 zephyr/kernel/libkernel.a(timeslicing.c.obj)
 .bss.announce_remaining
                0x0000000028100350        0x4 zephyr/kernel/libkernel.a(timeout.c.obj)
 .bss.static_regions_num
                0x0000000028100354        0x1 zephyr/arch/arch/arm/core/mpu/libarch__arm__core__mpu.a(arm_mpu.c.obj)
 .bss.z_sys_post_kernel
                0x0000000028100355        0x1 zephyr/kernel/libkernel.a(init.c.obj)
                0x0000000028100355                z_sys_post_kernel
 .bss.lock      0x0000000028100356        0x0 zephyr/kernel/libkernel.a(mutex.c.obj)
 .bss._sched_spinlock
                0x0000000028100356        0x0 zephyr/kernel/libkernel.a(sched.c.obj)
                0x0000000028100356                _sched_spinlock
 .bss.slice_expired
                0x0000000028100356        0x1 zephyr/kernel/libkernel.a(timeslicing.c.obj)
 *(SORT_BY_ALIGNMENT(COMMON))
 *(SORT_BY_ALIGNMENT(.kernel_bss.*))
                0x0000000028100358                __bss_end = ALIGN (0x4)

noinit          0x0000000028100358      0xd00
 *(SORT_BY_ALIGNMENT(.noinit))
 *(SORT_BY_ALIGNMENT(.noinit.*))
 .noinit."WEST_TOPDIR/zephyr/kernel/init.c".2
                0x0000000028100358      0x800 zephyr/kernel/libkernel.a(init.c.obj)
                0x0000000028100358                z_interrupt_stacks
 .noinit."WEST_TOPDIR/zephyr/kernel/init.c".1
                0x0000000028100b58      0x100 zephyr/kernel/libkernel.a(init.c.obj)
 .noinit."WEST_TOPDIR/zephyr/kernel/init.c".0
                0x0000000028100c58      0x400 zephyr/kernel/libkernel.a(init.c.obj)
                0x0000000028100c58                z_main_stack
 *(SORT_BY_ALIGNMENT(.kernel_noinit.*))
                0x0000000028180000                __kernel_ram_end = 0x28180000
                0x000000000007ff00                __kernel_ram_size = (__kernel_ram_end - __kernel_ram_start)

.intList        0x00000000ffff8000       0xe8
 *(SORT_BY_ALIGNMENT(.irq_info*))
 .irq_info      0x00000000ffff8000        0x8 zephyr/arch/common/libisr_tables.a(isr_tables.c.obj)
                0x00000000ffff8000                _iheader
 *(SORT_BY_ALIGNMENT(.intList*))
 .intList       0x00000000ffff8008       0x40 zephyr/drivers/gpio/libdrivers__gpio.a(gpio_cmsdk_ahb.c.obj)
 .intList       0x00000000ffff8048       0xa0 zephyr/drivers/serial/libdrivers__serial.a(uart_cmsdk_apb.c.obj)

.last_ram_section
                0x0000000028101058        0x0
                0x0000000028101058                _image_ram_end = .
                0x0000000000001058                _image_ram_size = (_image_ram_end - _image_ram_start)
                0x0000000028101058                _end = .
                0x0000000028101058                z_mapped_end = .

.stab
 *(SORT_BY_ALIGNMENT(.stab))

.stabstr
 *(SORT_BY_ALIGNMENT(.stabstr))

.stab.excl
 *(SORT_BY_ALIGNMENT(.stab.excl))

.stab.exclstr
 *(SORT_BY_ALIGNMENT(.stab.exclstr))

.stab.index
 *(SORT_BY_ALIGNMENT(.stab.index))

.stab.indexstr
 *(SORT_BY_ALIGNMENT(.stab.indexstr))

.gnu.build.attributes
 *(SORT_BY_ALIGNMENT(.gnu.build.attributes) SORT_BY_ALIGNMENT(.gnu.build.attributes.*))

.comment        0x0000000000000000       0x22
 *(SORT_BY_ALIGNMENT(.comment))
 .comment       0x0000000000000000       0x22 zephyr/CMakeFiles/offsets.dir/./arch/arm/core/offsets/offsets.c.obj
                                         0x23 (size before relaxing)
 .comment       0x0000000000000022       0x23 app/libapp.a(main.c.obj)
 .comment       0x0000000000000022       0x23 app/libapp.a(dummy_partition.c.obj)
 .comment       0x0000000000000022       0x23 zephyr/libzephyr.a(heap.c.obj)
 .comment       0x0000000000000022       0x23 zephyr/libzephyr.a(printk.c.obj)
 .comment       0x0000000000000022       0x23 zephyr/libzephyr.a(thread_entry.c.obj)
 .comment       0x0000000000000022       0x23 zephyr/libzephyr.a(configs.c.obj)
 .comment       0x0000000000000022       0x23 zephyr/libzephyr.a(soc.c.obj)
 .comment       0x0000000000000022       0x23 zephyr/libzephyr.a(mem_attr.c.obj)
 .comment       0x0000000000000022       0x23 zephyr/arch/arch/arm/core/libarch__arm__core.a(fatal.c.obj)
 .comment       0x0000000000000022       0x23 zephyr/arch/arch/arm/core/libarch__arm__core.a(nmi.c.obj)
 .comment       0x0000000000000022       0x23 zephyr/arch/arch/arm/core/libarch__arm__core.a(tls.c.obj)
 .comment       0x0000000000000022       0x23 zephyr/arch/arch/arm/core/cortex_m/libarch__arm__core__cortex_m.a(exc_exit.c.obj)
 .comment       0x0000000000000022       0x23 zephyr/arch/arch/arm/core/cortex_m/libarch__arm__core__cortex_m.a(fault.c.obj)
 .comment       0x0000000000000022       0x23 zephyr/arch/arch/arm/core/cortex_m/libarch__arm__core__cortex_m.a(fpu.c.obj)
 .comment       0x0000000000000022       0x23 zephyr/arch/arch/arm/core/cortex_m/libarch__arm__core__cortex_m.a(scb.c.obj)
 .comment       0x0000000000000022       0x23 zephyr/arch/arch/arm/core/cortex_m/libarch__arm__core__cortex_m.a(thread_abort.c.obj)
 .comment       0x0000000000000022       0x23 zephyr/arch/arch/arm/core/cortex_m/libarch__arm__core__cortex_m.a(swap.c.obj)
 .comment       0x0000000000000022       0x23 zephyr/arch/arch/arm/core/cortex_m/libarch__arm__core__cortex_m.a(irq_manage.c.obj)
 .comment       0x0000000000000022       0x23 zephyr/arch/arch/arm/core/cortex_m/libarch__arm__core__cortex_m.a(prep_c.c.obj)
 .comment       0x0000000000000022       0x23 zephyr/arch/arch/arm/core/cortex_m/libarch__arm__core__cortex_m.a(thread.c.obj)
 .comment       0x0000000000000022       0x23 zephyr/arch/arch/arm/core/cortex_m/libarch__arm__core__cortex_m.a(cpu_idle.c.obj)
 .comment       0x0000000000000022       0x23 zephyr/arch/arch/arm/core/cortex_m/libarch__arm__core__cortex_m.a(irq_init.c.obj)
 .comment       0x0000000000000022       0x23 zephyr/arch/arch/arm/core/cortex_m/libarch__arm__core__cortex_m.a(isr_wrapper.c.obj)
 .comment       0x0000000000000022       0x23 zephyr/arch/arch/arm/core/cortex_m/cmse/libarch__arm__core__cortex_m__cmse.a(arm_core_cmse.c.obj)
 .comment       0x0000000000000022       0x23 zephyr/arch/arch/arm/core/mpu/libarch__arm__core__mpu.a(arm_core_mpu.c.obj)
 .comment       0x0000000000000022       0x23 zephyr/arch/arch/arm/core/mpu/libarch__arm__core__mpu.a(arm_mpu.c.obj)
 .comment       0x0000000000000022       0x23 zephyr/arch/arch/arm/core/mpu/libarch__arm__core__mpu.a(arm_mpu_regions.c.obj)
 .comment       0x0000000000000022       0x23 zephyr/lib/libc/picolibc/liblib__libc__picolibc.a(libc-hooks.c.obj)
 .comment       0x0000000000000022       0x23 zephyr/lib/libc/common/liblib__libc__common.a(malloc.c.obj)
 .comment       0x0000000000000022       0x23 zephyr/boards/arm/mps2/libboards__arm__mps2.a(pinmux.c.obj)
 .comment       0x0000000000000022       0x23 zephyr/drivers/console/libdrivers__console.a(uart_console.c.obj)
 .comment       0x0000000000000022       0x23 zephyr/drivers/gpio/libdrivers__gpio.a(gpio_cmsdk_ahb.c.obj)
 .comment       0x0000000000000022       0x23 zephyr/drivers/gpio/libdrivers__gpio.a(gpio_mmio32.c.obj)
 .comment       0x0000000000000022       0x23 zephyr/drivers/serial/libdrivers__serial.a(uart_cmsdk_apb.c.obj)
 .comment       0x0000000000000022       0x23 zephyr/drivers/timer/libdrivers__timer.a(cortex_m_systick.c.obj)
 .comment       0x0000000000000022       0x23 modules/mbedtls/libmbedTLSBase.a(zephyr_init.c.obj)
 .comment       0x0000000000000022       0x23 modules/trusted-firmware-m/libtfm_api.a(interface.c.obj)
 .comment       0x0000000000000022       0x23 modules/trusted-firmware-m/libtfm_api.a(tfm_tz_psa_ns_api.c.obj)
 .comment       0x0000000000000022       0x23 zephyr/kernel/libkernel.a(device.c.obj)
 .comment       0x0000000000000022       0x23 zephyr/kernel/libkernel.a(fatal.c.obj)
 .comment       0x0000000000000022       0x23 zephyr/kernel/libkernel.a(init.c.obj)
 .comment       0x0000000000000022       0x23 zephyr/kernel/libkernel.a(idle.c.obj)
 .comment       0x0000000000000022       0x23 zephyr/kernel/libkernel.a(mutex.c.obj)
 .comment       0x0000000000000022       0x23 zephyr/kernel/libkernel.a(thread.c.obj)
 .comment       0x0000000000000022       0x23 zephyr/kernel/libkernel.a(sched.c.obj)
 .comment       0x0000000000000022       0x23 zephyr/kernel/libkernel.a(timeslicing.c.obj)
 .comment       0x0000000000000022       0x23 zephyr/kernel/libkernel.a(xip.c.obj)
 .comment       0x0000000000000022       0x23 zephyr/kernel/libkernel.a(timeout.c.obj)
 .comment       0x0000000000000022       0x23 zephyr/kernel/libkernel.a(banner.c.obj)
 .comment       0x0000000000000022       0x23 zephyr/arch/common/libisr_tables.a(isr_tables.c.obj)

.debug
 *(SORT_BY_ALIGNMENT(.debug))

.line
 *(SORT_BY_ALIGNMENT(.line))

.debug_srcinfo
 *(SORT_BY_ALIGNMENT(.debug_srcinfo))

.debug_sfnames
 *(SORT_BY_ALIGNMENT(.debug_sfnames))

.debug_aranges  0x0000000000000000      0xea8
 *(SORT_BY_ALIGNMENT(.debug_aranges))
 .debug_aranges
                0x0000000000000000       0x20 zephyr/arch/arch/arm/core/libarch__arm__core.a(nmi_on_reset.S.obj)
 .debug_aranges
                0x0000000000000020       0x20 zephyr/arch/arch/arm/core/cortex_m/libarch__arm__core__cortex_m.a(fault_s.S.obj)
 .debug_aranges
                0x0000000000000040       0x20 zephyr/arch/arch/arm/core/cortex_m/libarch__arm__core__cortex_m.a(reset.S.obj)
 .debug_aranges
                0x0000000000000060       0x28 zephyr/arch/arch/arm/core/cortex_m/libarch__arm__core__cortex_m.a(swap_helper.S.obj)
 .debug_aranges
                0x0000000000000088       0x20 zephyr/arch/arch/arm/core/cortex_m/libarch__arm__core__cortex_m.a(__aeabi_read_tp.S.obj)
 .debug_aranges
                0x00000000000000a8       0x20 zephyr/CMakeFiles/offsets.dir/./arch/arm/core/offsets/offsets.c.obj
 .debug_aranges
                0x00000000000000c8       0x20 app/libapp.a(main.c.obj)
 .debug_aranges
                0x00000000000000e8       0x20 app/libapp.a(dummy_partition.c.obj)
 .debug_aranges
                0x0000000000000108       0xb8 zephyr/libzephyr.a(heap.c.obj)
 .debug_aranges
                0x00000000000001c0       0x50 zephyr/libzephyr.a(printk.c.obj)
 .debug_aranges
                0x0000000000000210       0x20 zephyr/libzephyr.a(thread_entry.c.obj)
 .debug_aranges
                0x0000000000000230       0x20 zephyr/libzephyr.a(configs.c.obj)
 .debug_aranges
                0x0000000000000250       0x28 zephyr/libzephyr.a(soc.c.obj)
 .debug_aranges
                0x0000000000000278       0x28 zephyr/libzephyr.a(mem_attr.c.obj)
 .debug_aranges
                0x00000000000002a0       0x30 zephyr/arch/arch/arm/core/libarch__arm__core.a(fatal.c.obj)
 .debug_aranges
                0x00000000000002d0       0x28 zephyr/arch/arch/arm/core/libarch__arm__core.a(nmi.c.obj)
 .debug_aranges
                0x00000000000002f8       0x20 zephyr/arch/arch/arm/core/libarch__arm__core.a(tls.c.obj)
 .debug_aranges
                0x0000000000000318       0x20 zephyr/arch/arch/arm/core/cortex_m/libarch__arm__core__cortex_m.a(exc_exit.c.obj)
 .debug_aranges
                0x0000000000000338       0x40 zephyr/arch/arch/arm/core/cortex_m/libarch__arm__core__cortex_m.a(fault.c.obj)
 .debug_aranges
                0x0000000000000378       0x28 zephyr/arch/arch/arm/core/cortex_m/libarch__arm__core__cortex_m.a(fpu.c.obj)
 .debug_aranges
                0x00000000000003a0       0x30 zephyr/arch/arch/arm/core/cortex_m/libarch__arm__core__cortex_m.a(scb.c.obj)
 .debug_aranges
                0x00000000000003d0       0x20 zephyr/arch/arch/arm/core/cortex_m/libarch__arm__core__cortex_m.a(thread_abort.c.obj)
 .debug_aranges
                0x00000000000003f0       0x28 zephyr/arch/arch/arm/core/cortex_m/libarch__arm__core__cortex_m.a(swap.c.obj)
 .debug_aranges
                0x0000000000000418       0x40 zephyr/arch/arch/arm/core/cortex_m/libarch__arm__core__cortex_m.a(irq_manage.c.obj)
 .debug_aranges
                0x0000000000000458       0x20 zephyr/arch/arch/arm/core/cortex_m/libarch__arm__core__cortex_m.a(prep_c.c.obj)
 .debug_aranges
                0x0000000000000478       0x38 zephyr/arch/arch/arm/core/cortex_m/libarch__arm__core__cortex_m.a(thread.c.obj)
 .debug_aranges
                0x00000000000004b0       0x30 zephyr/arch/arch/arm/core/cortex_m/libarch__arm__core__cortex_m.a(cpu_idle.c.obj)
 .debug_aranges
                0x00000000000004e0       0x20 zephyr/arch/arch/arm/core/cortex_m/libarch__arm__core__cortex_m.a(irq_init.c.obj)
 .debug_aranges
                0x0000000000000500       0x20 zephyr/arch/arch/arm/core/cortex_m/libarch__arm__core__cortex_m.a(isr_wrapper.c.obj)
 .debug_aranges
                0x0000000000000520       0x40 zephyr/arch/arch/arm/core/cortex_m/cmse/libarch__arm__core__cortex_m__cmse.a(arm_core_cmse.c.obj)
 .debug_aranges
                0x0000000000000560       0x28 zephyr/arch/arch/arm/core/mpu/libarch__arm__core__mpu.a(arm_core_mpu.c.obj)
 .debug_aranges
                0x0000000000000588       0x68 zephyr/arch/arch/arm/core/mpu/libarch__arm__core__mpu.a(arm_mpu.c.obj)
 .debug_aranges
                0x00000000000005f0       0x18 zephyr/arch/arch/arm/core/mpu/libarch__arm__core__mpu.a(arm_mpu_regions.c.obj)
 .debug_aranges
                0x0000000000000608       0xb0 zephyr/lib/libc/picolibc/liblib__libc__picolibc.a(libc-hooks.c.obj)
 .debug_aranges
                0x00000000000006b8       0x60 zephyr/lib/libc/common/liblib__libc__common.a(malloc.c.obj)
 .debug_aranges
                0x0000000000000718       0x20 zephyr/boards/arm/mps2/libboards__arm__mps2.a(pinmux.c.obj)
 .debug_aranges
                0x0000000000000738       0x30 zephyr/drivers/console/libdrivers__console.a(uart_console.c.obj)
 .debug_aranges
                0x0000000000000768       0x88 zephyr/drivers/gpio/libdrivers__gpio.a(gpio_cmsdk_ahb.c.obj)
 .debug_aranges
                0x00000000000007f0       0x50 zephyr/drivers/gpio/libdrivers__gpio.a(gpio_mmio32.c.obj)
 .debug_aranges
                0x0000000000000840       0xd0 zephyr/drivers/serial/libdrivers__serial.a(uart_cmsdk_apb.c.obj)
 .debug_aranges
                0x0000000000000910       0x58 zephyr/drivers/timer/libdrivers__timer.a(cortex_m_systick.c.obj)
 .debug_aranges
                0x0000000000000968       0x30 modules/mbedtls/libmbedTLSBase.a(zephyr_init.c.obj)
 .debug_aranges
                0x0000000000000998       0x30 modules/trusted-firmware-m/libtfm_api.a(interface.c.obj)
 .debug_aranges
                0x00000000000009c8       0x40 modules/trusted-firmware-m/libtfm_api.a(tfm_tz_psa_ns_api.c.obj)
 .debug_aranges
                0x0000000000000a08       0x38 zephyr/kernel/libkernel.a(device.c.obj)
 .debug_aranges
                0x0000000000000a40       0x60 zephyr/kernel/libkernel.a(fatal.c.obj)
 .debug_aranges
                0x0000000000000aa0       0x68 zephyr/kernel/libkernel.a(init.c.obj)
 .debug_aranges
                0x0000000000000b08       0x30 zephyr/kernel/libkernel.a(idle.c.obj)
 .debug_aranges
                0x0000000000000b38       0x38 zephyr/kernel/libkernel.a(mutex.c.obj)
 .debug_aranges
                0x0000000000000b70       0x88 zephyr/kernel/libkernel.a(thread.c.obj)
 .debug_aranges
                0x0000000000000bf8      0x188 zephyr/kernel/libkernel.a(sched.c.obj)
 .debug_aranges
                0x0000000000000d80       0x40 zephyr/kernel/libkernel.a(timeslicing.c.obj)
 .debug_aranges
                0x0000000000000dc0       0x20 zephyr/kernel/libkernel.a(xip.c.obj)
 .debug_aranges
                0x0000000000000de0       0x90 zephyr/kernel/libkernel.a(timeout.c.obj)
 .debug_aranges
                0x0000000000000e70       0x20 zephyr/kernel/libkernel.a(banner.c.obj)
 .debug_aranges
                0x0000000000000e90       0x18 zephyr/arch/common/libisr_tables.a(isr_tables.c.obj)

.debug_pubnames
 *(SORT_BY_ALIGNMENT(.debug_pubnames))

.debug_info     0x0000000000000000    0x3ec43
 *(SORT_BY_ALIGNMENT(.debug_info) SORT_BY_ALIGNMENT(.gnu.linkonce.wi.*))
 .debug_info    0x0000000000000000       0xdc zephyr/CMakeFiles/offsets.dir/./arch/arm/core/offsets/offsets.c.obj
 .debug_info    0x00000000000000dc      0x24c app/libapp.a(main.c.obj)
 .debug_info    0x0000000000000328      0x2b2 app/libapp.a(dummy_partition.c.obj)
 .debug_info    0x00000000000005da     0x2922 zephyr/libzephyr.a(heap.c.obj)
 .debug_info    0x0000000000002efc      0x5e9 zephyr/libzephyr.a(printk.c.obj)
 .debug_info    0x00000000000034e5      0x7a2 zephyr/libzephyr.a(thread_entry.c.obj)
 .debug_info    0x0000000000003c87       0x38 zephyr/libzephyr.a(configs.c.obj)
 .debug_info    0x0000000000003cbf      0x6b8 zephyr/libzephyr.a(soc.c.obj)
 .debug_info    0x0000000000004377      0x2ba zephyr/libzephyr.a(mem_attr.c.obj)
 .debug_info    0x0000000000004631     0x2c22 zephyr/arch/arch/arm/core/libarch__arm__core.a(fatal.c.obj)
 .debug_info    0x0000000000007253      0x1c8 zephyr/arch/arch/arm/core/libarch__arm__core.a(nmi.c.obj)
 .debug_info    0x000000000000741b       0x23 zephyr/arch/arch/arm/core/libarch__arm__core.a(nmi_on_reset.S.obj)
 .debug_info    0x000000000000743e      0x77c zephyr/arch/arch/arm/core/libarch__arm__core.a(tls.c.obj)
 .debug_info    0x0000000000007bba      0x99c zephyr/arch/arch/arm/core/cortex_m/libarch__arm__core__cortex_m.a(exc_exit.c.obj)
 .debug_info    0x0000000000008556     0xb981 zephyr/arch/arch/arm/core/cortex_m/libarch__arm__core__cortex_m.a(fault.c.obj)
 .debug_info    0x0000000000013ed7       0x23 zephyr/arch/arch/arm/core/cortex_m/libarch__arm__core__cortex_m.a(fault_s.S.obj)
 .debug_info    0x0000000000013efa      0x146 zephyr/arch/arch/arm/core/cortex_m/libarch__arm__core__cortex_m.a(fpu.c.obj)
 .debug_info    0x0000000000014040       0x23 zephyr/arch/arch/arm/core/cortex_m/libarch__arm__core__cortex_m.a(reset.S.obj)
 .debug_info    0x0000000000014063      0x958 zephyr/arch/arch/arm/core/cortex_m/libarch__arm__core__cortex_m.a(scb.c.obj)
 .debug_info    0x00000000000149bb      0xa43 zephyr/arch/arch/arm/core/cortex_m/libarch__arm__core__cortex_m.a(thread_abort.c.obj)
 .debug_info    0x00000000000153fe      0xbee zephyr/arch/arch/arm/core/cortex_m/libarch__arm__core__cortex_m.a(swap.c.obj)
 .debug_info    0x0000000000015fec       0x22 zephyr/arch/arch/arm/core/cortex_m/libarch__arm__core__cortex_m.a(swap_helper.S.obj)
 .debug_info    0x000000000001600e      0x99b zephyr/arch/arch/arm/core/cortex_m/libarch__arm__core__cortex_m.a(irq_manage.c.obj)
 .debug_info    0x00000000000169a9      0x578 zephyr/arch/arch/arm/core/cortex_m/libarch__arm__core__cortex_m.a(prep_c.c.obj)
 .debug_info    0x0000000000016f21      0xade zephyr/arch/arch/arm/core/cortex_m/libarch__arm__core__cortex_m.a(thread.c.obj)
 .debug_info    0x00000000000179ff      0x62b zephyr/arch/arch/arm/core/cortex_m/libarch__arm__core__cortex_m.a(cpu_idle.c.obj)
 .debug_info    0x000000000001802a      0x644 zephyr/arch/arch/arm/core/cortex_m/libarch__arm__core__cortex_m.a(irq_init.c.obj)
 .debug_info    0x000000000001866e      0x1a3 zephyr/arch/arch/arm/core/cortex_m/libarch__arm__core__cortex_m.a(isr_wrapper.c.obj)
 .debug_info    0x0000000000018811       0x23 zephyr/arch/arch/arm/core/cortex_m/libarch__arm__core__cortex_m.a(__aeabi_read_tp.S.obj)
 .debug_info    0x0000000000018834      0x630 zephyr/arch/arch/arm/core/cortex_m/cmse/libarch__arm__core__cortex_m__cmse.a(arm_core_cmse.c.obj)
 .debug_info    0x0000000000018e64      0x7e0 zephyr/arch/arch/arm/core/mpu/libarch__arm__core__mpu.a(arm_core_mpu.c.obj)
 .debug_info    0x0000000000019644     0x51c2 zephyr/arch/arch/arm/core/mpu/libarch__arm__core__mpu.a(arm_mpu.c.obj)
 .debug_info    0x000000000001e806      0x1b3 zephyr/arch/arch/arm/core/mpu/libarch__arm__core__mpu.a(arm_mpu_regions.c.obj)
 .debug_info    0x000000000001e9b9      0xfcf zephyr/lib/libc/picolibc/liblib__libc__picolibc.a(libc-hooks.c.obj)
 .debug_info    0x000000000001f988      0xe54 zephyr/lib/libc/common/liblib__libc__common.a(malloc.c.obj)
 .debug_info    0x00000000000207dc      0x494 zephyr/boards/arm/mps2/libboards__arm__mps2.a(pinmux.c.obj)
 .debug_info    0x0000000000020c70      0x9a8 zephyr/drivers/console/libdrivers__console.a(uart_console.c.obj)
 .debug_info    0x0000000000021618     0x1863 zephyr/drivers/gpio/libdrivers__gpio.a(gpio_cmsdk_ahb.c.obj)
 .debug_info    0x0000000000022e7b      0xdcd zephyr/drivers/gpio/libdrivers__gpio.a(gpio_mmio32.c.obj)
 .debug_info    0x0000000000023c48     0x1458 zephyr/drivers/serial/libdrivers__serial.a(uart_cmsdk_apb.c.obj)
 .debug_info    0x00000000000250a0     0x100b zephyr/drivers/timer/libdrivers__timer.a(cortex_m_systick.c.obj)
 .debug_info    0x00000000000260ab      0x37d modules/mbedtls/libmbedTLSBase.a(zephyr_init.c.obj)
 .debug_info    0x0000000000026428      0xb1d modules/trusted-firmware-m/libtfm_api.a(interface.c.obj)
 .debug_info    0x0000000000026f45      0x406 modules/trusted-firmware-m/libtfm_api.a(tfm_tz_psa_ns_api.c.obj)
 .debug_info    0x000000000002734b      0x343 zephyr/kernel/libkernel.a(device.c.obj)
 .debug_info    0x000000000002768e     0x2a89 zephyr/kernel/libkernel.a(fatal.c.obj)
 .debug_info    0x000000000002a117     0x1ebe zephyr/kernel/libkernel.a(init.c.obj)
 .debug_info    0x000000000002bfd5      0x310 zephyr/kernel/libkernel.a(idle.c.obj)
 .debug_info    0x000000000002c2e5     0x5d4e zephyr/kernel/libkernel.a(mutex.c.obj)
 .debug_info    0x0000000000032033     0x24c9 zephyr/kernel/libkernel.a(thread.c.obj)
 .debug_info    0x00000000000344fc     0x77bb zephyr/kernel/libkernel.a(sched.c.obj)
 .debug_info    0x000000000003bcb7      0xfd2 zephyr/kernel/libkernel.a(timeslicing.c.obj)
 .debug_info    0x000000000003cc89      0x142 zephyr/kernel/libkernel.a(xip.c.obj)
 .debug_info    0x000000000003cdcb     0x1be4 zephyr/kernel/libkernel.a(timeout.c.obj)
 .debug_info    0x000000000003e9af       0xc5 zephyr/kernel/libkernel.a(banner.c.obj)
 .debug_info    0x000000000003ea74      0x1cf zephyr/arch/common/libisr_tables.a(isr_tables.c.obj)

.debug_abbrev   0x0000000000000000     0x8eb8
 *(SORT_BY_ALIGNMENT(.debug_abbrev))
 .debug_abbrev  0x0000000000000000       0x62 zephyr/CMakeFiles/offsets.dir/./arch/arm/core/offsets/offsets.c.obj
 .debug_abbrev  0x0000000000000062      0x123 app/libapp.a(main.c.obj)
 .debug_abbrev  0x0000000000000185      0x14f app/libapp.a(dummy_partition.c.obj)
 .debug_abbrev  0x00000000000002d4      0x449 zephyr/libzephyr.a(heap.c.obj)
 .debug_abbrev  0x000000000000071d      0x30e zephyr/libzephyr.a(printk.c.obj)
 .debug_abbrev  0x0000000000000a2b      0x2bc zephyr/libzephyr.a(thread_entry.c.obj)
 .debug_abbrev  0x0000000000000ce7       0x2e zephyr/libzephyr.a(configs.c.obj)
 .debug_abbrev  0x0000000000000d15      0x228 zephyr/libzephyr.a(soc.c.obj)
 .debug_abbrev  0x0000000000000f3d      0x142 zephyr/libzephyr.a(mem_attr.c.obj)
 .debug_abbrev  0x000000000000107f      0x31e zephyr/arch/arch/arm/core/libarch__arm__core.a(fatal.c.obj)
 .debug_abbrev  0x000000000000139d       0xf5 zephyr/arch/arch/arm/core/libarch__arm__core.a(nmi.c.obj)
 .debug_abbrev  0x0000000000001492       0x14 zephyr/arch/arch/arm/core/libarch__arm__core.a(nmi_on_reset.S.obj)
 .debug_abbrev  0x00000000000014a6      0x2a1 zephyr/arch/arch/arm/core/libarch__arm__core.a(tls.c.obj)
 .debug_abbrev  0x0000000000001747      0x19f zephyr/arch/arch/arm/core/cortex_m/libarch__arm__core__cortex_m.a(exc_exit.c.obj)
 .debug_abbrev  0x00000000000018e6      0x45f zephyr/arch/arch/arm/core/cortex_m/libarch__arm__core__cortex_m.a(fault.c.obj)
 .debug_abbrev  0x0000000000001d45       0x14 zephyr/arch/arch/arm/core/cortex_m/libarch__arm__core__cortex_m.a(fault_s.S.obj)
 .debug_abbrev  0x0000000000001d59       0xcd zephyr/arch/arch/arm/core/cortex_m/libarch__arm__core__cortex_m.a(fpu.c.obj)
 .debug_abbrev  0x0000000000001e26       0x14 zephyr/arch/arch/arm/core/cortex_m/libarch__arm__core__cortex_m.a(reset.S.obj)
 .debug_abbrev  0x0000000000001e3a      0x286 zephyr/arch/arch/arm/core/cortex_m/libarch__arm__core__cortex_m.a(scb.c.obj)
 .debug_abbrev  0x00000000000020c0      0x247 zephyr/arch/arch/arm/core/cortex_m/libarch__arm__core__cortex_m.a(thread_abort.c.obj)
 .debug_abbrev  0x0000000000002307      0x2d3 zephyr/arch/arch/arm/core/cortex_m/libarch__arm__core__cortex_m.a(swap.c.obj)
 .debug_abbrev  0x00000000000025da       0x12 zephyr/arch/arch/arm/core/cortex_m/libarch__arm__core__cortex_m.a(swap_helper.S.obj)
 .debug_abbrev  0x00000000000025ec      0x27d zephyr/arch/arch/arm/core/cortex_m/libarch__arm__core__cortex_m.a(irq_manage.c.obj)
 .debug_abbrev  0x0000000000002869      0x18e zephyr/arch/arch/arm/core/cortex_m/libarch__arm__core__cortex_m.a(prep_c.c.obj)
 .debug_abbrev  0x00000000000029f7      0x365 zephyr/arch/arch/arm/core/cortex_m/libarch__arm__core__cortex_m.a(thread.c.obj)
 .debug_abbrev  0x0000000000002d5c      0x180 zephyr/arch/arch/arm/core/cortex_m/libarch__arm__core__cortex_m.a(cpu_idle.c.obj)
 .debug_abbrev  0x0000000000002edc      0x159 zephyr/arch/arch/arm/core/cortex_m/libarch__arm__core__cortex_m.a(irq_init.c.obj)
 .debug_abbrev  0x0000000000003035      0x136 zephyr/arch/arch/arm/core/cortex_m/libarch__arm__core__cortex_m.a(isr_wrapper.c.obj)
 .debug_abbrev  0x000000000000316b       0x14 zephyr/arch/arch/arm/core/cortex_m/libarch__arm__core__cortex_m.a(__aeabi_read_tp.S.obj)
 .debug_abbrev  0x000000000000317f      0x1b2 zephyr/arch/arch/arm/core/cortex_m/cmse/libarch__arm__core__cortex_m__cmse.a(arm_core_cmse.c.obj)
 .debug_abbrev  0x0000000000003331      0x21f zephyr/arch/arch/arm/core/mpu/libarch__arm__core__mpu.a(arm_core_mpu.c.obj)
 .debug_abbrev  0x0000000000003550      0x56a zephyr/arch/arch/arm/core/mpu/libarch__arm__core__mpu.a(arm_mpu.c.obj)
 .debug_abbrev  0x0000000000003aba       0xf4 zephyr/arch/arch/arm/core/mpu/libarch__arm__core__mpu.a(arm_mpu_regions.c.obj)
 .debug_abbrev  0x0000000000003bae      0x504 zephyr/lib/libc/picolibc/liblib__libc__picolibc.a(libc-hooks.c.obj)
 .debug_abbrev  0x00000000000040b2      0x463 zephyr/lib/libc/common/liblib__libc__common.a(malloc.c.obj)
 .debug_abbrev  0x0000000000004515      0x208 zephyr/boards/arm/mps2/libboards__arm__mps2.a(pinmux.c.obj)
 .debug_abbrev  0x000000000000471d      0x399 zephyr/drivers/console/libdrivers__console.a(uart_console.c.obj)
 .debug_abbrev  0x0000000000004ab6      0x4ab zephyr/drivers/gpio/libdrivers__gpio.a(gpio_cmsdk_ahb.c.obj)
 .debug_abbrev  0x0000000000004f61      0x30f zephyr/drivers/gpio/libdrivers__gpio.a(gpio_mmio32.c.obj)
 .debug_abbrev  0x0000000000005270      0x4d6 zephyr/drivers/serial/libdrivers__serial.a(uart_cmsdk_apb.c.obj)
 .debug_abbrev  0x0000000000005746      0x4e3 zephyr/drivers/timer/libdrivers__timer.a(cortex_m_systick.c.obj)
 .debug_abbrev  0x0000000000005c29      0x20a modules/mbedtls/libmbedTLSBase.a(zephyr_init.c.obj)
 .debug_abbrev  0x0000000000005e33      0x39e modules/trusted-firmware-m/libtfm_api.a(interface.c.obj)
 .debug_abbrev  0x00000000000061d1      0x17e modules/trusted-firmware-m/libtfm_api.a(tfm_tz_psa_ns_api.c.obj)
 .debug_abbrev  0x000000000000634f      0x1bc zephyr/kernel/libkernel.a(device.c.obj)
 .debug_abbrev  0x000000000000650b      0x479 zephyr/kernel/libkernel.a(fatal.c.obj)
 .debug_abbrev  0x0000000000006984      0x70d zephyr/kernel/libkernel.a(init.c.obj)