Archive member included to satisfy reference by file (symbol)

app/libapp.a(main.c.obj)      (--whole-archive)
zephyr/libzephyr.a(heap.c.obj)
                              (--whole-archive)
zephyr/libzephyr.a(cbprintf_packaged.c.obj)
                              (--whole-archive)
zephyr/libzephyr.a(printk.c.obj)
                              (--whole-archive)
zephyr/libzephyr.a(sem.c.obj)
                              (--whole-archive)
zephyr/libzephyr.a(thread_entry.c.obj)
                              (--whole-archive)
zephyr/libzephyr.a(cbprintf_complete.c.obj)
                              (--whole-archive)
zephyr/libzephyr.a(assert.c.obj)
                              (--whole-archive)
zephyr/libzephyr.a(reboot.c.obj)
                              (--whole-archive)
zephyr/libzephyr.a(dec.c.obj)
                              (--whole-archive)
zephyr/libzephyr.a(hex.c.obj)
                              (--whole-archive)
zephyr/libzephyr.a(rb.c.obj)  (--whole-archive)
zephyr/libzephyr.a(timeutil.c.obj)
                              (--whole-archive)
zephyr/libzephyr.a(bitarray.c.obj)
                              (--whole-archive)
zephyr/libzephyr.a(configs.c.obj)
                              (--whole-archive)
zephyr/libzephyr.a(soc.c.obj)
                              (--whole-archive)
zephyr/libzephyr.a(mem_attr.c.obj)
                              (--whole-archive)
zephyr/libzephyr.a(tracing_none.c.obj)
                              (--whole-archive)
zephyr/arch/common/libarch__common.a(sw_isr_common.c.obj)
                              (--whole-archive)
zephyr/arch/arch/arm/core/libarch__arm__core.a(fatal.c.obj)
                              (--whole-archive)
zephyr/arch/arch/arm/core/libarch__arm__core.a(nmi.c.obj)
                              (--whole-archive)
zephyr/arch/arch/arm/core/libarch__arm__core.a(nmi_on_reset.S.obj)
                              (--whole-archive)
zephyr/arch/arch/arm/core/libarch__arm__core.a(tls.c.obj)
                              (--whole-archive)
zephyr/arch/arch/arm/core/cortex_m/libarch__arm__core__cortex_m.a(exc_exit.c.obj)
                              (--whole-archive)
zephyr/arch/arch/arm/core/cortex_m/libarch__arm__core__cortex_m.a(fault.c.obj)
                              (--whole-archive)
zephyr/arch/arch/arm/core/cortex_m/libarch__arm__core__cortex_m.a(fault_s.S.obj)
                              (--whole-archive)
zephyr/arch/arch/arm/core/cortex_m/libarch__arm__core__cortex_m.a(fpu.c.obj)
                              (--whole-archive)
zephyr/arch/arch/arm/core/cortex_m/libarch__arm__core__cortex_m.a(reset.S.obj)
                              (--whole-archive)
zephyr/arch/arch/arm/core/cortex_m/libarch__arm__core__cortex_m.a(scb.c.obj)
                              (--whole-archive)
zephyr/arch/arch/arm/core/cortex_m/libarch__arm__core__cortex_m.a(thread_abort.c.obj)
                              (--whole-archive)
zephyr/arch/arch/arm/core/cortex_m/libarch__arm__core__cortex_m.a(vector_table.S.obj)
                              (--whole-archive)
zephyr/arch/arch/arm/core/cortex_m/libarch__arm__core__cortex_m.a(swap.c.obj)
                              (--whole-archive)
zephyr/arch/arch/arm/core/cortex_m/libarch__arm__core__cortex_m.a(swap_helper.S.obj)
                              (--whole-archive)
zephyr/arch/arch/arm/core/cortex_m/libarch__arm__core__cortex_m.a(irq_manage.c.obj)
                              (--whole-archive)
zephyr/arch/arch/arm/core/cortex_m/libarch__arm__core__cortex_m.a(prep_c.c.obj)
                              (--whole-archive)
zephyr/arch/arch/arm/core/cortex_m/libarch__arm__core__cortex_m.a(thread.c.obj)
                              (--whole-archive)
zephyr/arch/arch/arm/core/cortex_m/libarch__arm__core__cortex_m.a(cpu_idle.c.obj)
                              (--whole-archive)
zephyr/arch/arch/arm/core/cortex_m/libarch__arm__core__cortex_m.a(irq_init.c.obj)
                              (--whole-archive)
zephyr/arch/arch/arm/core/cortex_m/libarch__arm__core__cortex_m.a(isr_wrapper.c.obj)
                              (--whole-archive)
zephyr/arch/arch/arm/core/cortex_m/libarch__arm__core__cortex_m.a(__aeabi_read_tp.S.obj)
                              (--whole-archive)
zephyr/arch/arch/arm/core/cortex_m/cmse/libarch__arm__core__cortex_m__cmse.a(arm_core_cmse.c.obj)
                              (--whole-archive)
zephyr/arch/arch/arm/core/mpu/libarch__arm__core__mpu.a(arm_core_mpu.c.obj)
                              (--whole-archive)
zephyr/arch/arch/arm/core/mpu/libarch__arm__core__mpu.a(arm_mpu.c.obj)
                              (--whole-archive)
zephyr/arch/arch/arm/core/mpu/libarch__arm__core__mpu.a(arm_mpu_regions.c.obj)
                              (--whole-archive)
zephyr/lib/libc/picolibc/liblib__libc__picolibc.a(libc-hooks.c.obj)
                              (--whole-archive)
zephyr/lib/libc/common/liblib__libc__common.a(abort.c.obj)
                              (--whole-archive)
[...]
Memory Configuration

Name             Origin             Length             Attributes
FLASH            0x0000000000100000 0x0000000000080000 xr
RAM              0x0000000028100000 0x0000000000080000 xw
SSRAM1           0x0000000000000000 0x0000000000400000
SSRAM2_3         0x0000000028000000 0x0000000000400000
IDT_LIST         0x00000000ffff7fff 0x0000000000008000 xw
*default*        0x0000000000000000 0xffffffffffffffff

Linker script and memory map

                0x00000000001020ec                vfprintf = __l_vfprintf
                0x0000000000000000                vfscanf = __l_vfscanf
LOAD zephyr/CMakeFiles/zephyr_final.dir/misc/empty_file.c.obj
LOAD zephyr/CMakeFiles/zephyr_final.dir/isr_tables.c.obj
LOAD zephyr/CMakeFiles/offsets.dir/./arch/arm/core/offsets/offsets.c.obj
LOAD tfm/api_ns/interface/lib/s_veneers.o
LOAD app/libapp.a
LOAD zephyr/libzephyr.a
LOAD zephyr/arch/common/libarch__common.a
LOAD zephyr/arch/arch/arm/core/libarch__arm__core.a
LOAD zephyr/arch/arch/arm/core/cortex_m/libarch__arm__core__cortex_m.a
LOAD zephyr/arch/arch/arm/core/cortex_m/cmse/libarch__arm__core__cortex_m__cmse.a
LOAD zephyr/arch/arch/arm/core/mpu/libarch__arm__core__mpu.a
LOAD zephyr/lib/libc/picolibc/liblib__libc__picolibc.a
LOAD zephyr/lib/libc/common/liblib__libc__common.a
LOAD zephyr/boards/arm/mps2/libboards__arm__mps2.a
LOAD zephyr/drivers/console/libdrivers__console.a
LOAD zephyr/drivers/gpio/libdrivers__gpio.a
LOAD zephyr/drivers/serial/libdrivers__serial.a
LOAD zephyr/drivers/timer/libdrivers__timer.a
LOAD modules/mbedtls/libmbedTLSBase.a
LOAD modules/mbedtls/libmbedTLSCrypto.a
LOAD modules/mbedtls/libmbedTLSX509.a
LOAD modules/mbedtls/libmodules__mbedtls.a
LOAD modules/trusted-firmware-m/libtfm_api.a
LOAD zephyr/kernel/libkernel.a
LOAD /home/shared/zephyr-sdk-0.16.5-1/arm-zephyr-eabi/bin/../lib/gcc/arm-zephyr-eabi/12.2.0/thumb/v8-m.main/nofp/libgcc.a
LOAD zephyr/arch/common/libisr_tables.a
LOAD modules/mbedtls/libmbedTLSBase.a
LOAD modules/mbedtls/libmbedTLSCrypto.a
LOAD modules/trusted-firmware-m/libtfm_api.a
LOAD modules/mbedtls/libmbedTLSX509.a
LOAD /home/shared/zephyr-sdk-0.16.5-1/arm-zephyr-eabi/bin/../lib/gcc/../../picolibc/arm-zephyr-eabi/lib/thumb/v8-m.main/nofp/libc.a
LOAD /home/shared/zephyr-sdk-0.16.5-1/arm-zephyr-eabi/bin/../lib/gcc/arm-zephyr-eabi/12.2.0/thumb/v8-m.main/nofp/libgcc.a
                0x0000000000000020                _region_min_align = 0x20

.rel.plt        0x0000000000100000        0x0
 *(SORT_BY_ALIGNMENT(.rel.plt))
                [!provide]                        PROVIDE (__rel_iplt_start = .)
 *(SORT_BY_ALIGNMENT(.rel.iplt))
 .rel.iplt      0x0000000000100000        0x0 zephyr/CMakeFiles/zephyr_final.dir/isr_tables.c.obj
                [!provide]                        PROVIDE (__rel_iplt_end = .)

.rela.plt       0x0000000000000000        0x0
 *(SORT_BY_ALIGNMENT(.rela.plt))
                [!provide]                        PROVIDE (__rela_iplt_start = .)
 *(SORT_BY_ALIGNMENT(.rela.iplt))
                [!provide]                        PROVIDE (__rela_iplt_end = .)

.rel.dyn
 *(SORT_BY_ALIGNMENT(.rel.*))

.rela.dyn
 *(SORT_BY_ALIGNMENT(.rela.*))

/DISCARD/
 *(SORT_BY_ALIGNMENT(.plt))

/DISCARD/
 *(SORT_BY_ALIGNMENT(.iplt))
                0x0000000000100000                __rom_region_start = 0x100000

rom_start       0x0000000000100000      0x5c0
                0x0000000000100000                __rom_start_address = .
 FILL mask 0x00
                0x0000000000100400                . = (. + (0x400 - (. - __rom_start_address)))
 *fill*         0x0000000000100000      0x400 00
                0x0000000000100400                . = ALIGN (0x4)
                0x0000000000100400                . = ALIGN (0x80)
                0x0000000000100400                . = ALIGN (0x200)
                0x0000000000100400                _vector_start = .
 *(SORT_BY_ALIGNMENT(.exc_vector_table))
 *(SORT_BY_ALIGNMENT(.exc_vector_table.*))
 .exc_vector_table._vector_table_section
                0x0000000000100400       0x40 zephyr/arch/arch/arm/core/cortex_m/libarch__arm__core__cortex_m.a(vector_table.S.obj)
                0x0000000000100400                _vector_table
 *(SORT_BY_ALIGNMENT(.vectors))
                0x00000000001005c0                _vector_end = .
                0x0000000000100440                . = ALIGN (0x4)
 *(SORT_BY_ALIGNMENT(.gnu.linkonce.irq_vector_table*))
 .gnu.linkonce.irq_vector_table
                0x0000000000100440      0x180 zephyr/CMakeFiles/zephyr_final.dir/isr_tables.c.obj
                0x0000000000100440                _irq_vector_table
                0x00000000001005c0                _vector_end = .

text            0x00000000001005c0     0x2a58
                0x00000000001005c0                __text_region_start = .
 *(SORT_BY_ALIGNMENT(.text))
 *(SORT_BY_ALIGNMENT(.text.*))
 .text.tfm_psa_crypto_rng
                0x00000000001005c0       0x5c app/libapp.a(main.c.obj)
                0x00000000001005c0                tfm_psa_crypto_rng
 .text.main     0x000000000010061c       0x68 app/libapp.a(main.c.obj)
                0x000000000010061c                main
 .text.char_out
                0x0000000000100684        0xc zephyr/libzephyr.a(printk.c.obj)
 .text.vprintk  0x0000000000100690       0x30 zephyr/libzephyr.a(printk.c.obj)
                0x0000000000100690                vprintk
 .text.__printk_hook_install
                0x00000000001006c0        0xc zephyr/libzephyr.a(printk.c.obj)
                0x00000000001006c0                __printk_hook_install
 .text.z_thread_entry
                0x00000000001006cc       0x34 zephyr/libzephyr.a(thread_entry.c.obj)
                0x00000000001006cc                z_thread_entry
 .text.mem_attr_get_regions
                0x0000000000100700        0xc zephyr/libzephyr.a(mem_attr.c.obj)
                0x0000000000100700                mem_attr_get_regions
 .text.z_arm_nmi
                0x000000000010070c       0x14 zephyr/arch/arch/arm/core/libarch__arm__core.a(nmi.c.obj)
                0x000000000010070c                z_arm_nmi
 .text.z_SysNmiOnReset
                0x0000000000100720        0x8 zephyr/arch/arch/arm/core/libarch__arm__core.a(nmi_on_reset.S.obj)
                0x0000000000100720                z_SysNmiOnReset
 .text.arch_tls_stack_setup
                0x0000000000100728       0x40 zephyr/arch/arch/arm/core/libarch__arm__core.a(tls.c.obj)
                0x0000000000100728                arch_tls_stack_setup
 .text._HandlerModeExit
                0x0000000000100768       0x28 zephyr/arch/arch/arm/core/cortex_m/libarch__arm__core__cortex_m.a(exc_exit.c.obj)
                0x0000000000100768                z_arm_exc_exit
                0x0000000000100768                z_arm_int_exit
 .text.usage_fault.constprop.0
                0x0000000000100790       0x5c zephyr/arch/arch/arm/core/cortex_m/libarch__arm__core__cortex_m.a(fault.c.obj)
 .text.bus_fault.constprop.0
                0x00000000001007ec       0x60 zephyr/arch/arch/arm/core/cortex_m/libarch__arm__core__cortex_m.a(fault.c.obj)
 .text.mem_manage_fault.constprop.0
                0x000000000010084c       0x5c zephyr/arch/arch/arm/core/cortex_m/libarch__arm__core__cortex_m.a(fault.c.obj)
 .text.z_arm_fault
                0x00000000001008a8      0x130 zephyr/arch/arch/arm/core/cortex_m/libarch__arm__core__cortex_m.a(fault.c.obj)
                0x00000000001008a8                z_arm_fault
 .text.z_arm_fault_init
                0x00000000001009d8       0x10 zephyr/arch/arch/arm/core/cortex_m/libarch__arm__core__cortex_m.a(fault.c.obj)
                0x00000000001009d8                z_arm_fault_init
 .text.__fault  0x00000000001009e8       0x14 zephyr/arch/arch/arm/core/cortex_m/libarch__arm__core__cortex_m.a(fault_s.S.obj)
                0x00000000001009e8                z_arm_bus_fault
                0x00000000001009e8                z_arm_usage_fault
                0x00000000001009e8                z_arm_mpu_fault
                0x00000000001009e8                z_arm_exc_spurious
                0x00000000001009e8                z_arm_debug_monitor
                0x00000000001009e8                z_arm_hard_fault
 .text._reset_section
                0x00000000001009fc       0x5c zephyr/arch/arch/arm/core/cortex_m/libarch__arm__core__cortex_m.a(reset.S.obj)
                0x00000000001009fc                z_arm_reset
                0x00000000001009fc                __start
 .text.z_arm_clear_arm_mpu_config
                0x0000000000100a58       0x24 zephyr/arch/arch/arm/core/cortex_m/libarch__arm__core__cortex_m.a(scb.c.obj)
                0x0000000000100a58                z_arm_clear_arm_mpu_config
 .text.z_arm_init_arch_hw_at_boot
                0x0000000000100a7c       0x4c zephyr/arch/arch/arm/core/cortex_m/libarch__arm__core__cortex_m.a(scb.c.obj)
                0x0000000000100a7c                z_arm_init_arch_hw_at_boot
 .text.z_impl_k_thread_abort
                0x0000000000100ac8       0x2c zephyr/arch/arch/arm/core/cortex_m/libarch__arm__core__cortex_m.a(thread_abort.c.obj)
                0x0000000000100ac8                z_impl_k_thread_abort
 .text.arch_swap
                0x0000000000100af4       0x30 zephyr/arch/arch/arm/core/cortex_m/libarch__arm__core__cortex_m.a(swap.c.obj)
                0x0000000000100af4                arch_swap
 .text.z_arm_pendsv_c
                0x0000000000100b24       0x50 zephyr/arch/arch/arm/core/cortex_m/libarch__arm__core__cortex_m.a(swap.c.obj)
                0x0000000000100b24                z_arm_pendsv_c
 .text.z_arm_pendsv
                0x0000000000100b74       0x38 zephyr/arch/arch/arm/core/cortex_m/libarch__arm__core__cortex_m.a(swap_helper.S.obj)
                0x0000000000100b74                z_arm_pendsv
 .text.z_arm_svc
                0x0000000000100bac       0x20 zephyr/arch/arch/arm/core/cortex_m/libarch__arm__core__cortex_m.a(swap_helper.S.obj)
                0x0000000000100bac                z_arm_svc
 .text.arch_irq_enable
                0x0000000000100bcc       0x1c zephyr/arch/arch/arm/core/cortex_m/libarch__arm__core__cortex_m.a(irq_manage.c.obj)
                0x0000000000100bcc                arch_irq_enable
 .text.z_arm_irq_priority_set
                0x0000000000100be8       0x2c zephyr/arch/arch/arm/core/cortex_m/libarch__arm__core__cortex_m.a(irq_manage.c.obj)
                0x0000000000100be8                z_arm_irq_priority_set
 .text.z_prep_c
                0x0000000000100c14       0x2c zephyr/arch/arch/arm/core/cortex_m/libarch__arm__core__cortex_m.a(prep_c.c.obj)
                0x0000000000100c14                z_prep_c
 .text.arch_new_thread
                0x0000000000100c40       0x3c zephyr/arch/arch/arm/core/cortex_m/libarch__arm__core__cortex_m.a(thread.c.obj)
                0x0000000000100c40                arch_new_thread
 .text.arch_switch_to_main_thread
                0x0000000000100c7c       0x40 zephyr/arch/arch/arm/core/cortex_m/libarch__arm__core__cortex_m.a(thread.c.obj)
                0x0000000000100c7c                arch_switch_to_main_thread
 .text.z_arm_cpu_idle_init
                0x0000000000100cbc        0xc zephyr/arch/arch/arm/core/cortex_m/libarch__arm__core__cortex_m.a(cpu_idle.c.obj)
                0x0000000000100cbc                z_arm_cpu_idle_init
 .text.z_arm_interrupt_init
                0x0000000000100cc8       0x18 zephyr/arch/arch/arm/core/cortex_m/libarch__arm__core__cortex_m.a(irq_init.c.obj)
                0x0000000000100cc8                z_arm_interrupt_init
 .text._isr_wrapper
                0x0000000000100ce0       0x24 zephyr/arch/arch/arm/core/cortex_m/libarch__arm__core__cortex_m.a(isr_wrapper.c.obj)
                0x0000000000100ce0                _isr_wrapper
 .text.z_arm_configure_static_mpu_regions
                0x0000000000100d04       0x38 zephyr/arch/arch/arm/core/mpu/libarch__arm__core__mpu.a(arm_core_mpu.c.obj)
                0x0000000000100d04                z_arm_configure_static_mpu_regions
 .text.region_init
                0x0000000000100d3c       0x34 zephyr/arch/arch/arm/core/mpu/libarch__arm__core__mpu.a(arm_mpu.c.obj)
 .text.region_allocate_and_init
                0x0000000000100d70       0x24 zephyr/arch/arch/arm/core/mpu/libarch__arm__core__mpu.a(arm_mpu.c.obj)
 .text.mpu_configure_regions_and_partition.constprop.0
                0x0000000000100d94      0x148 zephyr/arch/arch/arm/core/mpu/libarch__arm__core__mpu.a(arm_mpu.c.obj)
 .text.arm_core_mpu_enable
                0x0000000000100edc       0x18 zephyr/arch/arch/arm/core/mpu/libarch__arm__core__mpu.a(arm_mpu.c.obj)
                0x0000000000100edc                arm_core_mpu_enable
 .text.arm_core_mpu_disable
                0x0000000000100ef4       0x14 zephyr/arch/arch/arm/core/mpu/libarch__arm__core__mpu.a(arm_mpu.c.obj)
                0x0000000000100ef4                arm_core_mpu_disable
 .text.arm_core_mpu_configure_static_mpu_regions
                0x0000000000100f08       0x14 zephyr/arch/arch/arm/core/mpu/libarch__arm__core__mpu.a(arm_mpu.c.obj)
                0x0000000000100f08                arm_core_mpu_configure_static_mpu_regions
 .text.arm_core_mpu_mark_areas_for_dynamic_regions
                0x0000000000100f1c       0xb8 zephyr/arch/arch/arm/core/mpu/libarch__arm__core__mpu.a(arm_mpu.c.obj)
                0x0000000000100f1c                arm_core_mpu_mark_areas_for_dynamic_regions
 .text.z_arm_mpu_init
                0x0000000000100fd4      0x11c zephyr/arch/arch/arm/core/mpu/libarch__arm__core__mpu.a(arm_mpu.c.obj)
                0x0000000000100fd4                z_arm_mpu_init
 .text.z_impl_zephyr_fputc
                0x00000000001010f0       0x10 zephyr/lib/libc/picolibc/liblib__libc__picolibc.a(libc-hooks.c.obj)
                0x00000000001010f0                z_impl_zephyr_fputc
 .text.__stdout_hook_install
                0x0000000000101100       0x18 zephyr/lib/libc/picolibc/liblib__libc__picolibc.a(libc-hooks.c.obj)
                0x0000000000101100                __stdout_hook_install
 .text.malloc_prepare
                0x0000000000101118       0x24 zephyr/lib/libc/common/liblib__libc__common.a(malloc.c.obj)
 .text.arm_mps2_pinmux_init
                0x000000000010113c       0x24 zephyr/boards/arm/mps2/libboards__arm__mps2.a(pinmux.c.obj)
 .text.uart_console_init
                0x0000000000101160       0x28 zephyr/drivers/console/libdrivers__console.a(uart_console.c.obj)
 .text.console_out
                0x0000000000101188       0x28 zephyr/drivers/console/libdrivers__console.a(uart_console.c.obj)
 .text.elapsed  0x00000000001011b0       0x4c zephyr/drivers/timer/libdrivers__timer.a(cortex_m_systick.c.obj)
 .text.sys_clock_driver_init
                0x00000000001011fc       0x38 zephyr/drivers/timer/libdrivers__timer.a(cortex_m_systick.c.obj)
 .text.sys_clock_isr
                0x0000000000101234       0x44 zephyr/drivers/timer/libdrivers__timer.a(cortex_m_systick.c.obj)
                0x0000000000101234                sys_clock_isr
 .text.sys_clock_set_timeout
                0x0000000000101278       0xe4 zephyr/drivers/timer/libdrivers__timer.a(cortex_m_systick.c.obj)
                0x0000000000101278                sys_clock_set_timeout
 .text.sys_clock_elapsed
                0x000000000010135c       0x3c zephyr/drivers/timer/libdrivers__timer.a(cortex_m_systick.c.obj)
                0x000000000010135c                sys_clock_elapsed
 .text.tfm_ns_interface_dispatch
                0x0000000000101398       0x68 modules/trusted-firmware-m/libtfm_api.a(interface.c.obj)
                0x0000000000101398                tfm_ns_interface_dispatch
 .text.psa_generate_random
                0x0000000000101400       0x40 modules/trusted-firmware-m/libtfm_api.a(tfm_crypto_api.c.obj)
                0x0000000000101400                psa_generate_random
 .text.psa_framework_version
                0x0000000000101440       0x1c modules/trusted-firmware-m/libtfm_api.a(tfm_tz_psa_ns_api.c.obj)
                0x0000000000101440                psa_framework_version
 .text.psa_version
                0x000000000010145c       0x1c modules/trusted-firmware-m/libtfm_api.a(tfm_tz_psa_ns_api.c.obj)
                0x000000000010145c                psa_version
 .text.psa_call
                0x0000000000101478       0x34 modules/trusted-firmware-m/libtfm_api.a(tfm_tz_psa_ns_api.c.obj)
                0x0000000000101478                psa_call
 .text.z_fatal_error
                0x00000000001014ac       0x30 zephyr/kernel/libkernel.a(fatal.c.obj)
                0x00000000001014ac                z_fatal_error
 .text.z_sys_init_run_level
                0x00000000001014dc       0x2c zephyr/kernel/libkernel.a(init.c.obj)
 .text.bg_thread_main
                0x0000000000101508       0xc0 zephyr/kernel/libkernel.a(init.c.obj)
 .text.z_bss_zero
                0x00000000001015c8       0x18 zephyr/kernel/libkernel.a(init.c.obj)
                0x00000000001015c8                z_bss_zero
 .text.z_init_cpu
                0x00000000001015e0       0x7c zephyr/kernel/libkernel.a(init.c.obj)
                0x00000000001015e0                z_init_cpu
 .text.z_cstart
                0x000000000010165c       0xd0 zephyr/kernel/libkernel.a(init.c.obj)
                0x000000000010165c                z_cstart
 .text.z_impl_k_mutex_lock
                0x000000000010172c       0xf0 zephyr/kernel/libkernel.a(mutex.c.obj)
                0x000000000010172c                z_impl_k_mutex_lock
 .text.z_impl_k_mutex_unlock
                0x000000000010181c       0x78 zephyr/kernel/libkernel.a(mutex.c.obj)
                0x000000000010181c                z_impl_k_mutex_unlock
 .text.z_setup_new_thread
                0x0000000000101894       0x7c zephyr/kernel/libkernel.a(thread.c.obj)
                0x0000000000101894                z_setup_new_thread
 .text.update_cache
                0x0000000000101910       0x3c zephyr/kernel/libkernel.a(sched.c.obj)
 .text.unready_thread
                0x000000000010194c       0x30 zephyr/kernel/libkernel.a(sched.c.obj)
 .text.ready_thread
                0x000000000010197c       0x68 zephyr/kernel/libkernel.a(sched.c.obj)
 .text.z_thread_halt
                0x00000000001019e4       0xdc zephyr/kernel/libkernel.a(sched.c.obj)
 .text.move_thread_to_end_of_prio_q
                0x0000000000101ac0       0x74 zephyr/kernel/libkernel.a(sched.c.obj)
                0x0000000000101ac0                move_thread_to_end_of_prio_q
 .text.z_pend_curr
                0x0000000000101b34       0x58 zephyr/kernel/libkernel.a(sched.c.obj)
                0x0000000000101b34                z_pend_curr
 .text.z_thread_prio_set
                0x0000000000101b8c       0x88 zephyr/kernel/libkernel.a(sched.c.obj)
                0x0000000000101b8c                z_thread_prio_set
 .text.z_reschedule
                0x0000000000101c14       0x24 zephyr/kernel/libkernel.a(sched.c.obj)
                0x0000000000101c14                z_reschedule
 .text.z_sched_start
                0x0000000000101c38       0x3c zephyr/kernel/libkernel.a(sched.c.obj)
                0x0000000000101c38                z_sched_start
 .text.z_reschedule_irqlock
                0x0000000000101c74       0x28 zephyr/kernel/libkernel.a(sched.c.obj)
                0x0000000000101c74                z_reschedule_irqlock
 .text.k_sched_lock
                0x0000000000101c9c       0x28 zephyr/kernel/libkernel.a(sched.c.obj)
                0x0000000000101c9c                k_sched_lock
 .text.k_sched_unlock
                0x0000000000101cc4       0x40 zephyr/kernel/libkernel.a(sched.c.obj)
                0x0000000000101cc4                k_sched_unlock
 .text.z_sched_init
                0x0000000000101d04       0x10 zephyr/kernel/libkernel.a(sched.c.obj)
                0x0000000000101d04                z_sched_init
 .text.z_impl_k_sched_current_thread_query
                0x0000000000101d14        0xc zephyr/kernel/libkernel.a(sched.c.obj)
                0x0000000000101d14                z_impl_k_sched_current_thread_query
 .text.slice_timeout
                0x0000000000101d20       0x20 zephyr/kernel/libkernel.a(timeslicing.c.obj)
 .text.thread_is_sliceable
                0x0000000000101d40       0x3c zephyr/kernel/libkernel.a(timeslicing.c.obj)
                0x0000000000101d40                thread_is_sliceable
 .text.z_reset_time_slice
                0x0000000000101d7c       0x50 zephyr/kernel/libkernel.a(timeslicing.c.obj)
                0x0000000000101d7c                z_reset_time_slice
 .text.z_time_slice
                0x0000000000101dcc       0x60 zephyr/kernel/libkernel.a(timeslicing.c.obj)
                0x0000000000101dcc                z_time_slice
 .text.z_data_copy
                0x0000000000101e2c       0x34 zephyr/kernel/libkernel.a(xip.c.obj)
                0x0000000000101e2c                z_data_copy
 .text.elapsed  0x0000000000101e60       0x14 zephyr/kernel/libkernel.a(timeout.c.obj)
 .text.remove_timeout
                0x0000000000101e74       0x38 zephyr/kernel/libkernel.a(timeout.c.obj)
 .text.next_timeout
                0x0000000000101eac       0x40 zephyr/kernel/libkernel.a(timeout.c.obj)
 .text.z_add_timeout
                0x0000000000101eec       0xf4 zephyr/kernel/libkernel.a(timeout.c.obj)
                0x0000000000101eec                z_add_timeout
 .text.sys_clock_announce
                0x0000000000101fe0       0xd0 zephyr/kernel/libkernel.a(timeout.c.obj)
                0x0000000000101fe0                sys_clock_announce
 .text.k_thread_system_pool_assign
                0x00000000001020b0        0xc zephyr/kernel/libkernel.a(mempool.c.obj)
                0x00000000001020b0                k_thread_system_pool_assign
 .text.boot_banner
                0x00000000001020bc        0xc zephyr/kernel/libkernel.a(banner.c.obj)
                0x00000000001020bc                boot_banner
 .text.statics_init
                0x00000000001020c8       0x24 zephyr/kernel/libkernel.a(kheap.c.obj)
 .text.__l_vfprintf
                0x00000000001020ec      0x4b4 /home/shared/zephyr-sdk-0.16.5-1/arm-zephyr-eabi/bin/../lib/gcc/../../picolibc/arm-zephyr-eabi/lib/thumb/v8-m.main/nofp/libc.a(libc_tinystdio_vflprintf.c.o)
                0x00000000001020ec                __l_vfprintf
 .text._OffsetAbsSyms
                0x00000000001025a0        0x2 zephyr/CMakeFiles/offsets.dir/./arch/arm/core/offsets/offsets.c.obj
                0x00000000001025a0                _OffsetAbsSyms
 .text.chunk_field
                0x00000000001025a2       0x16 zephyr/libzephyr.a(heap.c.obj)
 .text.chunk_set
                0x00000000001025b8       0x16 zephyr/libzephyr.a(heap.c.obj)
 .text.chunk_size
                0x00000000001025ce        0xc zephyr/libzephyr.a(heap.c.obj)
 .text.set_chunk_used
                0x00000000001025da       0x30 zephyr/libzephyr.a(heap.c.obj)
 .text.set_chunk_size
                0x000000000010260a        0x8 zephyr/libzephyr.a(heap.c.obj)
 .text.bucket_idx.isra.0
                0x0000000000102612       0x1c zephyr/libzephyr.a(heap.c.obj)
 .text.free_list_add
                0x000000000010262e       0x84 zephyr/libzephyr.a(heap.c.obj)
 .text.sys_heap_init
                0x00000000001026b2       0xb0 zephyr/libzephyr.a(heap.c.obj)
                0x00000000001026b2                sys_heap_init
 .text.arch_printk_char_out
                0x0000000000102762        0x4 zephyr/libzephyr.a(printk.c.obj)
                0x0000000000102762                arch_printk_char_out
 .text.printk   0x0000000000102766       0x1a zephyr/libzephyr.a(printk.c.obj)
                0x0000000000102766                printk
 .text._ConfigAbsSyms
                0x0000000000102780        0x2 zephyr/libzephyr.a(configs.c.obj)
                0x0000000000102780                _ConfigAbsSyms
 .text.z_arm_fatal_error
                0x0000000000102782        0xc zephyr/arch/arch/arm/core/libarch__arm__core.a(fatal.c.obj)
                0x0000000000102782                z_arm_fatal_error
 .text.z_do_kernel_oops
                0x000000000010278e        0x8 zephyr/arch/arch/arm/core/libarch__arm__core.a(fatal.c.obj)
                0x000000000010278e                z_do_kernel_oops
 .text.z_arm_save_fp_context
                0x0000000000102796        0x2 zephyr/arch/arch/arm/core/cortex_m/libarch__arm__core__cortex_m.a(fpu.c.obj)
                0x0000000000102796                z_arm_save_fp_context
 .text.z_arm_restore_fp_context
                0x0000000000102798        0x2 zephyr/arch/arch/arm/core/cortex_m/libarch__arm__core__cortex_m.a(fpu.c.obj)
                0x0000000000102798                z_arm_restore_fp_context
 .text.z_irq_spurious
                0x000000000010279a        0x8 zephyr/arch/arch/arm/core/cortex_m/libarch__arm__core__cortex_m.a(irq_manage.c.obj)
                0x000000000010279a                z_irq_spurious
 .text.arch_irq_unlock_outlined
                0x00000000001027a2        0xe zephyr/arch/arch/arm/core/cortex_m/libarch__arm__core__cortex_m.a(thread.c.obj)
                0x00000000001027a2                arch_irq_unlock_outlined
 .text.arch_cpu_idle
                0x00000000001027b0       0x1a zephyr/arch/arch/arm/core/cortex_m/libarch__arm__core__cortex_m.a(cpu_idle.c.obj)
                0x00000000001027b0                arch_cpu_idle
 .text.arm_cmse_mpu_region_get
                0x00000000001027ca       0x12 zephyr/arch/arch/arm/core/cortex_m/cmse/libarch__arm__core__cortex_m__cmse.a(arm_core_cmse.c.obj)
                0x00000000001027ca                arm_cmse_mpu_region_get
 .text.mpu_configure_region
                0x00000000001027dc       0x32 zephyr/arch/arch/arm/core/mpu/libarch__arm__core__mpu.a(arm_mpu.c.obj)
 .text.picolibc_put
                0x000000000010280e        0xa zephyr/lib/libc/picolibc/liblib__libc__picolibc.a(libc-hooks.c.obj)
 .text.gpio_cmsdk_ahb_port_get_raw
                0x0000000000102818        0xc zephyr/drivers/gpio/libdrivers__gpio.a(gpio_cmsdk_ahb.c.obj)
 .text.gpio_cmsdk_ahb_port_set_masked_raw
                0x0000000000102824       0x12 zephyr/drivers/gpio/libdrivers__gpio.a(gpio_cmsdk_ahb.c.obj)
 .text.gpio_cmsdk_ahb_port_set_bits_raw
                0x0000000000102836        0xe zephyr/drivers/gpio/libdrivers__gpio.a(gpio_cmsdk_ahb.c.obj)
 .text.gpio_cmsdk_ahb_port_clear_bits_raw
                0x0000000000102844       0x10 zephyr/drivers/gpio/libdrivers__gpio.a(gpio_cmsdk_ahb.c.obj)
 .text.gpio_cmsdk_ahb_port_toggle_bits
                0x0000000000102854        0xe zephyr/drivers/gpio/libdrivers__gpio.a(gpio_cmsdk_ahb.c.obj)
 .text.gpio_cmsdk_ahb_config
                0x0000000000102862       0x44 zephyr/drivers/gpio/libdrivers__gpio.a(gpio_cmsdk_ahb.c.obj)
 .text.gpio_cmsdk_ahb_pin_interrupt_configure
                0x00000000001028a6       0x4a zephyr/drivers/gpio/libdrivers__gpio.a(gpio_cmsdk_ahb.c.obj)
 .text.gpio_cmsdk_ahb_manage_callback
                0x00000000001028f0       0x52 zephyr/drivers/gpio/libdrivers__gpio.a(gpio_cmsdk_ahb.c.obj)
 .text.gpio_cmsdk_ahb_init
                0x0000000000102942        0xc zephyr/drivers/gpio/libdrivers__gpio.a(gpio_cmsdk_ahb.c.obj)
 .text.gpio_cmsdk_port_0_config_func
                0x000000000010294e       0x16 zephyr/drivers/gpio/libdrivers__gpio.a(gpio_cmsdk_ahb.c.obj)
 .text.gpio_cmsdk_port_1_config_func
                0x0000000000102964       0x16 zephyr/drivers/gpio/libdrivers__gpio.a(gpio_cmsdk_ahb.c.obj)
 .text.gpio_cmsdk_port_2_config_func
                0x000000000010297a       0x16 zephyr/drivers/gpio/libdrivers__gpio.a(gpio_cmsdk_ahb.c.obj)
 .text.gpio_cmsdk_port_3_config_func
                0x0000000000102990       0x16 zephyr/drivers/gpio/libdrivers__gpio.a(gpio_cmsdk_ahb.c.obj)
 .text.gpio_cmsdk_ahb_isr
                0x00000000001029a6       0x32 zephyr/drivers/gpio/libdrivers__gpio.a(gpio_cmsdk_ahb.c.obj)
 .text.gpio_mmio32_config
                0x00000000001029d8       0x66 zephyr/drivers/gpio/libdrivers__gpio.a(gpio_mmio32.c.obj)
 .text.gpio_mmio32_port_get_raw
                0x0000000000102a3e       0x12 zephyr/drivers/gpio/libdrivers__gpio.a(gpio_mmio32.c.obj)
 .text.gpio_mmio32_port_set_masked_raw
                0x0000000000102a50       0x30 zephyr/drivers/gpio/libdrivers__gpio.a(gpio_mmio32.c.obj)
 .text.gpio_mmio32_port_set_bits_raw
                0x0000000000102a80       0x2a zephyr/drivers/gpio/libdrivers__gpio.a(gpio_mmio32.c.obj)
 .text.gpio_mmio32_port_clear_bits_raw
                0x0000000000102aaa       0x2c zephyr/drivers/gpio/libdrivers__gpio.a(gpio_mmio32.c.obj)
 .text.gpio_mmio32_port_toggle_bits
                0x0000000000102ad6       0x2a zephyr/drivers/gpio/libdrivers__gpio.a(gpio_mmio32.c.obj)
 .text.gpio_mmio32_init
                0x0000000000102b00        0xa zephyr/drivers/gpio/libdrivers__gpio.a(gpio_mmio32.c.obj)
                0x0000000000102b00                gpio_mmio32_init
 .text.uart_cmsdk_apb_init
                0x0000000000102b0a       0x24 zephyr/drivers/serial/libdrivers__serial.a(uart_cmsdk_apb.c.obj)
 .text.uart_cmsdk_apb_poll_in
                0x0000000000102b2e       0x16 zephyr/drivers/serial/libdrivers__serial.a(uart_cmsdk_apb.c.obj)
 .text.uart_cmsdk_apb_poll_out
                0x0000000000102b44        0xe zephyr/drivers/serial/libdrivers__serial.a(uart_cmsdk_apb.c.obj)
 .text.uart_cmsdk_apb_fifo_fill
                0x0000000000102b52       0x20 zephyr/drivers/serial/libdrivers__serial.a(uart_cmsdk_apb.c.obj)
 .text.uart_cmsdk_apb_fifo_read
                0x0000000000102b72       0x20 zephyr/drivers/serial/libdrivers__serial.a(uart_cmsdk_apb.c.obj)
 .text.uart_cmsdk_apb_irq_tx_disable
                0x0000000000102b92       0x14 zephyr/drivers/serial/libdrivers__serial.a(uart_cmsdk_apb.c.obj)
 .text.uart_cmsdk_apb_irq_tx_ready
                0x0000000000102ba6        0xe zephyr/drivers/serial/libdrivers__serial.a(uart_cmsdk_apb.c.obj)
 .text.uart_cmsdk_apb_irq_rx_enable
                0x0000000000102bb4        0xe zephyr/drivers/serial/libdrivers__serial.a(uart_cmsdk_apb.c.obj)
 .text.uart_cmsdk_apb_irq_rx_disable
                0x0000000000102bc2       0x14 zephyr/drivers/serial/libdrivers__serial.a(uart_cmsdk_apb.c.obj)
 .text.uart_cmsdk_apb_irq_tx_complete
                0x0000000000102bd6        0x4 zephyr/drivers/serial/libdrivers__serial.a(uart_cmsdk_apb.c.obj)
 .text.uart_cmsdk_apb_irq_rx_ready
                0x0000000000102bda        0xc zephyr/drivers/serial/libdrivers__serial.a(uart_cmsdk_apb.c.obj)
 .text.uart_cmsdk_apb_irq_err_enable
                0x0000000000102be6        0x2 zephyr/drivers/serial/libdrivers__serial.a(uart_cmsdk_apb.c.obj)
 .text.uart_cmsdk_apb_irq_is_pending
                0x0000000000102be8        0xc zephyr/drivers/serial/libdrivers__serial.a(uart_cmsdk_apb.c.obj)
 .text.uart_cmsdk_apb_irq_update
                0x0000000000102bf4        0x4 zephyr/drivers/serial/libdrivers__serial.a(uart_cmsdk_apb.c.obj)
 .text.uart_cmsdk_apb_irq_callback_set
                0x0000000000102bf8        0x8 zephyr/drivers/serial/libdrivers__serial.a(uart_cmsdk_apb.c.obj)
 .text.uart_cmsdk_apb_isr
                0x0000000000102c00        0xc zephyr/drivers/serial/libdrivers__serial.a(uart_cmsdk_apb.c.obj)
 .text.uart_cmsdk_apb_irq_tx_enable
                0x0000000000102c0c       0x2a zephyr/drivers/serial/libdrivers__serial.a(uart_cmsdk_apb.c.obj)
 .text.uart_cmsdk_apb_irq_config_func_0
                0x0000000000102c36       0x26 zephyr/drivers/serial/libdrivers__serial.a(uart_cmsdk_apb.c.obj)
 .text.uart_cmsdk_apb_irq_config_func_1
                0x0000000000102c5c       0x26 zephyr/drivers/serial/libdrivers__serial.a(uart_cmsdk_apb.c.obj)
 .text.uart_cmsdk_apb_irq_config_func_2
                0x0000000000102c82       0x26 zephyr/drivers/serial/libdrivers__serial.a(uart_cmsdk_apb.c.obj)
 .text.uart_cmsdk_apb_irq_config_func_3
                0x0000000000102ca8       0x26 zephyr/drivers/serial/libdrivers__serial.a(uart_cmsdk_apb.c.obj)
 .text.uart_cmsdk_apb_irq_config_func_4
                0x0000000000102cce       0x26 zephyr/drivers/serial/libdrivers__serial.a(uart_cmsdk_apb.c.obj)
 .text.uart_cmsdk_apb_irq_err_disable
                0x0000000000102cf4        0x2 zephyr/drivers/serial/libdrivers__serial.a(uart_cmsdk_apb.c.obj)
 .text._mbedtls_init
                0x0000000000102cf6        0x4 modules/mbedtls/libmbedTLSBase.a(zephyr_init.c.obj)
 .text.ns_interface_init
                0x0000000000102cfa        0x4 modules/trusted-firmware-m/libtfm_api.a(interface.c.obj)
 .text.z_device_state_init
                0x0000000000102cfe        0x2 zephyr/kernel/libkernel.a(device.c.obj)
                0x0000000000102cfe                z_device_state_init
 .text.z_device_is_ready
                0x0000000000102d00       0x16 zephyr/kernel/libkernel.a(device.c.obj)
                0x0000000000102d00                z_device_is_ready
 .text.arch_system_halt
                0x0000000000102d16       0x10 zephyr/kernel/libkernel.a(fatal.c.obj)
                0x0000000000102d16                arch_system_halt
 .text.k_sys_fatal_error_handler
                0x0000000000102d26        0x6 zephyr/kernel/libkernel.a(fatal.c.obj)
                0x0000000000102d26                k_sys_fatal_error_handler
 .text.do_device_init
                0x0000000000102d2c       0x30 zephyr/kernel/libkernel.a(init.c.obj)
 .text.z_early_memset
                0x0000000000102d5c        0x4 zephyr/kernel/libkernel.a(init.c.obj)
                0x0000000000102d5c                z_early_memset
 .text.z_early_memcpy
                0x0000000000102d60        0x4 zephyr/kernel/libkernel.a(init.c.obj)
                0x0000000000102d60                z_early_memcpy
 .text.idle     0x0000000000102d64       0x16 zephyr/kernel/libkernel.a(idle.c.obj)
                0x0000000000102d64                idle
 .text.adjust_owner_prio.isra.0
                0x0000000000102d7a       0x10 zephyr/kernel/libkernel.a(mutex.c.obj)
 .text.z_impl_k_thread_start
                0x0000000000102d8a        0x4 zephyr/kernel/libkernel.a(thread.c.obj)
                0x0000000000102d8a                z_impl_k_thread_start
 .text.sys_dlist_remove
                0x0000000000102d8e       0x10 zephyr/kernel/libkernel.a(sched.c.obj)
 .text.unpend_thread_no_timeout
                0x0000000000102d9e       0x14 zephyr/kernel/libkernel.a(sched.c.obj)
 .text.add_to_waitq_locked
                0x0000000000102db2       0x50 zephyr/kernel/libkernel.a(sched.c.obj)
 .text.z_ready_thread
                0x0000000000102e02       0x1e zephyr/kernel/libkernel.a(sched.c.obj)
                0x0000000000102e02                z_ready_thread
 .text.z_sched_wake_thread
                0x0000000000102e20       0x42 zephyr/kernel/libkernel.a(sched.c.obj)
                0x0000000000102e20                z_sched_wake_thread
 .text.z_thread_timeout
                0x0000000000102e62        0x8 zephyr/kernel/libkernel.a(sched.c.obj)
                0x0000000000102e62                z_thread_timeout
 .text.z_unpend_first_thread
                0x0000000000102e6a       0x36 zephyr/kernel/libkernel.a(sched.c.obj)
                0x0000000000102e6a                z_unpend_first_thread
 .text.z_thread_abort
                0x0000000000102ea0       0x44 zephyr/kernel/libkernel.a(sched.c.obj)
                0x0000000000102ea0                z_thread_abort
 .text.z_abort_timeout
                0x0000000000102ee4       0x2a zephyr/kernel/libkernel.a(timeout.c.obj)
                0x0000000000102ee4                z_abort_timeout
 .text.k_heap_init
                0x0000000000102f0e       0x10 zephyr/kernel/libkernel.a(kheap.c.obj)
                0x0000000000102f0e                k_heap_init
 .text.strnlen  0x0000000000102f1e       0x18 /home/shared/zephyr-sdk-0.16.5-1/arm-zephyr-eabi/bin/../lib/gcc/../../picolibc/arm-zephyr-eabi/lib/thumb/v8-m.main/nofp/libc.a(libc_string_strnlen.c.o)
                0x0000000000102f1e                strnlen
 .text.__ultoa_invert
                0x0000000000102f36       0xac /home/shared/zephyr-sdk-0.16.5-1/arm-zephyr-eabi/bin/../lib/gcc/../../picolibc/arm-zephyr-eabi/lib/thumb/v8-m.main/nofp/libc.a(libc_tinystdio_vflprintf.c.o)
 .text.memcpy   0x0000000000102fe2       0x1a /home/shared/zephyr-sdk-0.16.5-1/arm-zephyr-eabi/bin/../lib/gcc/../../picolibc/arm-zephyr-eabi/lib/thumb/v8-m.main/nofp/libc.a(memcpy.c.o)
                0x0000000000102fe2                memcpy
                0x0000000000102fe2                __aeabi_memcpy
                0x0000000000102fe2                __aeabi_memcpy4
                0x0000000000102fe2                __aeabi_memcpy8
 .text.memset   0x0000000000102ffc       0x10 /home/shared/zephyr-sdk-0.16.5-1/arm-zephyr-eabi/bin/../lib/gcc/../../picolibc/arm-zephyr-eabi/lib/thumb/v8-m.main/nofp/libc.a(memset.c.o)
                0x0000000000102ffc                memset
 *(SORT_BY_ALIGNMENT(.TEXT.*))
 .TEXT.__aeabi_read_tp
                0x000000000010300c        0xc zephyr/arch/arch/arm/core/cortex_m/libarch__arm__core__cortex_m.a(__aeabi_read_tp.S.obj)
                0x000000000010300c                __aeabi_read_tp
 *(SORT_BY_ALIGNMENT(.gnu.linkonce.t.*))
 *(SORT_BY_ALIGNMENT(.glue_7t))
 .glue_7t       0x0000000000103018        0x0 linker stubs
 *(SORT_BY_ALIGNMENT(.glue_7))
 .glue_7        0x0000000000103018        0x0 linker stubs
 *(SORT_BY_ALIGNMENT(.vfp11_veneer))
 .vfp11_veneer  0x0000000000103018        0x0 linker stubs
 *(SORT_BY_ALIGNMENT(.v4_bx))
 .v4_bx         0x0000000000103018        0x0 linker stubs
                0x0000000000103018                . = ALIGN (0x4)
                0x0000000000103018                __text_region_end = .

.ARM.exidx      0x0000000000103018        0x0
                0x0000000000103018                __exidx_start = .
 *(SORT_BY_ALIGNMENT(.ARM.exidx*) SORT_BY_ALIGNMENT(gnu.linkonce.armexidx.*))
                0x0000000000103018                __exidx_end = .
                0x0000000000103018                __rodata_region_start = .

initlevel       0x0000000000103018       0x98
                0x0000000000103018                __init_start = .
                0x0000000000103018                __init_EARLY_start = .
 *(SORT_BY_NAME(SORT_BY_ALIGNMENT(.z_init_EARLY?_*)))
 *(SORT_BY_NAME(SORT_BY_ALIGNMENT(.z_init_EARLY??_*)))
                0x0000000000103018                __init_PRE_KERNEL_1_start = .
 *(SORT_BY_NAME(SORT_BY_ALIGNMENT(.z_init_PRE_KERNEL_1?_*)))
 *(SORT_BY_NAME(SORT_BY_ALIGNMENT(.z_init_PRE_KERNEL_1??_*)))
 .z_init_PRE_KERNEL_130_0_
                0x0000000000103018        0x8 zephyr/kernel/libkernel.a(kheap.c.obj)
 .z_init_PRE_KERNEL_140_00026_
                0x0000000000103020        0x8 zephyr/drivers/gpio/libdrivers__gpio.a(gpio_cmsdk_ahb.c.obj)
 .z_init_PRE_KERNEL_140_00027_
                0x0000000000103028        0x8 zephyr/drivers/gpio/libdrivers__gpio.a(gpio_cmsdk_ahb.c.obj)
 .z_init_PRE_KERNEL_140_00028_
                0x0000000000103030        0x8 zephyr/drivers/gpio/libdrivers__gpio.a(gpio_cmsdk_ahb.c.obj)
 .z_init_PRE_KERNEL_140_00029_
                0x0000000000103038        0x8 zephyr/drivers/gpio/libdrivers__gpio.a(gpio_cmsdk_ahb.c.obj)
 .z_init_PRE_KERNEL_140_0_
                0x0000000000103040        0x8 zephyr/boards/arm/mps2/libboards__arm__mps2.a(pinmux.c.obj)
 .z_init_PRE_KERNEL_150_00011_
                0x0000000000103048        0x8 zephyr/libzephyr.a(soc.c.obj)
 .z_init_PRE_KERNEL_150_00015_
                0x0000000000103050        0x8 zephyr/libzephyr.a(soc.c.obj)
 .z_init_PRE_KERNEL_150_00036_
                0x0000000000103058        0x8 zephyr/libzephyr.a(soc.c.obj)
 .z_init_PRE_KERNEL_150_00040_
                0x0000000000103060        0x8 zephyr/drivers/serial/libdrivers__serial.a(uart_cmsdk_apb.c.obj)
 .z_init_PRE_KERNEL_150_00041_
                0x0000000000103068        0x8 zephyr/drivers/serial/libdrivers__serial.a(uart_cmsdk_apb.c.obj)
 .z_init_PRE_KERNEL_150_00042_
                0x0000000000103070        0x8 zephyr/drivers/serial/libdrivers__serial.a(uart_cmsdk_apb.c.obj)
 .z_init_PRE_KERNEL_150_00043_
                0x0000000000103078        0x8 zephyr/drivers/serial/libdrivers__serial.a(uart_cmsdk_apb.c.obj)
 .z_init_PRE_KERNEL_150_00044_
                0x0000000000103080        0x8 zephyr/drivers/serial/libdrivers__serial.a(uart_cmsdk_apb.c.obj)
 .z_init_PRE_KERNEL_160_0_
                0x0000000000103088        0x8 zephyr/drivers/console/libdrivers__console.a(uart_console.c.obj)
                0x0000000000103090                __init_PRE_KERNEL_2_start = .
 *(SORT_BY_NAME(SORT_BY_ALIGNMENT(.z_init_PRE_KERNEL_2?_*)))
 .z_init_PRE_KERNEL_20_0_
                0x0000000000103090        0x8 zephyr/drivers/timer/libdrivers__timer.a(cortex_m_systick.c.obj)
 *(SORT_BY_NAME(SORT_BY_ALIGNMENT(.z_init_PRE_KERNEL_2??_*)))
                0x0000000000103098                __init_POST_KERNEL_start = .
 *(SORT_BY_NAME(SORT_BY_ALIGNMENT(.z_init_POST_KERNEL?_*)))
 .z_init_POST_KERNEL0_0_
                0x0000000000103098        0x8 modules/mbedtls/libmbedTLSBase.a(zephyr_init.c.obj)
 *(SORT_BY_NAME(SORT_BY_ALIGNMENT(.z_init_POST_KERNEL??_*)))
 .z_init_POST_KERNEL40_0_
                0x00000000001030a0        0x8 zephyr/lib/libc/common/liblib__libc__common.a(malloc.c.obj)
 .z_init_POST_KERNEL40_0_
                0x00000000001030a8        0x8 modules/trusted-firmware-m/libtfm_api.a(interface.c.obj)
                0x00000000001030b0                __init_APPLICATION_start = .
 *(SORT_BY_NAME(SORT_BY_ALIGNMENT(.z_init_APPLICATION?_*)))
 *(SORT_BY_NAME(SORT_BY_ALIGNMENT(.z_init_APPLICATION??_*)))
                0x00000000001030b0                __init_SMP_start = .
 *(SORT_BY_NAME(SORT_BY_ALIGNMENT(.z_init_SMP?_*)))
 *(SORT_BY_NAME(SORT_BY_ALIGNMENT(.z_init_SMP??_*)))
                0x00000000001030b0                __init_end = .
                0x00000000001030b0                __deferred_init_list_start = .
 *(SORT_BY_ALIGNMENT(.z_deferred_init))
                0x00000000001030b0                __deferred_init_list_end = .

device_area     0x00000000001030b0       0xf0
                0x00000000001030b0                _device_list_start = .
 *(SORT_BY_NAME(SORT_BY_ALIGNMENT(._device.static.*_?_*)))
 *(SORT_BY_NAME(SORT_BY_ALIGNMENT(._device.static.*_??_*)))
 ._device.static.1_40_
                0x00000000001030b0       0x50 zephyr/drivers/gpio/libdrivers__gpio.a(gpio_cmsdk_ahb.c.obj)
                0x00000000001030b0                __device_dts_ord_29
                0x00000000001030c4                __device_dts_ord_28
                0x00000000001030d8                __device_dts_ord_27
                0x00000000001030ec                __device_dts_ord_26
 ._device.static.1_50_
                0x0000000000103100       0x3c zephyr/libzephyr.a(soc.c.obj)
                0x0000000000103100                __device_dts_ord_36
                0x0000000000103114                __device_dts_ord_11
                0x0000000000103128                __device_dts_ord_15
 ._device.static.1_50_
                0x000000000010313c       0x64 zephyr/drivers/serial/libdrivers__serial.a(uart_cmsdk_apb.c.obj)
                0x000000000010313c                __device_dts_ord_44
                0x0000000000103150                __device_dts_ord_43
                0x0000000000103164                __device_dts_ord_42
                0x0000000000103178                __device_dts_ord_41
                0x000000000010318c                __device_dts_ord_40
                0x00000000001031a0                _device_list_end = .

sw_isr_table    0x00000000001031a0      0x300
                0x00000000001031a0                . = ALIGN (0x4)
 *(SORT_BY_ALIGNMENT(.gnu.linkonce.sw_isr_table*))
 .gnu.linkonce.sw_isr_table
                0x00000000001031a0      0x300 zephyr/CMakeFiles/zephyr_final.dir/isr_tables.c.obj
                0x00000000001031a0                _sw_isr_table

initlevel_error
                0x0000000000103018        0x0
 *(SORT_BY_NAME(SORT_BY_ALIGNMENT(.z_init_[_A-Z0-9]*)))
                0x0000000000000001                ASSERT ((SIZEOF (initlevel_error) == 0x0), Undefined initialization levels used.)

app_shmem_regions
                0x00000000001034a0        0x0
                0x00000000001034a0                __app_shmem_regions_start = .
 *(SORT_BY_NAME(SORT_BY_ALIGNMENT(.app_regions.*)))
                0x00000000001034a0                __app_shmem_regions_end = .

k_p4wq_initparam_area
                0x00000000001034a0        0x0
                0x00000000001034a0                _k_p4wq_initparam_list_start = .
 *(SORT_BY_NAME(SORT_BY_ALIGNMENT(._k_p4wq_initparam.static.*)))
                0x00000000001034a0                _k_p4wq_initparam_list_end = .

_static_thread_data_area
                0x00000000001034a0        0x0
                0x00000000001034a0                __static_thread_data_list_start = .
 *(SORT_BY_NAME(SORT_BY_ALIGNMENT(.__static_thread_data.static.*)))
                0x00000000001034a0                __static_thread_data_list_end = .

device_deps     0x00000000001034a0        0x0
                0x00000000001034a0                __device_deps_start = .
 *(SORT_BY_NAME(SORT_BY_ALIGNMENT(.__device_deps_pass2*)))
                0x00000000001034a0                __device_deps_end = .

ztest           0x00000000001034a0        0x0
                0x00000000001034a0                _ztest_expected_result_entry_list_start = .
 *(SORT_BY_NAME(SORT_BY_ALIGNMENT(._ztest_expected_result_entry.static.*)))
                0x00000000001034a0                _ztest_expected_result_entry_list_end = .
                0x00000000001034a0                _ztest_suite_node_list_start = .
 *(SORT_BY_NAME(SORT_BY_ALIGNMENT(._ztest_suite_node.static.*)))
                0x00000000001034a0                _ztest_suite_node_list_end = .
                0x00000000001034a0                _ztest_unit_test_list_start = .
 *(SORT_BY_NAME(SORT_BY_ALIGNMENT(._ztest_unit_test.static.*)))
                0x00000000001034a0                _ztest_unit_test_list_end = .
                0x00000000001034a0                _ztest_test_rule_list_start = .
 *(SORT_BY_NAME(SORT_BY_ALIGNMENT(._ztest_test_rule.static.*)))
                0x00000000001034a0                _ztest_test_rule_list_end = .

bt_l2cap_fixed_chan_area
                0x00000000001034a0        0x0
                0x00000000001034a0                _bt_l2cap_fixed_chan_list_start = .
 *(SORT_BY_NAME(SORT_BY_ALIGNMENT(._bt_l2cap_fixed_chan.static.*)))
                0x00000000001034a0                _bt_l2cap_fixed_chan_list_end = .

bt_gatt_service_static_area
                0x00000000001034a0        0x0
                0x00000000001034a0                _bt_gatt_service_static_list_start = .
 *(SORT_BY_NAME(SORT_BY_ALIGNMENT(._bt_gatt_service_static.static.*)))
                0x00000000001034a0                _bt_gatt_service_static_list_end = .

log_strings_area
                0x00000000001034a0        0x0
                0x00000000001034a0                _log_strings_list_start = .
 *(SORT_BY_NAME(SORT_BY_ALIGNMENT(._log_strings.static.*)))
                0x00000000001034a0                _log_strings_list_end = .

log_const_area  0x00000000001034a0        0x0
                0x00000000001034a0                _log_const_list_start = .
 *(SORT_BY_NAME(SORT_BY_ALIGNMENT(._log_const.static.*)))
                0x00000000001034a0                _log_const_list_end = .

log_backend_area
                0x00000000001034a0        0x0
                0x00000000001034a0                _log_backend_list_start = .
 *(SORT_BY_NAME(SORT_BY_ALIGNMENT(._log_backend.static.*)))
                0x00000000001034a0                _log_backend_list_end = .

log_link_area   0x00000000001034a0        0x0
                0x00000000001034a0                _log_link_list_start = .
 *(SORT_BY_NAME(SORT_BY_ALIGNMENT(._log_link.static.*)))
                0x00000000001034a0                _log_link_list_end = .

tracing_backend_area
                0x00000000001034a0        0x0
                0x00000000001034a0                _tracing_backend_list_start = .
 *(SORT_BY_NAME(SORT_BY_ALIGNMENT(._tracing_backend.static.*)))
                0x00000000001034a0                _tracing_backend_list_end = .

zephyr_dbg_info
 *(SORT_BY_ALIGNMENT(.dbg_thread_info))

symbol_to_keep  0x00000000001034a0        0x0
                0x00000000001034a0                __symbol_to_keep_start = .
 *(SORT_BY_NAME(SORT_BY_ALIGNMENT(.symbol_to_keep*)))
                0x00000000001034a0                __symbol_to_keep_end = .

shell_area      0x00000000001034a0        0x0
                0x00000000001034a0                _shell_list_start = .
 *(SORT_BY_NAME(SORT_BY_ALIGNMENT(._shell.static.*)))
                0x00000000001034a0                _shell_list_end = .

shell_root_cmds_area
                0x00000000001034a0        0x0
                0x00000000001034a0                _shell_root_cmds_list_start = .
 *(SORT_BY_NAME(SORT_BY_ALIGNMENT(._shell_root_cmds.static.*)))
                0x00000000001034a0                _shell_root_cmds_list_end = .

shell_subcmds_area
                0x00000000001034a0        0x0
                0x00000000001034a0                _shell_subcmds_list_start = .
 *(SORT_BY_NAME(SORT_BY_ALIGNMENT(._shell_subcmds.static.*)))
                0x00000000001034a0                _shell_subcmds_list_end = .

shell_dynamic_subcmds_area
                0x00000000001034a0        0x0
                0x00000000001034a0                _shell_dynamic_subcmds_list_start = .
 *(SORT_BY_NAME(SORT_BY_ALIGNMENT(._shell_dynamic_subcmds.static.*)))
                0x00000000001034a0                _shell_dynamic_subcmds_list_end = .

cfb_font_area   0x00000000001034a0        0x0
                0x00000000001034a0                _cfb_font_list_start = .
 *(SORT_BY_NAME(SORT_BY_ALIGNMENT(._cfb_font.static.*)))
                0x00000000001034a0                _cfb_font_list_end = .

tdata           0x00000000001034a0        0x0
 *(SORT_BY_ALIGNMENT(.tdata) SORT_BY_ALIGNMENT(.tdata.*) SORT_BY_ALIGNMENT(.gnu.linkonce.td.*))

tbss            0x00000000001034a0        0x4
 *(SORT_BY_ALIGNMENT(.tbss) SORT_BY_ALIGNMENT(.tbss.*) SORT_BY_ALIGNMENT(.gnu.linkonce.tb.*) SORT_BY_ALIGNMENT(.tcommon))
 .tbss.z_tls_current
                0x00000000001034a0        0x4 zephyr/libzephyr.a(thread_entry.c.obj)
                0x00000000001034a0                z_tls_current
                0x00000000001034a0                PROVIDE (__tdata_start = LOADADDR (tdata))
                0x0000000000000001                PROVIDE (__tdata_align = ALIGNOF (tdata))
                0x0000000000000000                PROVIDE (__tdata_size = (((SIZEOF (tdata) + __tdata_align) - 0x1) & ~ ((__tdata_align - 0x1))))
                [!provide]                        PROVIDE (__tdata_end = (__tdata_start + __tdata_size))
                0x0000000000000004                PROVIDE (__tbss_align = ALIGNOF (tbss))
                [!provide]                        PROVIDE (__tbss_start = ADDR (tbss))
                0x0000000000000004                PROVIDE (__tbss_size = (((SIZEOF (tbss) + __tbss_align) - 0x1) & ~ ((__tbss_align - 0x1))))
                [!provide]                        PROVIDE (__tbss_end = (__tbss_start + __tbss_size))
                [!provide]                        PROVIDE (__tls_start = __tdata_start)
                [!provide]                        PROVIDE (__tls_end = __tbss_end)
                [!provide]                        PROVIDE (__tls_size = (__tbss_end - __tdata_start))

rodata          0x00000000001034a0      0x3ec
 *(SORT_BY_ALIGNMENT(.rodata))
 *(SORT_BY_ALIGNMENT(.rodata.*))
 .rodata.dts_ord_36_cfg
                0x00000000001034a0        0xc zephyr/libzephyr.a(soc.c.obj)
 .rodata.dts_ord_11_cfg
                0x00000000001034ac        0xc zephyr/libzephyr.a(soc.c.obj)
 .rodata.dts_ord_15_cfg
                0x00000000001034b8        0xc zephyr/libzephyr.a(soc.c.obj)
 .rodata.mem_attr_region
                0x00000000001034c4        0x0 zephyr/libzephyr.a(mem_attr.c.obj)
 .rodata.static_regions
                0x00000000001034c4        0xc zephyr/arch/arch/arm/core/mpu/libarch__arm__core__mpu.a(arm_core_mpu.c.obj)
 .rodata.mpu_config
                0x00000000001034d0        0x8 zephyr/arch/arch/arm/core/mpu/libarch__arm__core__mpu.a(arm_mpu_regions.c.obj)
                0x00000000001034d0                mpu_config
 .rodata.mpu_regions
                0x00000000001034d8       0x20 zephyr/arch/arch/arm/core/mpu/libarch__arm__core__mpu.a(arm_mpu_regions.c.obj)
 .rodata.gpio_cmsdk_port_3_config
                0x00000000001034f8       0x24 zephyr/drivers/gpio/libdrivers__gpio.a(gpio_cmsdk_ahb.c.obj)
 .rodata.gpio_cmsdk_port_2_config
                0x000000000010351c       0x24 zephyr/drivers/gpio/libdrivers__gpio.a(gpio_cmsdk_ahb.c.obj)
 .rodata.gpio_cmsdk_port_1_config
                0x0000000000103540       0x24 zephyr/drivers/gpio/libdrivers__gpio.a(gpio_cmsdk_ahb.c.obj)
 .rodata.gpio_cmsdk_port_0_config
                0x0000000000103564       0x24 zephyr/drivers/gpio/libdrivers__gpio.a(gpio_cmsdk_ahb.c.obj)
 .rodata.gpio_cmsdk_ahb_drv_api_funcs
                0x0000000000103588       0x24 zephyr/drivers/gpio/libdrivers__gpio.a(gpio_cmsdk_ahb.c.obj)
 .rodata.gpio_mmio32_api
                0x00000000001035ac       0x24 zephyr/drivers/gpio/libdrivers__gpio.a(gpio_mmio32.c.obj)
                0x00000000001035ac                gpio_mmio32_api
 .rodata.uart_cmsdk_apb_dev_cfg_4
                0x00000000001035d0        0xc zephyr/drivers/serial/libdrivers__serial.a(uart_cmsdk_apb.c.obj)
 .rodata.uart_cmsdk_apb_dev_cfg_3
                0x00000000001035dc        0xc zephyr/drivers/serial/libdrivers__serial.a(uart_cmsdk_apb.c.obj)
 .rodata.uart_cmsdk_apb_dev_cfg_2
                0x00000000001035e8        0xc zephyr/drivers/serial/libdrivers__serial.a(uart_cmsdk_apb.c.obj)
 .rodata.uart_cmsdk_apb_dev_cfg_1
                0x00000000001035f4        0xc zephyr/drivers/serial/libdrivers__serial.a(uart_cmsdk_apb.c.obj)
 .rodata.uart_cmsdk_apb_dev_cfg_0
                0x0000000000103600        0xc zephyr/drivers/serial/libdrivers__serial.a(uart_cmsdk_apb.c.obj)
 .rodata.uart_cmsdk_apb_driver_api
                0x000000000010360c       0x4c zephyr/drivers/serial/libdrivers__serial.a(uart_cmsdk_apb.c.obj)
 .rodata.levels.0
                0x0000000000103658       0x18 zephyr/kernel/libkernel.a(init.c.obj)
 .rodata.tfm_psa_crypto_rng.str1.1
                0x0000000000103670       0x2b app/libapp.a(main.c.obj)
                                         0x2d (size before relaxing)
 .rodata.main.str1.1
                0x000000000010369b       0xee app/libapp.a(main.c.obj)
 .rodata.str1.1
                0x0000000000103789       0x39 zephyr/libzephyr.a(soc.c.obj)
 .rodata.str1.1
                0x00000000001037c2        0xf zephyr/arch/arch/arm/core/mpu/libarch__arm__core__mpu.a(arm_mpu_regions.c.obj)
 .rodata.str1.1
                0x00000000001037d1       0x30 zephyr/drivers/gpio/libdrivers__gpio.a(gpio_cmsdk_ahb.c.obj)
 .rodata.str1.1
                0x0000000000103801       0x3c zephyr/drivers/serial/libdrivers__serial.a(uart_cmsdk_apb.c.obj)
 .rodata.z_cstart.str1.1
                0x000000000010383d        0x5 zephyr/kernel/libkernel.a(init.c.obj)
 .rodata.boot_banner.str1.1
                0x0000000000103842       0x3b zephyr/kernel/libkernel.a(banner.c.obj)
 .rodata.__l_vfprintf.str1.1
                0x000000000010387d        0xf /home/shared/zephyr-sdk-0.16.5-1/arm-zephyr-eabi/bin/../lib/gcc/../../picolibc/arm-zephyr-eabi/lib/thumb/v8-m.main/nofp/libc.a(libc_tinystdio_vflprintf.c.o)
 *(SORT_BY_ALIGNMENT(.gnu.linkonce.r.*))
                0x000000000010388c                . = ALIGN (0x4)
                0x000000000010388c                __rodata_region_end = .
                0x00000000001038a0                . = ALIGN (_region_min_align)
                0x00000000001038a0                __rom_region_end = ((__rom_region_start + .) - ADDR (rom_start))

/DISCARD/
 *(SORT_BY_ALIGNMENT(.got.plt))
 *(SORT_BY_ALIGNMENT(.igot.plt))
 *(SORT_BY_ALIGNMENT(.got))
 *(SORT_BY_ALIGNMENT(.igot))
                0x0000000028100000                . = 0x28100000
                0x0000000028100000                . = ALIGN (_region_min_align)
                0x0000000028100000                _image_ram_start = .

.ramfunc        0x0000000028100000        0x0 load address 0x000000000010388c
                0x0000000028100000                . = ALIGN (_region_min_align)
                0x0000000028100000                __ramfunc_start = .
 *(SORT_BY_ALIGNMENT(.ramfunc))
 *(SORT_BY_ALIGNMENT(.ramfunc.*))
                0x0000000028100000                . = ALIGN (_region_min_align)
                0x0000000028100000                __ramfunc_end = .
                0x0000000000000000                __ramfunc_size = (__ramfunc_end - __ramfunc_start)
                0x000000000010388c                __ramfunc_load_start = LOADADDR (.ramfunc)

datas           0x0000000028100000       0xd4 load address 0x000000000010388c
                0x0000000028100000                __data_region_start = .
                0x0000000028100000                __data_start = .
 *(SORT_BY_ALIGNMENT(.data))
 *(SORT_BY_ALIGNMENT(.data.*))
 .data._char_out
                0x0000000028100000        0x4 zephyr/libzephyr.a(printk.c.obj)
                0x0000000028100000                _char_out
 .data.handler  0x0000000028100004        0x4 zephyr/arch/arch/arm/core/libarch__arm__core.a(nmi.c.obj)
 .data.__stdout
                0x0000000028100008       0x10 zephyr/lib/libc/picolibc/liblib__libc__picolibc.a(libc-hooks.c.obj)
 .data.uart_cmsdk_apb_dev_data_4
                0x0000000028100018       0x24 zephyr/drivers/serial/libdrivers__serial.a(uart_cmsdk_apb.c.obj)
 .data.uart_cmsdk_apb_dev_data_3
                0x000000002810003c       0x24 zephyr/drivers/serial/libdrivers__serial.a(uart_cmsdk_apb.c.obj)
 .data.uart_cmsdk_apb_dev_data_2
                0x0000000028100060       0x24 zephyr/drivers/serial/libdrivers__serial.a(uart_cmsdk_apb.c.obj)
 .data.uart_cmsdk_apb_dev_data_1
                0x0000000028100084       0x24 zephyr/drivers/serial/libdrivers__serial.a(uart_cmsdk_apb.c.obj)
 .data.uart_cmsdk_apb_dev_data_0
                0x00000000281000a8       0x24 zephyr/drivers/serial/libdrivers__serial.a(uart_cmsdk_apb.c.obj)
 .data.timeout_list
                0x00000000281000cc        0x8 zephyr/kernel/libkernel.a(timeout.c.obj)
 *(SORT_BY_ALIGNMENT(.kernel.*))
                0x00000000281000d4                __data_end = .
                0x00000000000000d4                __data_size = (__data_end - __data_start)
                0x000000000010388c                __data_load_start = LOADADDR (datas)
                0x000000000010388c                __data_region_load_start = LOADADDR (datas)

device_states   0x00000000281000d4       0x18 load address 0x0000000000103960
                0x00000000281000d4                __device_states_start = .
 *(SORT_BY_ALIGNMENT(.z_devstate))
 .z_devstate    0x00000000281000d4        0x6 zephyr/libzephyr.a(soc.c.obj)
 .z_devstate    0x00000000281000da        0x8 zephyr/drivers/gpio/libdrivers__gpio.a(gpio_cmsdk_ahb.c.obj)
 .z_devstate    0x00000000281000e2        0xa zephyr/drivers/serial/libdrivers__serial.a(uart_cmsdk_apb.c.obj)
 *(SORT_BY_ALIGNMENT(.z_devstate.*))
                0x00000000281000ec                __device_states_end = .

log_mpsc_pbuf_area
                0x00000000281000ec        0x0 load address 0x0000000000103978
                0x00000000281000ec                _log_mpsc_pbuf_list_start = .
 *(SORT_BY_NAME(SORT_BY_ALIGNMENT(._log_mpsc_pbuf.static.*)))
                0x00000000281000ec                _log_mpsc_pbuf_list_end = .

log_msg_ptr_area
                0x00000000281000ec        0x0 load address 0x0000000000103978
                0x00000000281000ec                _log_msg_ptr_list_start = .
 *(SORT_BY_NAME(SORT_BY_ALIGNMENT(._log_msg_ptr.static.*)))
                0x00000000281000ec                _log_msg_ptr_list_end = .

log_dynamic_area
                0x00000000281000ec        0x0 load address 0x0000000000103978
                0x00000000281000ec                _log_dynamic_list_start = .
 *(SORT_BY_NAME(SORT_BY_ALIGNMENT(._log_dynamic.static.*)))
                0x00000000281000ec                _log_dynamic_list_end = .

k_timer_area    0x00000000281000ec        0x0 load address 0x0000000000103978
                0x00000000281000ec                _k_timer_list_start = .
 *(SORT_BY_NAME(SORT_BY_ALIGNMENT(._k_timer.static.*)))
                0x00000000281000ec                _k_timer_list_end = .

k_mem_slab_area
                0x00000000281000ec        0x0 load address 0x0000000000103978
                0x00000000281000ec                _k_mem_slab_list_start = .
 *(SORT_BY_NAME(SORT_BY_ALIGNMENT(._k_mem_slab.static.*)))
                0x00000000281000ec                _k_mem_slab_list_end = .

k_heap_area     0x00000000281000ec       0x14 load address 0x0000000000103978
                0x00000000281000ec                _k_heap_list_start = .
 *(SORT_BY_NAME(SORT_BY_ALIGNMENT(._k_heap.static.*)))
 ._k_heap.static._system_heap_
                0x00000000281000ec       0x14 zephyr/kernel/libkernel.a(mempool.c.obj)
                0x00000000281000ec                _system_heap
                0x0000000028100100                _k_heap_list_end = .

k_mutex_area    0x0000000028100100       0x14 load address 0x000000000010398c
                0x0000000028100100                _k_mutex_list_start = .
 *(SORT_BY_NAME(SORT_BY_ALIGNMENT(._k_mutex.static.*)))
 ._k_mutex.static.tfm_mutex_
                0x0000000028100100       0x14 modules/trusted-firmware-m/libtfm_api.a(interface.c.obj)
                0x0000000028100100                tfm_mutex
                0x0000000028100114                _k_mutex_list_end = .

k_stack_area    0x0000000028100114        0x0 load address 0x00000000001039a0
                0x0000000028100114                _k_stack_list_start = .
 *(SORT_BY_NAME(SORT_BY_ALIGNMENT(._k_stack.static.*)))
                0x0000000028100114                _k_stack_list_end = .

k_msgq_area     0x0000000028100114        0x0 load address 0x00000000001039a0
                0x0000000028100114                _k_msgq_list_start = .
 *(SORT_BY_NAME(SORT_BY_ALIGNMENT(._k_msgq.static.*)))
                0x0000000028100114                _k_msgq_list_end = .

k_mbox_area     0x0000000028100114        0x0 load address 0x00000000001039a0
                0x0000000028100114                _k_mbox_list_start = .
 *(SORT_BY_NAME(SORT_BY_ALIGNMENT(._k_mbox.static.*)))
                0x0000000028100114                _k_mbox_list_end = .

k_pipe_area     0x0000000028100114        0x0 load address 0x00000000001039a0
                0x0000000028100114                _k_pipe_list_start = .
 *(SORT_BY_NAME(SORT_BY_ALIGNMENT(._k_pipe.static.*)))
                0x0000000028100114                _k_pipe_list_end = .

k_sem_area      0x0000000028100114        0x0 load address 0x00000000001039a0
                0x0000000028100114                _k_sem_list_start = .
 *(SORT_BY_NAME(SORT_BY_ALIGNMENT(._k_sem.static.*)))
                0x0000000028100114                _k_sem_list_end = .

k_event_area    0x0000000028100114        0x0 load address 0x00000000001039a0
                0x0000000028100114                _k_event_list_start = .
 *(SORT_BY_NAME(SORT_BY_ALIGNMENT(._k_event.static.*)))
                0x0000000028100114                _k_event_list_end = .

k_queue_area    0x0000000028100114        0x0 load address 0x00000000001039a0
                0x0000000028100114                _k_queue_list_start = .
 *(SORT_BY_NAME(SORT_BY_ALIGNMENT(._k_queue.static.*)))
                0x0000000028100114                _k_queue_list_end = .

k_fifo_area     0x0000000028100114        0x0 load address 0x00000000001039a0
                0x0000000028100114                _k_fifo_list_start = .
 *(SORT_BY_NAME(SORT_BY_ALIGNMENT(._k_fifo.static.*)))
                0x0000000028100114                _k_fifo_list_end = .

k_lifo_area     0x0000000028100114        0x0 load address 0x00000000001039a0
                0x0000000028100114                _k_lifo_list_start = .
 *(SORT_BY_NAME(SORT_BY_ALIGNMENT(._k_lifo.static.*)))
                0x0000000028100114                _k_lifo_list_end = .

k_condvar_area  0x0000000028100114        0x0 load address 0x00000000001039a0
                0x0000000028100114                _k_condvar_list_start = .
 *(SORT_BY_NAME(SORT_BY_ALIGNMENT(._k_condvar.static.*)))
                0x0000000028100114                _k_condvar_list_end = .

sys_mem_blocks_ptr_area
                0x0000000028100114        0x0 load address 0x00000000001039a0
                0x0000000028100114                _sys_mem_blocks_ptr_list_start = .
 *(SORT_BY_NAME(SORT_BY_ALIGNMENT(._sys_mem_blocks_ptr.static.*)))
                0x0000000028100114                _sys_mem_blocks_ptr_list_end = .

net_buf_pool_area
                0x0000000028100114        0x0 load address 0x00000000001039a0
                0x0000000028100114                _net_buf_pool_list_start = .
 *(SORT_BY_NAME(SORT_BY_ALIGNMENT(._net_buf_pool.static.*)))
                0x0000000028100114                _net_buf_pool_list_end = .
                0x0000000028100114                __data_region_end = .

bss             0x0000000028100118      0x257
                0x0000000028100118                . = ALIGN (0x4)
                0x0000000028100118                __bss_start = .
                0x0000000028100118                __kernel_ram_start = .
 *(SORT_BY_ALIGNMENT(.bss))
 *(SORT_BY_ALIGNMENT(.bss.*))
 .bss.z_idle_threads
                0x0000000028100118       0x80 zephyr/kernel/libkernel.a(init.c.obj)
                0x0000000028100118                z_idle_threads
 .bss.z_main_thread
                0x0000000028100198       0x80 zephyr/kernel/libkernel.a(init.c.obj)
                0x0000000028100198                z_main_thread
 .bss._thread_dummy
                0x0000000028100218       0x80 zephyr/kernel/libkernel.a(sched.c.obj)
                0x0000000028100218                _thread_dummy
 .bss.slice_timeouts
                0x0000000028100298       0x18 zephyr/kernel/libkernel.a(timeslicing.c.obj)
 .bss.curr_tick
                0x00000000281002b0        0x8 zephyr/kernel/libkernel.a(timeout.c.obj)
 .bss.dts_ord_36_ctx
                0x00000000281002b8        0x8 zephyr/libzephyr.a(soc.c.obj)
 .bss.dts_ord_11_ctx
                0x00000000281002c0        0x8 zephyr/libzephyr.a(soc.c.obj)
 .bss.dts_ord_15_ctx
                0x00000000281002c8        0x8 zephyr/libzephyr.a(soc.c.obj)
 .bss.z_arm_tls_ptr
                0x00000000281002d0        0x4 zephyr/arch/arch/arm/core/libarch__arm__core.a(tls.c.obj)
                0x00000000281002d0                z_arm_tls_ptr
 .bss.dyn_reg_info
                0x00000000281002d4       0x14 zephyr/arch/arch/arm/core/mpu/libarch__arm__core__mpu.a(arm_mpu.c.obj)
 .bss._stdout_hook
                0x00000000281002e8        0x4 zephyr/lib/libc/picolibc/liblib__libc__picolibc.a(libc-hooks.c.obj)
 .bss.z_malloc_heap
                0x00000000281002ec        0xc zephyr/lib/libc/common/liblib__libc__common.a(malloc.c.obj)
 .bss.gpio_cmsdk_port_3_data
                0x00000000281002f8        0xc zephyr/drivers/gpio/libdrivers__gpio.a(gpio_cmsdk_ahb.c.obj)
 .bss.gpio_cmsdk_port_2_data
                0x0000000028100304        0xc zephyr/drivers/gpio/libdrivers__gpio.a(gpio_cmsdk_ahb.c.obj)
 .bss.gpio_cmsdk_port_1_data
                0x0000000028100310        0xc zephyr/drivers/gpio/libdrivers__gpio.a(gpio_cmsdk_ahb.c.obj)
 .bss.gpio_cmsdk_port_0_data
                0x000000002810031c        0xc zephyr/drivers/gpio/libdrivers__gpio.a(gpio_cmsdk_ahb.c.obj)
 .bss.overflow_cyc
                0x0000000028100328        0x4 zephyr/drivers/timer/libdrivers__timer.a(cortex_m_systick.c.obj)
 .bss.announced_cycles
                0x000000002810032c        0x4 zephyr/drivers/timer/libdrivers__timer.a(cortex_m_systick.c.obj)
 .bss.cycle_count
                0x0000000028100330        0x4 zephyr/drivers/timer/libdrivers__timer.a(cortex_m_systick.c.obj)
 .bss.last_load
                0x0000000028100334        0x4 zephyr/drivers/timer/libdrivers__timer.a(cortex_m_systick.c.obj)
 .bss._cpus_active
                0x0000000028100338        0x4 zephyr/kernel/libkernel.a(init.c.obj)
                0x0000000028100338                _cpus_active
 .bss._kernel   0x000000002810033c       0x20 zephyr/kernel/libkernel.a(init.c.obj)
                0x000000002810033c                _kernel
 .bss.pending_current
                0x000000002810035c        0x4 zephyr/kernel/libkernel.a(timeslicing.c.obj)
                0x000000002810035c                pending_current
 .bss.slice_max_prio
                0x0000000028100360        0x4 zephyr/kernel/libkernel.a(timeslicing.c.obj)
 .bss.slice_ticks
                0x0000000028100364        0x4 zephyr/kernel/libkernel.a(timeslicing.c.obj)
 .bss.announce_remaining
                0x0000000028100368        0x4 zephyr/kernel/libkernel.a(timeout.c.obj)
 .bss.static_regions_num
                0x000000002810036c        0x1 zephyr/arch/arch/arm/core/mpu/libarch__arm__core__mpu.a(arm_mpu.c.obj)
 .bss.z_sys_post_kernel
                0x000000002810036d        0x1 zephyr/kernel/libkernel.a(init.c.obj)
                0x000000002810036d                z_sys_post_kernel
 .bss.lock      0x000000002810036e        0x0 zephyr/kernel/libkernel.a(mutex.c.obj)
 .bss._sched_spinlock
                0x000000002810036e        0x0 zephyr/kernel/libkernel.a(sched.c.obj)
                0x000000002810036e                _sched_spinlock
 .bss.slice_expired
                0x000000002810036e        0x1 zephyr/kernel/libkernel.a(timeslicing.c.obj)
 *(SORT_BY_ALIGNMENT(COMMON))
 *(SORT_BY_ALIGNMENT(.kernel_bss.*))
                0x0000000028100370                __bss_end = ALIGN (0x4)

noinit          0x0000000028100370     0x2900
 *(SORT_BY_ALIGNMENT(.noinit))
 *(SORT_BY_ALIGNMENT(.noinit.*))
 .noinit."WEST_TOPDIR/zephyr/kernel/init.c".2
                0x0000000028100370      0x800 zephyr/kernel/libkernel.a(init.c.obj)
                0x0000000028100370                z_interrupt_stacks
 .noinit."WEST_TOPDIR/zephyr/kernel/init.c".1
                0x0000000028100b70      0x100 zephyr/kernel/libkernel.a(init.c.obj)
 .noinit."WEST_TOPDIR/zephyr/kernel/init.c".0
                0x0000000028100c70     0x1000 zephyr/kernel/libkernel.a(init.c.obj)
                0x0000000028100c70                z_main_stack
 .noinit."WEST_TOPDIR/zephyr/kernel/mempool.c".kheap_buf__system_heap
                0x0000000028101c70     0x1000 zephyr/kernel/libkernel.a(mempool.c.obj)
                0x0000000028101c70                kheap__system_heap
 *(SORT_BY_ALIGNMENT(.kernel_noinit.*))
                0x0000000028180000                __kernel_ram_end = 0x28180000
                0x000000000007fee8                __kernel_ram_size = (__kernel_ram_end - __kernel_ram_start)

/DISCARD/
 *(SORT_BY_ALIGNMENT(.irq_info*))
 *(SORT_BY_ALIGNMENT(.intList*))

.last_ram_section
                0x0000000028102c70        0x0
                0x0000000028102c70                _image_ram_end = .
                0x0000000000002c70                _image_ram_size = (_image_ram_end - _image_ram_start)
                0x0000000028102c70                _end = .
                0x0000000028102c70                z_mapped_end = .

.stab
 *(SORT_BY_ALIGNMENT(.stab))

.stabstr
 *(SORT_BY_ALIGNMENT(.stabstr))

.stab.excl
 *(SORT_BY_ALIGNMENT(.stab.excl))

.stab.exclstr
 *(SORT_BY_ALIGNMENT(.stab.exclstr))

.stab.index
 *(SORT_BY_ALIGNMENT(.stab.index))

.stab.indexstr
 *(SORT_BY_ALIGNMENT(.stab.indexstr))

.gnu.build.attributes
 *(SORT_BY_ALIGNMENT(.gnu.build.attributes) SORT_BY_ALIGNMENT(.gnu.build.attributes.*))

.comment        0x0000000000000000       0x22
 *(SORT_BY_ALIGNMENT(.comment))
 .comment       0x0000000000000000       0x22 zephyr/CMakeFiles/zephyr_final.dir/isr_tables.c.obj
                                         0x23 (size before relaxing)
 .comment       0x0000000000000022       0x23 zephyr/CMakeFiles/offsets.dir/./arch/arm/core/offsets/offsets.c.obj
 .comment       0x0000000000000022       0x23 app/libapp.a(main.c.obj)
 .comment       0x0000000000000022       0x23 zephyr/libzephyr.a(heap.c.obj)
 .comment       0x0000000000000022       0x23 zephyr/libzephyr.a(printk.c.obj)
 .comment       0x0000000000000022       0x23 zephyr/libzephyr.a(thread_entry.c.obj)
 .comment       0x0000000000000022       0x23 zephyr/libzephyr.a(configs.c.obj)
 .comment       0x0000000000000022       0x23 zephyr/libzephyr.a(soc.c.obj)
 .comment       0x0000000000000022       0x23 zephyr/libzephyr.a(mem_attr.c.obj)
 .comment       0x0000000000000022       0x23 zephyr/arch/arch/arm/core/libarch__arm__core.a(fatal.c.obj)
 .comment       0x0000000000000022       0x23 zephyr/arch/arch/arm/core/libarch__arm__core.a(nmi.c.obj)
 .comment       0x0000000000000022       0x23 zephyr/arch/arch/arm/core/libarch__arm__core.a(tls.c.obj)
 .comment       0x0000000000000022       0x23 zephyr/arch/arch/arm/core/cortex_m/libarch__arm__core__cortex_m.a(exc_exit.c.obj)
 .comment       0x0000000000000022       0x23 zephyr/arch/arch/arm/core/cortex_m/libarch__arm__core__cortex_m.a(fault.c.obj)
 .comment       0x0000000000000022       0x23 zephyr/arch/arch/arm/core/cortex_m/libarch__arm__core__cortex_m.a(fpu.c.obj)
 .comment       0x0000000000000022       0x23 zephyr/arch/arch/arm/core/cortex_m/libarch__arm__core__cortex_m.a(scb.c.obj)
 .comment       0x0000000000000022       0x23 zephyr/arch/arch/arm/core/cortex_m/libarch__arm__core__cortex_m.a(thread_abort.c.obj)
 .comment       0x0000000000000022       0x23 zephyr/arch/arch/arm/core/cortex_m/libarch__arm__core__cortex_m.a(swap.c.obj)
 .comment       0x0000000000000022       0x23 zephyr/arch/arch/arm/core/cortex_m/libarch__arm__core__cortex_m.a(irq_manage.c.obj)
 .comment       0x0000000000000022       0x23 zephyr/arch/arch/arm/core/cortex_m/libarch__arm__core__cortex_m.a(prep_c.c.obj)
 .comment       0x0000000000000022       0x23 zephyr/arch/arch/arm/core/cortex_m/libarch__arm__core__cortex_m.a(thread.c.obj)
 .comment       0x0000000000000022       0x23 zephyr/arch/arch/arm/core/cortex_m/libarch__arm__core__cortex_m.a(cpu_idle.c.obj)
 .comment       0x0000000000000022       0x23 zephyr/arch/arch/arm/core/cortex_m/libarch__arm__core__cortex_m.a(irq_init.c.obj)
 .comment       0x0000000000000022       0x23 zephyr/arch/arch/arm/core/cortex_m/libarch__arm__core__cortex_m.a(isr_wrapper.c.obj)
 .comment       0x0000000000000022       0x23 zephyr/arch/arch/arm/core/cortex_m/cmse/libarch__arm__core__cortex_m__cmse.a(arm_core_cmse.c.obj)
 .comment       0x0000000000000022       0x23 zephyr/arch/arch/arm/core/mpu/libarch__arm__core__mpu.a(arm_core_mpu.c.obj)
 .comment       0x0000000000000022       0x23 zephyr/arch/arch/arm/core/mpu/libarch__arm__core__mpu.a(arm_mpu.c.obj)
 .comment       0x0000000000000022       0x23 zephyr/arch/arch/arm/core/mpu/libarch__arm__core__mpu.a(arm_mpu_regions.c.obj)
 .comment       0x0000000000000022       0x23 zephyr/lib/libc/picolibc/liblib__libc__picolibc.a(libc-hooks.c.obj)
 .comment       0x0000000000000022       0x23 zephyr/lib/libc/common/liblib__libc__common.a(malloc.c.obj)
 .comment       0x0000000000000022       0x23 zephyr/boards/arm/mps2/libboards__arm__mps2.a(pinmux.c.obj)
 .comment       0x0000000000000022       0x23 zephyr/drivers/console/libdrivers__console.a(uart_console.c.obj)
 .comment       0x0000000000000022       0x23 zephyr/drivers/gpio/libdrivers__gpio.a(gpio_cmsdk_ahb.c.obj)
 .comment       0x0000000000000022       0x23 zephyr/drivers/gpio/libdrivers__gpio.a(gpio_mmio32.c.obj)
 .comment       0x0000000000000022       0x23 zephyr/drivers/serial/libdrivers__serial.a(uart_cmsdk_apb.c.obj)
 .comment       0x0000000000000022       0x23 zephyr/drivers/timer/libdrivers__timer.a(cortex_m_systick.c.obj)
 .comment       0x0000000000000022       0x23 modules/mbedtls/libmbedTLSBase.a(zephyr_init.c.obj)
 .comment       0x0000000000000022       0x23 modules/trusted-firmware-m/libtfm_api.a(interface.c.obj)
 .comment       0x0000000000000022       0x23 modules/trusted-firmware-m/libtfm_api.a(tfm_crypto_api.c.obj)
 .comment       0x0000000000000022       0x23 modules/trusted-firmware-m/libtfm_api.a(tfm_tz_psa_ns_api.c.obj)
 .comment       0x0000000000000022       0x23 zephyr/kernel/libkernel.a(device.c.obj)
 .comment       0x0000000000000022       0x23 zephyr/kernel/libkernel.a(fatal.c.obj)
 .comment       0x0000000000000022       0x23 zephyr/kernel/libkernel.a(init.c.obj)
 .comment       0x0000000000000022       0x23 zephyr/kernel/libkernel.a(idle.c.obj)
 .comment       0x0000000000000022       0x23 zephyr/kernel/libkernel.a(mutex.c.obj)
 .comment       0x0000000000000022       0x23 zephyr/kernel/libkernel.a(thread.c.obj)
 .comment       0x0000000000000022       0x23 zephyr/kernel/libkernel.a(sched.c.obj)
 .comment       0x0000000000000022       0x23 zephyr/kernel/libkernel.a(timeslicing.c.obj)
 .comment       0x0000000000000022       0x23 zephyr/kernel/libkernel.a(xip.c.obj)
 .comment       0x0000000000000022       0x23 zephyr/kernel/libkernel.a(timeout.c.obj)
 .comment       0x0000000000000022       0x23 zephyr/kernel/libkernel.a(mempool.c.obj)
 .comment       0x0000000000000022       0x23 zephyr/kernel/libkernel.a(banner.c.obj)
 .comment       0x0000000000000022       0x23 zephyr/kernel/libkernel.a(kheap.c.obj)

.debug
 *(SORT_BY_ALIGNMENT(.debug))

.line
 *(SORT_BY_ALIGNMENT(.line))

.debug_srcinfo
 *(SORT_BY_ALIGNMENT(.debug_srcinfo))

.debug_sfnames
 *(SORT_BY_ALIGNMENT(.debug_sfnames))

.debug_aranges  0x0000000000000000     0x1148
 *(SORT_BY_ALIGNMENT(.debug_aranges))
 .debug_aranges
                0x0000000000000000       0x20 zephyr/arch/arch/arm/core/libarch__arm__core.a(nmi_on_reset.S.obj)
 .debug_aranges
                0x0000000000000020       0x20 zephyr/arch/arch/arm/core/cortex_m/libarch__arm__core__cortex_m.a(fault_s.S.obj)
 .debug_aranges
                0x0000000000000040       0x20 zephyr/arch/arch/arm/core/cortex_m/libarch__arm__core__cortex_m.a(reset.S.obj)
 .debug_aranges
                0x0000000000000060       0x28 zephyr/arch/arch/arm/core/cortex_m/libarch__arm__core__cortex_m.a(swap_helper.S.obj)
 .debug_aranges
                0x0000000000000088       0x20 zephyr/arch/arch/arm/core/cortex_m/libarch__arm__core__cortex_m.a(__aeabi_read_tp.S.obj)
 .debug_aranges
                0x00000000000000a8       0x18 zephyr/CMakeFiles/zephyr_final.dir/isr_tables.c.obj
 .debug_aranges
                0x00000000000000c0       0x20 zephyr/CMakeFiles/offsets.dir/./arch/arm/core/offsets/offsets.c.obj
 .debug_aranges
                0x00000000000000e0       0x28 app/libapp.a(main.c.obj)
 .debug_aranges
                0x0000000000000108       0xb8 zephyr/libzephyr.a(heap.c.obj)
 .debug_aranges
                0x00000000000001c0       0x50 zephyr/libzephyr.a(printk.c.obj)
 .debug_aranges
                0x0000000000000210       0x20 zephyr/libzephyr.a(thread_entry.c.obj)
 .debug_aranges
                0x0000000000000230       0x20 zephyr/libzephyr.a(configs.c.obj)
 .debug_aranges
                0x0000000000000250       0x28 zephyr/libzephyr.a(soc.c.obj)
 .debug_aranges
                0x0000000000000278       0x28 zephyr/libzephyr.a(mem_attr.c.obj)
 .debug_aranges
                0x00000000000002a0       0x30 zephyr/arch/arch/arm/core/libarch__arm__core.a(fatal.c.obj)
 .debug_aranges
                0x00000000000002d0       0x28 zephyr/arch/arch/arm/core/libarch__arm__core.a(nmi.c.obj)
 .debug_aranges
                0x00000000000002f8       0x20 zephyr/arch/arch/arm/core/libarch__arm__core.a(tls.c.obj)
 .debug_aranges
                0x0000000000000318       0x20 zephyr/arch/arch/arm/core/cortex_m/libarch__arm__core__cortex_m.a(exc_exit.c.obj)
 .debug_aranges
                0x0000000000000338       0x40 zephyr/arch/arch/arm/core/cortex_m/libarch__arm__core__cortex_m.a(fault.c.obj)
 .debug_aranges
                0x0000000000000378       0x28 zephyr/arch/arch/arm/core/cortex_m/libarch__arm__core__cortex_m.a(fpu.c.obj)
 .debug_aranges
                0x00000000000003a0       0x30 zephyr/arch/arch/arm/core/cortex_m/libarch__arm__core__cortex_m.a(scb.c.obj)
 .debug_aranges
                0x00000000000003d0       0x20 zephyr/arch/arch/arm/core/cortex_m/libarch__arm__core__cortex_m.a(thread_abort.c.obj)
 .debug_aranges
                0x00000000000003f0       0x28 zephyr/arch/arch/arm/core/cortex_m/libarch__arm__core__cortex_m.a(swap.c.obj)
 .debug_aranges
                0x0000000000000418       0x40 zephyr/arch/arch/arm/core/cortex_m/libarch__arm__core__cortex_m.a(irq_manage.c.obj)
 .debug_aranges
                0x0000000000000458       0x20 zephyr/arch/arch/arm/core/cortex_m/libarch__arm__core__cortex_m.a(prep_c.c.obj)
 .debug_aranges
                0x0000000000000478       0x38 zephyr/arch/arch/arm/core/cortex_m/libarch__arm__core__cortex_m.a(thread.c.obj)
 .debug_aranges
                0x00000000000004b0       0x30 zephyr/arch/arch/arm/core/cortex_m/libarch__arm__core__cortex_m.a(cpu_idle.c.obj)
 .debug_aranges
                0x00000000000004e0       0x20 zephyr/arch/arch/arm/core/cortex_m/libarch__arm__core__cortex_m.a(irq_init.c.obj)
 .debug_aranges
                0x0000000000000500       0x20 zephyr/arch/arch/arm/core/cortex_m/libarch__arm__core__cortex_m.a(isr_wrapper.c.obj)
 .debug_aranges
                0x0000000000000520       0x40 zephyr/arch/arch/arm/core/cortex_m/cmse/libarch__arm__core__cortex_m__cmse.a(arm_core_cmse.c.obj)
 .debug_aranges
                0x0000000000000560       0x28 zephyr/arch/arch/arm/core/mpu/libarch__arm__core__mpu.a(arm_core_mpu.c.obj)
 .debug_aranges
                0x0000000000000588       0x68 zephyr/arch/arch/arm/core/mpu/libarch__arm__core__mpu.a(arm_mpu.c.obj)
 .debug_aranges
                0x00000000000005f0       0x18 zephyr/arch/arch/arm/core/mpu/libarch__arm__core__mpu.a(arm_mpu_regions.c.obj)
 .debug_aranges
                0x0000000000000608       0xb0 zephyr/lib/libc/picolibc/liblib__libc__picolibc.a(libc-hooks.c.obj)
 .debug_aranges
                0x00000000000006b8       0x60 zephyr/lib/libc/common/liblib__libc__common.a(malloc.c.obj)
 .debug_aranges
                0x0000000000000718       0x20 zephyr/boards/arm/mps2/libboards__arm__mps2.a(pinmux.c.obj)
 .debug_aranges
                0x0000000000000738       0x30 zephyr/drivers/console/libdrivers__console.a(uart_console.c.obj)
 .debug_aranges
                0x0000000000000768       0x88 zephyr/drivers/gpio/libdrivers__gpio.a(gpio_cmsdk_ahb.c.obj)
 .debug_aranges
                0x00000000000007f0       0x50 zephyr/drivers/gpio/libdrivers__gpio.a(gpio_mmio32.c.obj)
 .debug_aranges
                0x0000000000000840       0xd0 zephyr/drivers/serial/libdrivers__serial.a(uart_cmsdk_apb.c.obj)
 .debug_aranges
                0x0000000000000910       0x58 zephyr/drivers/timer/libdrivers__timer.a(cortex_m_systick.c.obj)
 .debug_aranges
                0x0000000000000968       0x30 modules/mbedtls/libmbedTLSBase.a(zephyr_init.c.obj)
 .debug_aranges
                0x0000000000000998       0x30 modules/trusted-firmware-m/libtfm_api.a(interface.c.obj)
 .debug_aranges
                0x00000000000009c8      0x228 modules/trusted-firmware-m/libtfm_api.a(tfm_crypto_api.c.obj)
 .debug_aranges
                0x0000000000000bf0       0x40 modules/trusted-firmware-m/libtfm_api.a(tfm_tz_psa_ns_api.c.obj)
 .debug_aranges
                0x0000000000000c30       0x38 zephyr/kernel/libkernel.a(device.c.obj)
 .debug_aranges
                0x0000000000000c68       0x60 zephyr/kernel/libkernel.a(fatal.c.obj)
 .debug_aranges
                0x0000000000000cc8       0x68 zephyr/kernel/libkernel.a(init.c.obj)
 .debug_aranges
                0x0000000000000d30       0x30 zephyr/kernel/libkernel.a(idle.c.obj)
 .debug_aranges
                0x0000000000000d60       0x38 zephyr/kernel/libkernel.a(mutex.c.obj)
 .debug_aranges
                0x0000000000000d98       0x88 zephyr/kernel/libkernel.a(thread.c.obj)
 .debug_aranges
                0x0000000000000e20      0x188 zephyr/kernel/libkernel.a(sched.c.obj)
 .debug_aranges
                0x0000000000000fa8       0x40 zephyr/kernel/libkernel.a(timeslicing.c.obj)
 .debug_aranges
                0x0000000000000fe8       0x20 zephyr/kernel/libkernel.a(xip.c.obj)
 .debug_aranges
                0x0000000000001008       0x90 zephyr/kernel/libkernel.a(timeout.c.obj)
 .debug_aranges
                0x0000000000001098       0x50 zephyr/kernel/libkernel.a(mempool.c.obj)
 .debug_aranges
                0x00000000000010e8       0x20 zephyr/kernel/libkernel.a(banner.c.obj)
 .debug_aranges
                0x0000000000001108       0x40 zephyr/kernel/libkernel.a(kheap.c.obj)

.debug_pubnames
 *(SORT_BY_ALIGNMENT(.debug_pubnames))

.debug_info     0x0000000000000000    0x44a92
 *(SORT_BY_ALIGNMENT(.debug_info) SORT_BY_ALIGNMENT(.gnu.linkonce.wi.*))
 .debug_info    0x0000000000000000      0x189 zephyr/CMakeFiles/zephyr_final.dir/isr_tables.c.obj
 .debug_info    0x0000000000000189       0xdc zephyr/CMakeFiles/offsets.dir/./arch/arm/core/offsets/offsets.c.obj
 .debug_info    0x0000000000000265      0x3a2 app/libapp.a(main.c.obj)
 .debug_info    0x0000000000000607     0x2922 zephyr/libzephyr.a(heap.c.obj)
 .debug_info    0x0000000000002f29      0x5e9 zephyr/libzephyr.a(printk.c.obj)
 .debug_info    0x0000000000003512      0x7a2 zephyr/libzephyr.a(thread_entry.c.obj)
 .debug_info    0x0000000000003cb4       0x38 zephyr/libzephyr.a(configs.c.obj)
 .debug_info    0x0000000000003cec      0x6b8 zephyr/libzephyr.a(soc.c.obj)
 .debug_info    0x00000000000043a4      0x2ba zephyr/libzephyr.a(mem_attr.c.obj)
 .debug_info    0x000000000000465e     0x2c22 zephyr/arch/arch/arm/core/libarch__arm__core.a(fatal.c.obj)
 .debug_info    0x0000000000007280      0x1c8 zephyr/arch/arch/arm/core/libarch__arm__core.a(nmi.c.obj)
 .debug_info    0x0000000000007448       0x23 zephyr/arch/arch/arm/core/libarch__arm__core.a(nmi_on_reset.S.obj)
 .debug_info    0x000000000000746b      0x77c zephyr/arch/arch/arm/core/libarch__arm__core.a(tls.c.obj)
 .debug_info    0x0000000000007be7      0x99c zephyr/arch/arch/arm/core/cortex_m/libarch__arm__core__cortex_m.a(exc_exit.c.obj)
 .debug_info    0x0000000000008583     0xb981 zephyr/arch/arch/arm/core/cortex_m/libarch__arm__core__cortex_m.a(fault.c.obj)
 .debug_info    0x0000000000013f04       0x23 zephyr/arch/arch/arm/core/cortex_m/libarch__arm__core__cortex_m.a(fault_s.S.obj)
 .debug_info    0x0000000000013f27      0x146 zephyr/arch/arch/arm/core/cortex_m/libarch__arm__core__cortex_m.a(fpu.c.obj)
 .debug_info    0x000000000001406d       0x23 zephyr/arch/arch/arm/core/cortex_m/libarch__arm__core__cortex_m.a(reset.S.obj)
 .debug_info    0x0000000000014090      0x958 zephyr/arch/arch/arm/core/cortex_m/libarch__arm__core__cortex_m.a(scb.c.obj)
 .debug_info    0x00000000000149e8      0xa43 zephyr/arch/arch/arm/core/cortex_m/libarch__arm__core__cortex_m.a(thread_abort.c.obj)
 .debug_info    0x000000000001542b      0xbee zephyr/arch/arch/arm/core/cortex_m/libarch__arm__core__cortex_m.a(swap.c.obj)
 .debug_info    0x0000000000016019       0x22 zephyr/arch/arch/arm/core/cortex_m/libarch__arm__core__cortex_m.a(swap_helper.S.obj)
 .debug_info    0x000000000001603b      0x99b zephyr/arch/arch/arm/core/cortex_m/libarch__arm__core__cortex_m.a(irq_manage.c.obj)
 .debug_info    0x00000000000169d6      0x578 zephyr/arch/arch/arm/core/cortex_m/libarch__arm__core__cortex_m.a(prep_c.c.obj)
 .debug_info    0x0000000000016f4e      0xade zephyr/arch/arch/arm/core/cortex_m/libarch__arm__core__cortex_m.a(thread.c.obj)
 .debug_info    0x0000000000017a2c      0x62b zephyr/arch/arch/arm/core/cortex_m/libarch__arm__core__cortex_m.a(cpu_idle.c.obj)
 .debug_info    0x0000000000018057      0x644 zephyr/arch/arch/arm/core/cortex_m/libarch__arm__core__cortex_m.a(irq_init.c.obj)
 .debug_info    0x000000000001869b      0x1a3 zephyr/arch/arch/arm/core/cortex_m/libarch__arm__core__cortex_m.a(isr_wrapper.c.obj)
 .debug_info    0x000000000001883e       0x23 zephyr/arch/arch/arm/core/cortex_m/libarch__arm__core__cortex_m.a(__aeabi_read_tp.S.obj)
 .debug_info    0x0000000000018861      0x630 zephyr/arch/arch/arm/core/cortex_m/cmse/libarch__arm__core__cortex_m__cmse.a(arm_core_cmse.c.obj)
 .debug_info    0x0000000000018e91      0x7e0 zephyr/arch/arch/arm/core/mpu/libarch__arm__core__mpu.a(arm_core_mpu.c.obj)
 .debug_info    0x0000000000019671     0x51c2 zephyr/arch/arch/arm/core/mpu/libarch__arm__core__mpu.a(arm_mpu.c.obj)
 .debug_info    0x000000000001e833      0x1b3 zephyr/arch/arch/arm/core/mpu/libarch__arm__core__mpu.a(arm_mpu_regions.c.obj)
 .debug_info    0x000000000001e9e6      0xfcf zephyr/lib/libc/picolibc/liblib__libc__picolibc.a(libc-hooks.c.obj)
 .debug_info    0x000000000001f9b5      0xe54 zephyr/lib/libc/common/liblib__libc__common.a(malloc.c.obj)
 .debug_info    0x0000000000020809      0x494 zephyr/boards/arm/mps2/libboards__arm__mps2.a(pinmux.c.obj)
 .debug_info    0x0000000000020c9d      0x9a8 zephyr/drivers/console/libdrivers__console.a(uart_console.c.obj)
 .debug_info    0x0000000000021645     0x1863 zephyr/drivers/gpio/libdrivers__gpio.a(gpio_cmsdk_ahb.c.obj)
 .debug_info    0x0000000000022ea8      0xdcd zephyr/drivers/gpio/libdrivers__gpio.a(gpio_mmio32.c.obj)
 .debug_info    0x0000000000023c75     0x1458 zephyr/drivers/serial/libdrivers__serial.a(uart_cmsdk_apb.c.obj)
 .debug_info    0x00000000000250cd     0x100b zephyr/drivers/timer/libdrivers__timer.a(cortex_m_systick.c.obj)
 .debug_info    0x00000000000260d8      0x385 modules/mbedtls/libmbedTLSBase.a(zephyr_init.c.obj)
 .debug_info    0x000000000002645d      0xb1d modules/trusted-firmware-m/libtfm_api.a(interface.c.obj)
 .debug_info    0x0000000000026f7a     0x46a4 modules/trusted-firmware-m/libtfm_api.a(tfm_crypto_api.c.obj)
 .debug_info    0x000000000002b61e      0x406 modules/trusted-firmware-m/libtfm_api.a(tfm_tz_psa_ns_api.c.obj)
 .debug_info    0x000000000002ba24      0x343 zephyr/kernel/libkernel.a(device.c.obj)
 .debug_info    0x000000000002bd67     0x2a89 zephyr/kernel/libkernel.a(fatal.c.obj)
 .debug_info    0x000000000002e7f0     0x1ee1 zephyr/kernel/libkernel.a(init.c.obj)
 .debug_info    0x00000000000306d1      0x310 zephyr/kernel/libkernel.a(idle.c.obj)
 .debug_info    0x00000000000309e1     0x5d4e zephyr/kernel/libkernel.a(mutex.c.obj)
 .debug_info    0x000000000003672f     0x24c9 zephyr/kernel/libkernel.a(thread.c.obj)
 .debug_info    0x0000000000038bf8     0x77d6 zephyr/kernel/libkernel.a(sched.c.obj)
 .debug_info    0x00000000000403ce      0xfc0 zephyr/kernel/libkernel.a(timeslicing.c.obj)
 .debug_info    0x000000000004138e      0x142 zephyr/kernel/libkernel.a(xip.c.obj)
 .debug_info    0x00000000000414d0     0x1be4 zephyr/kernel/libkernel.a(timeout.c.obj)
 .debug_info    0x00000000000430b4      0xbaa zephyr/kernel/libkernel.a(mempool.c.obj)
 .debug_info    0x0000000000043c5e       0xc5 zephyr/kernel/libkernel.a(banner.c.obj)
 .debug_info    0x0000000000043d23      0xd6f zephyr/kernel/libkernel.a(kheap.c.obj)

.debug_abbrev   0x0000000000000000     0x989d
 *(SORT_BY_ALIGNMENT(.debug_abbrev))
 .debug_abbrev  0x0000000000000000      0x118 zephyr/CMakeFiles/zephyr_final.dir/isr_tables.c.obj
 .debug_abbrev  0x0000000000000118       0x62 zephyr/CMakeFiles/offsets.dir/./arch/arm/core/offsets/offsets.c.obj
 .debug_abbrev  0x000000000000017a      0x1b4 app/libapp.a(main.c.obj)
 .debug_abbrev  0x000000000000032e      0x449 zephyr/libzephyr.a(heap.c.obj)
 .debug_abbrev  0x0000000000000777      0x30e zephyr/libzephyr.a(printk.c.obj)
 .debug_abbrev  0x0000000000000a85      0x2bc zephyr/libzephyr.a(thread_entry.c.obj)
 .debug_abbrev  0x0000000000000d41       0x2e zephyr/libzephyr.a(configs.c.obj)
 .debug_abbrev  0x0000000000000d6f      0x228 zephyr/libzephyr.a(soc.c.obj)
 .debug_abbrev  0x0000000000000f97      0x142 zephyr/libzephyr.a(mem_attr.c.obj)
 .debug_abbrev  0x00000000000010d9      0x31e zephyr/arch/arch/arm/core/libarch__arm__core.a(fatal.c.obj)
 .debug_abbrev  0x00000000000013f7       0xf5 zephyr/arch/arch/arm/core/libarch__arm__core.a(nmi.c.obj)
 .debug_abbrev  0x00000000000014ec       0x14 zephyr/arch/arch/arm/core/libarch__arm__core.a(nmi_on_reset.S.obj)
 .debug_abbrev  0x0000000000001500      0x2a1 zephyr/arch/arch/arm/core/libarch__arm__core.a(tls.c.obj)
 .debug_abbrev  0x00000000000017a1      0x19f zephyr/arch/arch/arm/core/cortex_m/libarch__arm__core__cortex_m.a(exc_exit.c.obj)
 .debug_abbrev  0x0000000000001940      0x45f zephyr/arch/arch/arm/core/cortex_m/libarch__arm__core__cortex_m.a(fault.c.obj)
 .debug_abbrev  0x0000000000001d9f       0x14 zephyr/arch/arch/arm/core/cortex_m/libarch__arm__core__cortex_m.a(fault_s.S.obj)
 .debug_abbrev  0x0000000000001db3       0xcd zephyr/arch/arch/arm/core/cortex_m/libarch__arm__core__cortex_m.a(fpu.c.obj)
 .debug_abbrev  0x0000000000001e80       0x14 zephyr/arch/arch/arm/core/cortex_m/libarch__arm__core__cortex_m.a(reset.S.obj)
 .debug_abbrev  0x0000000000001e94      0x286 zephyr/arch/arch/arm/core/cortex_m/libarch__arm__core__cortex_m.a(scb.c.obj)
 .debug_abbrev  0x000000000000211a      0x247 zephyr/arch/arch/arm/core/cortex_m/libarch__arm__core__cortex_m.a(thread_abort.c.obj)
 .debug_abbrev  0x0000000000002361      0x2d3 zephyr/arch/arch/arm/core/cortex_m/libarch__arm__core__cortex_m.a(swap.c.obj)
 .debug_abbrev  0x0000000000002634       0x12 zephyr/arch/arch/arm/core/cortex_m/libarch__arm__core__cortex_m.a(swap_helper.S.obj)
 .debug_abbrev  0x0000000000002646      0x27d zephyr/arch/arch/arm/core/cortex_m/libarch__arm__core__cortex_m.a(irq_manage.c.obj)
 .debug_abbrev  0x00000000000028c3      0x18e zephyr/arch/arch/arm/core/cortex_m/libarch__arm__core__cortex_m.a(prep_c.c.obj)
 .debug_abbrev  0x0000000000002a51      0x365 zephyr/arch/arch/arm/core/cortex_m/libarch__arm__core__cortex_m.a(thread.c.obj)
 .debug_abbrev  0x0000000000002db6      0x180 zephyr/arch/arch/arm/core/cortex_m/libarch__arm__core__cortex_m.a(cpu_idle.c.obj)
 .debug_abbrev  0x0000000000002f36      0x159 zephyr/arch/arch/arm/core/cortex_m/libarch__arm__core__cortex_m.a(irq_init.c.obj)
 .debug_abbrev  0x000000000000308f      0x136 zephyr/arch/arch/arm/core/cortex_m/libarch__arm__core__cortex_m.a(isr_wrapper.c.obj)
 .debug_abbrev  0x00000000000031c5       0x14 zephyr/arch/arch/arm/core/cortex_m/libarch__arm__core__cortex_m.a(__aeabi_read_tp.S.obj)
 .debug_abbrev  0x00000000000031d9      0x1b2 zephyr/arch/arch/arm/core/cortex_m/cmse/libarch__arm__core__cortex_m__cmse.a(arm_core_cmse.c.obj)
 .debug_abbrev  0x000000000000338b      0x21f zephyr/arch/arch/arm/core/mpu/libarch__arm__core__mpu.a(arm_core_mpu.c.obj)